Archive member included to satisfy reference by file (symbol)

../BSP\libhal_bsp.a(alt_load.o)
                              ../BSP/obj/HAL/src/crt0.o (alt_load)
../BSP\libhal_bsp.a(alt_main.o)
                              ../BSP/obj/HAL/src/crt0.o (alt_main)
../BSP\libhal_bsp.a(alt_sys_init.o)
                              ../BSP\libhal_bsp.a(alt_main.o) (alt_irq_init)
../BSP\libhal_bsp.a(altera_avalon_jtag_uart_fd.o)
                              ../BSP\libhal_bsp.a(alt_sys_init.o) (altera_avalon_jtag_uart_read_fd)
../BSP\libhal_bsp.a(altera_avalon_jtag_uart_init.o)
                              ../BSP\libhal_bsp.a(alt_sys_init.o) (altera_avalon_jtag_uart_init)
../BSP\libhal_bsp.a(altera_avalon_jtag_uart_ioctl.o)
                              ../BSP\libhal_bsp.a(altera_avalon_jtag_uart_fd.o) (altera_avalon_jtag_uart_ioctl)
../BSP\libhal_bsp.a(altera_avalon_jtag_uart_read.o)
                              ../BSP\libhal_bsp.a(altera_avalon_jtag_uart_fd.o) (altera_avalon_jtag_uart_read)
../BSP\libhal_bsp.a(altera_avalon_jtag_uart_write.o)
                              ../BSP\libhal_bsp.a(altera_avalon_jtag_uart_fd.o) (altera_avalon_jtag_uart_write)
../BSP\libhal_bsp.a(alt_alarm_start.o)
                              ../BSP\libhal_bsp.a(altera_avalon_jtag_uart_init.o) (alt_alarm_start)
../BSP\libhal_bsp.a(alt_close.o)
                              ../BSP\libhal_bsp.a(alt_main.o) (close)
../BSP\libhal_bsp.a(alt_dcache_flush_all.o)
                              ../BSP\libhal_bsp.a(alt_load.o) (alt_dcache_flush_all)
../BSP\libhal_bsp.a(alt_dev.o)
                              ../BSP\libhal_bsp.a(alt_sys_init.o) (alt_dev_list)
../BSP\libhal_bsp.a(alt_dev_llist_insert.o)
                              ../BSP\libhal_bsp.a(alt_sys_init.o) (alt_dev_llist_insert)
../BSP\libhal_bsp.a(alt_do_ctors.o)
                              ../BSP\libhal_bsp.a(alt_main.o) (_do_ctors)
../BSP\libhal_bsp.a(alt_do_dtors.o)
                              ../BSP\libhal_bsp.a(alt_main.o) (_do_dtors)
../BSP\libhal_bsp.a(alt_errno.o)
                              ../BSP\libhal_bsp.a(alt_close.o) (alt_errno)
../BSP\libhal_bsp.a(alt_icache_flush_all.o)
                              ../BSP\libhal_bsp.a(alt_load.o) (alt_icache_flush_all)
../BSP\libhal_bsp.a(alt_iic.o)
                              ../BSP\libhal_bsp.a(altera_avalon_jtag_uart_init.o) (alt_ic_isr_register)
../BSP\libhal_bsp.a(alt_iic_isr_register.o)
                              ../BSP\libhal_bsp.a(alt_iic.o) (alt_iic_isr_register)
../BSP\libhal_bsp.a(alt_io_redirect.o)
                              ../BSP\libhal_bsp.a(alt_main.o) (alt_io_redirect)
../BSP\libhal_bsp.a(alt_irq_entry.o)
                              ../BSP\libhal_bsp.a(alt_iic_isr_register.o) (alt_irq_entry)
../BSP\libhal_bsp.a(alt_irq_handler.o)
                              ../BSP\libhal_bsp.a(alt_iic_isr_register.o) (alt_irq)
../BSP\libhal_bsp.a(alt_irq_vars.o)
                              ../BSP\libhal_bsp.a(alt_iic.o) (alt_irq_active)
../BSP\libhal_bsp.a(alt_open.o)
                              ../BSP\libhal_bsp.a(alt_io_redirect.o) (open)
../BSP\libhal_bsp.a(alt_release_fd.o)
                              ../BSP\libhal_bsp.a(alt_close.o) (alt_release_fd)
../BSP\libhal_bsp.a(alt_tick.o)
                              ../BSP\libhal_bsp.a(altera_avalon_jtag_uart_init.o) (_alt_tick_rate)
../BSP\libhal_bsp.a(altera_nios2_gen2_irq.o)
                              ../BSP\libhal_bsp.a(alt_sys_init.o) (altera_nios2_gen2_irq_init)
../BSP\libhal_bsp.a(alt_exception_entry.o)
                              ../BSP\libhal_bsp.a(alt_irq_entry.o) (alt_exception)
../BSP\libhal_bsp.a(alt_find_dev.o)
                              ../BSP\libhal_bsp.a(alt_open.o) (alt_find_dev)
../BSP\libhal_bsp.a(alt_find_file.o)
                              ../BSP\libhal_bsp.a(alt_open.o) (alt_find_file)
../BSP\libhal_bsp.a(alt_get_fd.o)
                              ../BSP\libhal_bsp.a(alt_open.o) (alt_get_fd)
../BSP\libhal_bsp.a(alt_instruction_exception_entry.o)
                              ../BSP\libhal_bsp.a(alt_exception_entry.o) (alt_instruction_exception_entry)
c:/intelfpga_lite/18.1/nios2eds/bin/gnu/h-x86_64-mingw32/bin/../lib/gcc/nios2-elf/5.3.0/../../../../../H-x86_64-mingw32/nios2-elf/lib/mno-hw-mul\libc.a(lib_a-atexit.o)
                              ../BSP\libhal_bsp.a(alt_main.o) (atexit)
c:/intelfpga_lite/18.1/nios2eds/bin/gnu/h-x86_64-mingw32/bin/../lib/gcc/nios2-elf/5.3.0/../../../../../H-x86_64-mingw32/nios2-elf/lib/mno-hw-mul\libc.a(lib_a-exit.o)
                              ../BSP\libhal_bsp.a(alt_main.o) (exit)
c:/intelfpga_lite/18.1/nios2eds/bin/gnu/h-x86_64-mingw32/bin/../lib/gcc/nios2-elf/5.3.0/../../../../../H-x86_64-mingw32/nios2-elf/lib/mno-hw-mul\libc.a(lib_a-impure.o)
                              c:/intelfpga_lite/18.1/nios2eds/bin/gnu/h-x86_64-mingw32/bin/../lib/gcc/nios2-elf/5.3.0/../../../../../H-x86_64-mingw32/nios2-elf/lib/mno-hw-mul\libc.a(lib_a-exit.o) (_global_impure_ptr)
c:/intelfpga_lite/18.1/nios2eds/bin/gnu/h-x86_64-mingw32/bin/../lib/gcc/nios2-elf/5.3.0/../../../../../H-x86_64-mingw32/nios2-elf/lib/mno-hw-mul\libc.a(lib_a-int_errno.o)
                              ../BSP\libhal_bsp.a(alt_close.o) (errno)
c:/intelfpga_lite/18.1/nios2eds/bin/gnu/h-x86_64-mingw32/bin/../lib/gcc/nios2-elf/5.3.0/../../../../../H-x86_64-mingw32/nios2-elf/lib/mno-hw-mul\libc.a(lib_a-memcmp.o)
                              ../BSP\libhal_bsp.a(alt_find_dev.o) (memcmp)
c:/intelfpga_lite/18.1/nios2eds/bin/gnu/h-x86_64-mingw32/bin/../lib/gcc/nios2-elf/5.3.0/../../../../../H-x86_64-mingw32/nios2-elf/lib/mno-hw-mul\libc.a(lib_a-memcpy.o)
                              ../BSP\libhal_bsp.a(altera_avalon_jtag_uart_read.o) (memcpy)
c:/intelfpga_lite/18.1/nios2eds/bin/gnu/h-x86_64-mingw32/bin/../lib/gcc/nios2-elf/5.3.0/../../../../../H-x86_64-mingw32/nios2-elf/lib/mno-hw-mul\libc.a(lib_a-strlen.o)
                              ../BSP\libhal_bsp.a(alt_find_dev.o) (strlen)
c:/intelfpga_lite/18.1/nios2eds/bin/gnu/h-x86_64-mingw32/bin/../lib/gcc/nios2-elf/5.3.0/../../../../../H-x86_64-mingw32/nios2-elf/lib/mno-hw-mul\libc.a(lib_a-__atexit.o)
                              c:/intelfpga_lite/18.1/nios2eds/bin/gnu/h-x86_64-mingw32/bin/../lib/gcc/nios2-elf/5.3.0/../../../../../H-x86_64-mingw32/nios2-elf/lib/mno-hw-mul\libc.a(lib_a-atexit.o) (__register_exitproc)
c:/intelfpga_lite/18.1/nios2eds/bin/gnu/h-x86_64-mingw32/bin/../lib/gcc/nios2-elf/5.3.0/../../../../../H-x86_64-mingw32/nios2-elf/lib/mno-hw-mul\libc.a(lib_a-__call_atexit.o)
                              c:/intelfpga_lite/18.1/nios2eds/bin/gnu/h-x86_64-mingw32/bin/../lib/gcc/nios2-elf/5.3.0/../../../../../H-x86_64-mingw32/nios2-elf/lib/mno-hw-mul\libc.a(lib_a-exit.o) (__call_exitprocs)
c:/intelfpga_lite/18.1/nios2eds/bin/gnu/h-x86_64-mingw32/bin/../lib/gcc/nios2-elf/5.3.0/mno-hw-mul\libgcc.a(lib2-mul.o)
                              ../BSP\libhal_bsp.a(alt_close.o) (__mulsi3)
../BSP\libhal_bsp.a(alt_exit.o)
                              c:/intelfpga_lite/18.1/nios2eds/bin/gnu/h-x86_64-mingw32/bin/../lib/gcc/nios2-elf/5.3.0/../../../../../H-x86_64-mingw32/nios2-elf/lib/mno-hw-mul\libc.a(lib_a-exit.o) (_exit)

Allocating common symbols
Common symbol       size              file

alt_irq             0x100             ../BSP\libhal_bsp.a(alt_irq_handler.o)
errno               0x4               c:/intelfpga_lite/18.1/nios2eds/bin/gnu/h-x86_64-mingw32/bin/../lib/gcc/nios2-elf/5.3.0/../../../../../H-x86_64-mingw32/nios2-elf/lib/mno-hw-mul\libc.a(lib_a-int_errno.o)

Memory Configuration

Name             Origin             Length             Attributes
reset            0x0000000000010000 0x0000000000000020
onchip_memory2_0 0x0000000000010020 0x0000000000009c20
*default*        0x0000000000000000 0xffffffffffffffff

Linker script and memory map

LOAD ../BSP/obj/HAL/src/crt0.o
LOAD obj/default/compteur.o
LOAD c:/intelfpga_lite/18.1/nios2eds/bin/gnu/h-x86_64-mingw32/bin/../lib/gcc/nios2-elf/5.3.0/../../../../../H-x86_64-mingw32/nios2-elf/lib/mno-hw-mul\libstdc++.a
LOAD c:/intelfpga_lite/18.1/nios2eds/bin/gnu/h-x86_64-mingw32/bin/../lib/gcc/nios2-elf/5.3.0/../../../../../H-x86_64-mingw32/nios2-elf/lib/mno-hw-mul\libm.a
LOAD c:/intelfpga_lite/18.1/nios2eds/bin/gnu/h-x86_64-mingw32/bin/../lib/gcc/nios2-elf/5.3.0/mno-hw-mul\libgcc.a
START GROUP
LOAD c:/intelfpga_lite/18.1/nios2eds/bin/gnu/h-x86_64-mingw32/bin/../lib/gcc/nios2-elf/5.3.0/../../../../../H-x86_64-mingw32/nios2-elf/lib/mno-hw-mul\libc.a
LOAD c:/intelfpga_lite/18.1/nios2eds/bin/gnu/h-x86_64-mingw32/bin/../lib/gcc/nios2-elf/5.3.0/mno-hw-mul\libgcc.a
LOAD ../BSP\libhal_bsp.a
LOAD c:/intelfpga_lite/18.1/nios2eds/bin/gnu/h-x86_64-mingw32/bin/../lib/gcc/nios2-elf/5.3.0/../../../../../H-x86_64-mingw32/nios2-elf/lib/mno-hw-mul\libm.a
END GROUP
LOAD c:/intelfpga_lite/18.1/nios2eds/bin/gnu/h-x86_64-mingw32/bin/../lib/gcc/nios2-elf/5.3.0/mno-hw-mul\libgcc.a
                0x0000000000010000                __alt_mem_onchip_memory2_0 = 0x10000

.entry          0x0000000000010000       0x20
 *(.entry)
 .entry         0x0000000000010000       0x20 ../BSP/obj/HAL/src/crt0.o
                0x0000000000010000                __reset

.exceptions     0x0000000000010020      0x210
                0x0000000000010020                PROVIDE (__ram_exceptions_start, ABSOLUTE (.))
                0x0000000000010020                . = ALIGN (0x20)
 *(.irq)
 *(.exceptions.entry.label)
 .exceptions.entry.label
                0x0000000000010020        0x0 ../BSP\libhal_bsp.a(alt_irq_entry.o)
                0x0000000000010020                alt_irq_entry
 .exceptions.entry.label
                0x0000000000010020        0x0 ../BSP\libhal_bsp.a(alt_exception_entry.o)
                0x0000000000010020                alt_exception
 *(.exceptions.entry.user)
 *(.exceptions.entry.ecc_fatal)
 *(.exceptions.entry)
 .exceptions.entry
                0x0000000000010020       0x54 ../BSP\libhal_bsp.a(alt_exception_entry.o)
 *(.exceptions.irqtest.user)
 *(.exceptions.irqtest)
 .exceptions.irqtest
                0x0000000000010074       0x10 ../BSP\libhal_bsp.a(alt_irq_entry.o)
 *(.exceptions.irqhandler.user)
 *(.exceptions.irqhandler)
 .exceptions.irqhandler
                0x0000000000010084        0x4 ../BSP\libhal_bsp.a(alt_irq_entry.o)
 *(.exceptions.irqreturn.user)
 *(.exceptions.irqreturn)
 .exceptions.irqreturn
                0x0000000000010088        0x4 ../BSP\libhal_bsp.a(alt_irq_entry.o)
 *(.exceptions.notirq.label)
 .exceptions.notirq.label
                0x000000000001008c        0x0 ../BSP\libhal_bsp.a(alt_irq_entry.o)
 *(.exceptions.notirq.user)
 *(.exceptions.notirq)
 .exceptions.notirq
                0x000000000001008c        0x8 ../BSP\libhal_bsp.a(alt_exception_entry.o)
 *(.exceptions.soft.user)
 *(.exceptions.soft)
 *(.exceptions.unknown.user)
 *(.exceptions.unknown)
 .exceptions.unknown
                0x0000000000010094       0x14 ../BSP\libhal_bsp.a(alt_exception_entry.o)
 *(.exceptions.exit.label)
 .exceptions.exit.label
                0x00000000000100a8        0x0 ../BSP\libhal_bsp.a(alt_irq_entry.o)
 .exceptions.exit.label
                0x00000000000100a8        0x0 ../BSP\libhal_bsp.a(alt_exception_entry.o)
 *(.exceptions.exit.user)
 *(.exceptions.exit)
 .exceptions.exit
                0x00000000000100a8       0x54 ../BSP\libhal_bsp.a(alt_exception_entry.o)
 *(.exceptions)
 .exceptions    0x00000000000100fc       0xd4 ../BSP\libhal_bsp.a(alt_irq_handler.o)
                0x00000000000100fc                alt_irq_handler
 .exceptions    0x00000000000101d0       0x60 ../BSP\libhal_bsp.a(alt_instruction_exception_entry.o)
                0x00000000000101d0                alt_instruction_exception_entry
                0x0000000000010230                PROVIDE (__ram_exceptions_end, ABSOLUTE (.))
                0x0000000000010020                PROVIDE (__flash_exceptions_start, LOADADDR (.exceptions))

.text           0x0000000000010230     0x22bc
                [!provide]                        PROVIDE (stext, ABSOLUTE (.))
 *(.interp)
 *(.hash)
 *(.dynsym)
 *(.dynstr)
 *(.gnu.version)
 *(.gnu.version_d)
 *(.gnu.version_r)
 *(.rel.init)
 *(.rela.init)
 *(.rel.text .rel.text.* .rel.gnu.linkonce.t.*)
 *(.rela.text .rela.text.* .rela.gnu.linkonce.t.*)
 *(.rel.fini)
 *(.rela.fini)
 *(.rel.rodata .rel.rodata.* .rel.gnu.linkonce.r.*)
 *(.rela.rodata .rela.rodata.* .rela.gnu.linkonce.r.*)
 *(.rel.data .rel.data.* .rel.gnu.linkonce.d.*)
 *(.rela.data .rela.data.* .rela.gnu.linkonce.d.*)
 *(.rel.tdata .rel.tdata.* .rel.gnu.linkonce.td.*)
 *(.rela.tdata .rela.tdata.* .rela.gnu.linkonce.td.*)
 *(.rel.tbss .rel.tbss.* .rel.gnu.linkonce.tb.*)
 *(.rela.tbss .rela.tbss.* .rela.gnu.linkonce.tb.*)
 *(.rel.ctors)
 *(.rela.ctors)
 *(.rel.dtors)
 *(.rela.dtors)
 *(.rel.got)
 *(.rela.got)
 *(.rel.sdata .rel.sdata.* .rel.gnu.linkonce.s.*)
 *(.rela.sdata .rela.sdata.* .rela.gnu.linkonce.s.*)
 *(.rel.sbss .rel.sbss.* .rel.gnu.linkonce.sb.*)
 *(.rela.sbss .rela.sbss.* .rela.gnu.linkonce.sb.*)
 *(.rel.sdata2 .rel.sdata2.* .rel.gnu.linkonce.s2.*)
 *(.rela.sdata2 .rela.sdata2.* .rela.gnu.linkonce.s2.*)
 *(.rel.sbss2 .rel.sbss2.* .rel.gnu.linkonce.sb2.*)
 *(.rela.sbss2 .rela.sbss2.* .rela.gnu.linkonce.sb2.*)
 *(.rel.bss .rel.bss.* .rel.gnu.linkonce.b.*)
 *(.rela.bss .rela.bss.* .rela.gnu.linkonce.b.*)
 *(.rel.plt)
 *(.rela.plt)
 *(.rel.dyn)
 *(.init)
 *(.plt)
 *(.text .stub .text.* .gnu.linkonce.t.*)
 .text          0x0000000000010230       0x3c ../BSP/obj/HAL/src/crt0.o
                0x0000000000010230                _start
 .text          0x000000000001026c       0x4c obj/default/compteur.o
                0x000000000001026c                main
 .text          0x00000000000102b8       0xec ../BSP\libhal_bsp.a(alt_load.o)
                0x0000000000010320                alt_load
 .text          0x00000000000103a4       0x7c ../BSP\libhal_bsp.a(alt_main.o)
                0x00000000000103a4                alt_main
 .text          0x0000000000010420       0xb4 ../BSP\libhal_bsp.a(alt_sys_init.o)
                0x0000000000010454                alt_irq_init
                0x000000000001048c                alt_sys_init
 .text          0x00000000000104d4      0x164 ../BSP\libhal_bsp.a(altera_avalon_jtag_uart_fd.o)
                0x00000000000104d4                altera_avalon_jtag_uart_read_fd
                0x0000000000010534                altera_avalon_jtag_uart_write_fd
                0x0000000000010594                altera_avalon_jtag_uart_close_fd
                0x00000000000105e4                altera_avalon_jtag_uart_ioctl_fd
 .text          0x0000000000010638      0x3d4 ../BSP\libhal_bsp.a(altera_avalon_jtag_uart_init.o)
                0x0000000000010638                altera_avalon_jtag_uart_init
                0x00000000000109a4                altera_avalon_jtag_uart_close
 .text          0x0000000000010a0c       0xf0 ../BSP\libhal_bsp.a(altera_avalon_jtag_uart_ioctl.o)
                0x0000000000010a0c                altera_avalon_jtag_uart_ioctl
 .text          0x0000000000010afc      0x21c ../BSP\libhal_bsp.a(altera_avalon_jtag_uart_read.o)
                0x0000000000010afc                altera_avalon_jtag_uart_read
 .text          0x0000000000010d18      0x224 ../BSP\libhal_bsp.a(altera_avalon_jtag_uart_write.o)
                0x0000000000010d18                altera_avalon_jtag_uart_write
 .text          0x0000000000010f3c      0x12c ../BSP\libhal_bsp.a(alt_alarm_start.o)
                0x0000000000010f3c                alt_alarm_start
 .text          0x0000000000011068      0x114 ../BSP\libhal_bsp.a(alt_close.o)
                0x00000000000110a4                close
 .text          0x000000000001117c       0x20 ../BSP\libhal_bsp.a(alt_dcache_flush_all.o)
                0x000000000001117c                alt_dcache_flush_all
 .text          0x000000000001119c       0x2c ../BSP\libhal_bsp.a(alt_dev.o)
 .text          0x00000000000111c8       0xe0 ../BSP\libhal_bsp.a(alt_dev_llist_insert.o)
                0x0000000000011204                alt_dev_llist_insert
 .text          0x00000000000112a8       0x60 ../BSP\libhal_bsp.a(alt_do_ctors.o)
                0x00000000000112a8                _do_ctors
 .text          0x0000000000011308       0x60 ../BSP\libhal_bsp.a(alt_do_dtors.o)
                0x0000000000011308                _do_dtors
 .text          0x0000000000011368        0x0 ../BSP\libhal_bsp.a(alt_errno.o)
 .text          0x0000000000011368       0x20 ../BSP\libhal_bsp.a(alt_icache_flush_all.o)
                0x0000000000011368                alt_icache_flush_all
 .text          0x0000000000011388      0x1b0 ../BSP\libhal_bsp.a(alt_iic.o)
                0x0000000000011388                alt_ic_isr_register
                0x00000000000113d8                alt_ic_irq_enable
                0x0000000000011460                alt_ic_irq_disable
                0x00000000000114ec                alt_ic_irq_enabled
 .text          0x0000000000011538       0xf0 ../BSP\libhal_bsp.a(alt_iic_isr_register.o)
                0x0000000000011538                alt_iic_isr_register
 .text          0x0000000000011628      0x160 ../BSP\libhal_bsp.a(alt_io_redirect.o)
                0x000000000001170c                alt_io_redirect
 .text          0x0000000000011788        0x0 ../BSP\libhal_bsp.a(alt_irq_entry.o)
 .text          0x0000000000011788        0x0 ../BSP\libhal_bsp.a(alt_irq_handler.o)
 .text          0x0000000000011788        0x0 ../BSP\libhal_bsp.a(alt_irq_vars.o)
 .text          0x0000000000011788      0x284 ../BSP\libhal_bsp.a(alt_open.o)
                0x00000000000118b0                open
 .text          0x0000000000011a0c       0x84 ../BSP\libhal_bsp.a(alt_release_fd.o)
                0x0000000000011a0c                alt_release_fd
 .text          0x0000000000011a90      0x1a4 ../BSP\libhal_bsp.a(alt_tick.o)
                0x0000000000011a90                alt_alarm_stop
                0x0000000000011b2c                alt_tick
 .text          0x0000000000011c34       0x24 ../BSP\libhal_bsp.a(altera_nios2_gen2_irq.o)
                0x0000000000011c34                altera_nios2_gen2_irq_init
 .text          0x0000000000011c58        0x0 ../BSP\libhal_bsp.a(alt_exception_entry.o)
 .text          0x0000000000011c58       0x90 ../BSP\libhal_bsp.a(alt_find_dev.o)
                0x0000000000011c58                alt_find_dev
 .text          0x0000000000011ce8      0x108 ../BSP\libhal_bsp.a(alt_find_file.o)
                0x0000000000011ce8                alt_find_file
 .text          0x0000000000011df0       0xc4 ../BSP\libhal_bsp.a(alt_get_fd.o)
                0x0000000000011df0                alt_get_fd
 .text          0x0000000000011eb4       0x9c ../BSP\libhal_bsp.a(alt_instruction_exception_entry.o)
                0x0000000000011eb4                alt_exception_cause_generated_bad_addr
 .text          0x0000000000011f50        0x0 c:/intelfpga_lite/18.1/nios2eds/bin/gnu/h-x86_64-mingw32/bin/../lib/gcc/nios2-elf/5.3.0/../../../../../H-x86_64-mingw32/nios2-elf/lib/mno-hw-mul\libc.a(lib_a-atexit.o)
 .text.atexit   0x0000000000011f50       0x14 c:/intelfpga_lite/18.1/nios2eds/bin/gnu/h-x86_64-mingw32/bin/../lib/gcc/nios2-elf/5.3.0/../../../../../H-x86_64-mingw32/nios2-elf/lib/mno-hw-mul\libc.a(lib_a-atexit.o)
                0x0000000000011f50                atexit
 .text          0x0000000000011f64        0x0 c:/intelfpga_lite/18.1/nios2eds/bin/gnu/h-x86_64-mingw32/bin/../lib/gcc/nios2-elf/5.3.0/../../../../../H-x86_64-mingw32/nios2-elf/lib/mno-hw-mul\libc.a(lib_a-exit.o)
 .text.exit     0x0000000000011f64       0x38 c:/intelfpga_lite/18.1/nios2eds/bin/gnu/h-x86_64-mingw32/bin/../lib/gcc/nios2-elf/5.3.0/../../../../../H-x86_64-mingw32/nios2-elf/lib/mno-hw-mul\libc.a(lib_a-exit.o)
                0x0000000000011f64                exit
 .text          0x0000000000011f9c        0x0 c:/intelfpga_lite/18.1/nios2eds/bin/gnu/h-x86_64-mingw32/bin/../lib/gcc/nios2-elf/5.3.0/../../../../../H-x86_64-mingw32/nios2-elf/lib/mno-hw-mul\libc.a(lib_a-impure.o)
 .text          0x0000000000011f9c        0x0 c:/intelfpga_lite/18.1/nios2eds/bin/gnu/h-x86_64-mingw32/bin/../lib/gcc/nios2-elf/5.3.0/../../../../../H-x86_64-mingw32/nios2-elf/lib/mno-hw-mul\libc.a(lib_a-int_errno.o)
 .text          0x0000000000011f9c        0x0 c:/intelfpga_lite/18.1/nios2eds/bin/gnu/h-x86_64-mingw32/bin/../lib/gcc/nios2-elf/5.3.0/../../../../../H-x86_64-mingw32/nios2-elf/lib/mno-hw-mul\libc.a(lib_a-memcmp.o)
 .text.memcmp   0x0000000000011f9c       0x7c c:/intelfpga_lite/18.1/nios2eds/bin/gnu/h-x86_64-mingw32/bin/../lib/gcc/nios2-elf/5.3.0/../../../../../H-x86_64-mingw32/nios2-elf/lib/mno-hw-mul\libc.a(lib_a-memcmp.o)
                0x0000000000011f9c                memcmp
 .text          0x0000000000012018        0x0 c:/intelfpga_lite/18.1/nios2eds/bin/gnu/h-x86_64-mingw32/bin/../lib/gcc/nios2-elf/5.3.0/../../../../../H-x86_64-mingw32/nios2-elf/lib/mno-hw-mul\libc.a(lib_a-memcpy.o)
 .text.memcpy   0x0000000000012018      0x148 c:/intelfpga_lite/18.1/nios2eds/bin/gnu/h-x86_64-mingw32/bin/../lib/gcc/nios2-elf/5.3.0/../../../../../H-x86_64-mingw32/nios2-elf/lib/mno-hw-mul\libc.a(lib_a-memcpy.o)
                0x0000000000012018                memcpy
 .text          0x0000000000012160        0x0 c:/intelfpga_lite/18.1/nios2eds/bin/gnu/h-x86_64-mingw32/bin/../lib/gcc/nios2-elf/5.3.0/../../../../../H-x86_64-mingw32/nios2-elf/lib/mno-hw-mul\libc.a(lib_a-strlen.o)
 .text.strlen   0x0000000000012160       0x98 c:/intelfpga_lite/18.1/nios2eds/bin/gnu/h-x86_64-mingw32/bin/../lib/gcc/nios2-elf/5.3.0/../../../../../H-x86_64-mingw32/nios2-elf/lib/mno-hw-mul\libc.a(lib_a-strlen.o)
                0x0000000000012160                strlen
 .text          0x00000000000121f8        0x0 c:/intelfpga_lite/18.1/nios2eds/bin/gnu/h-x86_64-mingw32/bin/../lib/gcc/nios2-elf/5.3.0/../../../../../H-x86_64-mingw32/nios2-elf/lib/mno-hw-mul\libc.a(lib_a-__atexit.o)
 .text.__register_exitproc
                0x00000000000121f8      0x118 c:/intelfpga_lite/18.1/nios2eds/bin/gnu/h-x86_64-mingw32/bin/../lib/gcc/nios2-elf/5.3.0/../../../../../H-x86_64-mingw32/nios2-elf/lib/mno-hw-mul\libc.a(lib_a-__atexit.o)
                0x00000000000121f8                __register_exitproc
 .text          0x0000000000012310        0x0 c:/intelfpga_lite/18.1/nios2eds/bin/gnu/h-x86_64-mingw32/bin/../lib/gcc/nios2-elf/5.3.0/../../../../../H-x86_64-mingw32/nios2-elf/lib/mno-hw-mul\libc.a(lib_a-__call_atexit.o)
 .text.__call_exitprocs
                0x0000000000012310      0x180 c:/intelfpga_lite/18.1/nios2eds/bin/gnu/h-x86_64-mingw32/bin/../lib/gcc/nios2-elf/5.3.0/../../../../../H-x86_64-mingw32/nios2-elf/lib/mno-hw-mul\libc.a(lib_a-__call_atexit.o)
                0x0000000000012310                __call_exitprocs
 .text          0x0000000000012490       0x28 c:/intelfpga_lite/18.1/nios2eds/bin/gnu/h-x86_64-mingw32/bin/../lib/gcc/nios2-elf/5.3.0/mno-hw-mul\libgcc.a(lib2-mul.o)
                0x0000000000012490                __mulsi3
 .text          0x00000000000124b8       0x34 ../BSP\libhal_bsp.a(alt_exit.o)
                0x00000000000124b8                _exit
 *(.gnu.warning.*)
 *(.fini)
                [!provide]                        PROVIDE (__etext, ABSOLUTE (.))
                [!provide]                        PROVIDE (_etext, ABSOLUTE (.))
                [!provide]                        PROVIDE (etext, ABSOLUTE (.))
 *(.eh_frame_hdr)
                0x00000000000124ec                . = ALIGN (0x4)
                [!provide]                        PROVIDE (__preinit_array_start, ABSOLUTE (.))
 *(.preinit_array)
                [!provide]                        PROVIDE (__preinit_array_end, ABSOLUTE (.))
                [!provide]                        PROVIDE (__init_array_start, ABSOLUTE (.))
 *(.init_array)
                [!provide]                        PROVIDE (__init_array_end, ABSOLUTE (.))
                [!provide]                        PROVIDE (__fini_array_start, ABSOLUTE (.))
 *(.fini_array)
                [!provide]                        PROVIDE (__fini_array_end, ABSOLUTE (.))
 *(.eh_frame)
 *(.gcc_except_table .gcc_except_table.*)
 *(.dynamic)
                0x00000000000124ec                PROVIDE (__CTOR_LIST__, ABSOLUTE (.))
 *(.ctors)
 *(SORT(.ctors.*))
                0x00000000000124ec                PROVIDE (__CTOR_END__, ABSOLUTE (.))
                0x00000000000124ec                PROVIDE (__DTOR_LIST__, ABSOLUTE (.))
 *(.dtors)
 *(SORT(.dtors.*))
                0x00000000000124ec                PROVIDE (__DTOR_END__, ABSOLUTE (.))
 *(.jcr)
                0x00000000000124ec                . = ALIGN (0x4)

.rodata         0x00000000000124ec       0x38
                0x00000000000124ec                PROVIDE (__ram_rodata_start, ABSOLUTE (.))
                0x00000000000124ec                . = ALIGN (0x4)
 *(.rodata .rodata.* .gnu.linkonce.r.*)
 .rodata        0x00000000000124ec       0x11 ../BSP\libhal_bsp.a(alt_main.o)
 *fill*         0x00000000000124fd        0x3 
 .rodata        0x0000000000012500       0x11 ../BSP\libhal_bsp.a(alt_sys_init.o)
 *fill*         0x0000000000012511        0x3 
 .rodata        0x0000000000012514        0xa ../BSP\libhal_bsp.a(alt_dev.o)
 *fill*         0x000000000001251e        0x2 
 .rodata.str1.4
                0x0000000000012520        0x4 c:/intelfpga_lite/18.1/nios2eds/bin/gnu/h-x86_64-mingw32/bin/../lib/gcc/nios2-elf/5.3.0/../../../../../H-x86_64-mingw32/nios2-elf/lib/mno-hw-mul\libc.a(lib_a-impure.o)
                                          0x2 (size before relaxing)
 *(.rodata1)
                0x0000000000012524                . = ALIGN (0x4)
                0x0000000000012524                PROVIDE (__ram_rodata_end, ABSOLUTE (.))
                0x00000000000124ec                PROVIDE (__flash_rodata_start, LOADADDR (.rodata))

.rwdata         0x0000000000012524     0x1658 load address 0x0000000000013b7c
                0x0000000000012524                PROVIDE (__ram_rwdata_start, ABSOLUTE (.))
                0x0000000000012524                . = ALIGN (0x4)
 *(.got.plt)
 *(.got)
 *(.data1)
 *(.data .data.* .gnu.linkonce.d.*)
 .data          0x0000000000012524        0x0 ../BSP/obj/HAL/src/crt0.o
 .data          0x0000000000012524        0x0 obj/default/compteur.o
 .data          0x0000000000012524        0x0 ../BSP\libhal_bsp.a(alt_load.o)
 .data          0x0000000000012524        0x0 ../BSP\libhal_bsp.a(alt_main.o)
 .data          0x0000000000012524     0x1060 ../BSP\libhal_bsp.a(alt_sys_init.o)
 .data          0x0000000000013584        0x0 ../BSP\libhal_bsp.a(altera_avalon_jtag_uart_fd.o)
 .data          0x0000000000013584        0x0 ../BSP\libhal_bsp.a(altera_avalon_jtag_uart_init.o)
 .data          0x0000000000013584        0x0 ../BSP\libhal_bsp.a(altera_avalon_jtag_uart_ioctl.o)
 .data          0x0000000000013584        0x0 ../BSP\libhal_bsp.a(altera_avalon_jtag_uart_read.o)
 .data          0x0000000000013584        0x0 ../BSP\libhal_bsp.a(altera_avalon_jtag_uart_write.o)
 .data          0x0000000000013584        0x0 ../BSP\libhal_bsp.a(alt_alarm_start.o)
 .data          0x0000000000013584        0x0 ../BSP\libhal_bsp.a(alt_close.o)
 .data          0x0000000000013584        0x0 ../BSP\libhal_bsp.a(alt_dcache_flush_all.o)
 .data          0x0000000000013584      0x1a8 ../BSP\libhal_bsp.a(alt_dev.o)
                0x0000000000013584                alt_dev_null
                0x00000000000135ac                alt_fd_list
 .data          0x000000000001372c        0x0 ../BSP\libhal_bsp.a(alt_dev_llist_insert.o)
 .data          0x000000000001372c        0x0 ../BSP\libhal_bsp.a(alt_do_ctors.o)
 .data          0x000000000001372c        0x0 ../BSP\libhal_bsp.a(alt_do_dtors.o)
 .data          0x000000000001372c        0x0 ../BSP\libhal_bsp.a(alt_errno.o)
 .data          0x000000000001372c        0x0 ../BSP\libhal_bsp.a(alt_icache_flush_all.o)
 .data          0x000000000001372c        0x0 ../BSP\libhal_bsp.a(alt_iic.o)
 .data          0x000000000001372c        0x0 ../BSP\libhal_bsp.a(alt_iic_isr_register.o)
 .data          0x000000000001372c        0x0 ../BSP\libhal_bsp.a(alt_io_redirect.o)
 .data          0x000000000001372c        0x0 ../BSP\libhal_bsp.a(alt_irq_entry.o)
 .data          0x000000000001372c        0x0 ../BSP\libhal_bsp.a(alt_irq_handler.o)
 .data          0x000000000001372c        0x0 ../BSP\libhal_bsp.a(alt_irq_vars.o)
 .data          0x000000000001372c        0x0 ../BSP\libhal_bsp.a(alt_open.o)
 .data          0x000000000001372c        0x0 ../BSP\libhal_bsp.a(alt_release_fd.o)
 .data          0x000000000001372c        0x0 ../BSP\libhal_bsp.a(alt_tick.o)
 .data          0x000000000001372c        0x0 ../BSP\libhal_bsp.a(altera_nios2_gen2_irq.o)
 .data          0x000000000001372c        0x0 ../BSP\libhal_bsp.a(alt_exception_entry.o)
 .data          0x000000000001372c        0x0 ../BSP\libhal_bsp.a(alt_find_dev.o)
 .data          0x000000000001372c        0x0 ../BSP\libhal_bsp.a(alt_find_file.o)
 .data          0x000000000001372c        0x0 ../BSP\libhal_bsp.a(alt_get_fd.o)
 .data          0x000000000001372c        0x0 ../BSP\libhal_bsp.a(alt_instruction_exception_entry.o)
 .data          0x000000000001372c        0x0 c:/intelfpga_lite/18.1/nios2eds/bin/gnu/h-x86_64-mingw32/bin/../lib/gcc/nios2-elf/5.3.0/../../../../../H-x86_64-mingw32/nios2-elf/lib/mno-hw-mul\libc.a(lib_a-atexit.o)
 .data          0x000000000001372c        0x0 c:/intelfpga_lite/18.1/nios2eds/bin/gnu/h-x86_64-mingw32/bin/../lib/gcc/nios2-elf/5.3.0/../../../../../H-x86_64-mingw32/nios2-elf/lib/mno-hw-mul\libc.a(lib_a-exit.o)
 .data          0x000000000001372c        0x0 c:/intelfpga_lite/18.1/nios2eds/bin/gnu/h-x86_64-mingw32/bin/../lib/gcc/nios2-elf/5.3.0/../../../../../H-x86_64-mingw32/nios2-elf/lib/mno-hw-mul\libc.a(lib_a-impure.o)
 .data.impure_data
                0x000000000001372c      0x424 c:/intelfpga_lite/18.1/nios2eds/bin/gnu/h-x86_64-mingw32/bin/../lib/gcc/nios2-elf/5.3.0/../../../../../H-x86_64-mingw32/nios2-elf/lib/mno-hw-mul\libc.a(lib_a-impure.o)
 .data          0x0000000000013b50        0x0 c:/intelfpga_lite/18.1/nios2eds/bin/gnu/h-x86_64-mingw32/bin/../lib/gcc/nios2-elf/5.3.0/../../../../../H-x86_64-mingw32/nios2-elf/lib/mno-hw-mul\libc.a(lib_a-int_errno.o)
 .data          0x0000000000013b50        0x0 c:/intelfpga_lite/18.1/nios2eds/bin/gnu/h-x86_64-mingw32/bin/../lib/gcc/nios2-elf/5.3.0/../../../../../H-x86_64-mingw32/nios2-elf/lib/mno-hw-mul\libc.a(lib_a-memcmp.o)
 .data          0x0000000000013b50        0x0 c:/intelfpga_lite/18.1/nios2eds/bin/gnu/h-x86_64-mingw32/bin/../lib/gcc/nios2-elf/5.3.0/../../../../../H-x86_64-mingw32/nios2-elf/lib/mno-hw-mul\libc.a(lib_a-memcpy.o)
 .data          0x0000000000013b50        0x0 c:/intelfpga_lite/18.1/nios2eds/bin/gnu/h-x86_64-mingw32/bin/../lib/gcc/nios2-elf/5.3.0/../../../../../H-x86_64-mingw32/nios2-elf/lib/mno-hw-mul\libc.a(lib_a-strlen.o)
 .data          0x0000000000013b50        0x0 c:/intelfpga_lite/18.1/nios2eds/bin/gnu/h-x86_64-mingw32/bin/../lib/gcc/nios2-elf/5.3.0/../../../../../H-x86_64-mingw32/nios2-elf/lib/mno-hw-mul\libc.a(lib_a-__atexit.o)
 .data          0x0000000000013b50        0x0 c:/intelfpga_lite/18.1/nios2eds/bin/gnu/h-x86_64-mingw32/bin/../lib/gcc/nios2-elf/5.3.0/../../../../../H-x86_64-mingw32/nios2-elf/lib/mno-hw-mul\libc.a(lib_a-__call_atexit.o)
 .data          0x0000000000013b50        0x0 c:/intelfpga_lite/18.1/nios2eds/bin/gnu/h-x86_64-mingw32/bin/../lib/gcc/nios2-elf/5.3.0/mno-hw-mul\libgcc.a(lib2-mul.o)
 .data          0x0000000000013b50        0x0 ../BSP\libhal_bsp.a(alt_exit.o)
                0x000000000001bb50                _gp = ABSOLUTE ((. + 0x8000))
                [!provide]                        PROVIDE (gp, _gp)
 *(.rwdata .rwdata.*)
 *(.sdata .sdata.* .gnu.linkonce.s.*)
 .sdata         0x0000000000013b50       0x14 ../BSP\libhal_bsp.a(alt_dev.o)
                0x0000000000013b50                alt_fs_list
                0x0000000000013b58                alt_dev_list
                0x0000000000013b60                alt_max_fd
 .sdata         0x0000000000013b64        0x4 ../BSP\libhal_bsp.a(alt_errno.o)
                0x0000000000013b64                alt_errno
 .sdata         0x0000000000013b68        0x4 ../BSP\libhal_bsp.a(alt_irq_vars.o)
                0x0000000000013b68                alt_priority_mask
 .sdata         0x0000000000013b6c        0x8 ../BSP\libhal_bsp.a(alt_tick.o)
                0x0000000000013b6c                alt_alarm_list
 .sdata._global_impure_ptr
                0x0000000000013b74        0x4 c:/intelfpga_lite/18.1/nios2eds/bin/gnu/h-x86_64-mingw32/bin/../lib/gcc/nios2-elf/5.3.0/../../../../../H-x86_64-mingw32/nios2-elf/lib/mno-hw-mul\libc.a(lib_a-impure.o)
                0x0000000000013b74                _global_impure_ptr
 .sdata._impure_ptr
                0x0000000000013b78        0x4 c:/intelfpga_lite/18.1/nios2eds/bin/gnu/h-x86_64-mingw32/bin/../lib/gcc/nios2-elf/5.3.0/../../../../../H-x86_64-mingw32/nios2-elf/lib/mno-hw-mul\libc.a(lib_a-impure.o)
                0x0000000000013b78                _impure_ptr
 *(.sdata2 .sdata2.* .gnu.linkonce.s2.*)
                0x0000000000013b7c                . = ALIGN (0x4)
                0x0000000000013b7c                _edata = ABSOLUTE (.)
                [!provide]                        PROVIDE (edata, ABSOLUTE (.))
                0x0000000000013b7c                PROVIDE (__ram_rwdata_end, ABSOLUTE (.))
                0x0000000000013b7c                PROVIDE (__flash_rwdata_start, LOADADDR (.rwdata))

.bss            0x00000000000151d4      0x120
                0x00000000000151d4                __bss_start = ABSOLUTE (.)
                [!provide]                        PROVIDE (__sbss_start, ABSOLUTE (.))
                [!provide]                        PROVIDE (___sbss_start, ABSOLUTE (.))
 *(.dynsbss)
 *(.sbss .sbss.* .gnu.linkonce.sb.*)
 .sbss          0x00000000000151d4        0xc ../BSP\libhal_bsp.a(alt_main.o)
                0x00000000000151d4                alt_argc
                0x00000000000151d8                alt_argv
                0x00000000000151dc                alt_envp
 .sbss          0x00000000000151e0        0x4 ../BSP\libhal_bsp.a(alt_irq_vars.o)
                0x00000000000151e0                alt_irq_active
 .sbss          0x00000000000151e4        0x8 ../BSP\libhal_bsp.a(alt_tick.o)
                0x00000000000151e4                _alt_tick_rate
                0x00000000000151e8                _alt_nticks
 .sbss          0x00000000000151ec        0x4 ../BSP\libhal_bsp.a(alt_instruction_exception_entry.o)
                0x00000000000151ec                alt_instruction_exception_handler
 .sbss          0x00000000000151f0        0x4 c:/intelfpga_lite/18.1/nios2eds/bin/gnu/h-x86_64-mingw32/bin/../lib/gcc/nios2-elf/5.3.0/../../../../../H-x86_64-mingw32/nios2-elf/lib/mno-hw-mul\libc.a(lib_a-int_errno.o)
                0x00000000000151f0                errno
 *(.sbss2 .sbss2.* .gnu.linkonce.sb2.*)
 *(.scommon)
                [!provide]                        PROVIDE (__sbss_end, ABSOLUTE (.))
                [!provide]                        PROVIDE (___sbss_end, ABSOLUTE (.))
 *(.dynbss)
 *(.bss .bss.* .gnu.linkonce.b.*)
 .bss           0x00000000000151f4        0x0 ../BSP/obj/HAL/src/crt0.o
 .bss           0x00000000000151f4        0x0 obj/default/compteur.o
 .bss           0x00000000000151f4        0x0 ../BSP\libhal_bsp.a(alt_load.o)
 .bss           0x00000000000151f4        0x0 ../BSP\libhal_bsp.a(alt_main.o)
 .bss           0x00000000000151f4        0x0 ../BSP\libhal_bsp.a(alt_sys_init.o)
 .bss           0x00000000000151f4        0x0 ../BSP\libhal_bsp.a(altera_avalon_jtag_uart_fd.o)
 .bss           0x00000000000151f4        0x0 ../BSP\libhal_bsp.a(altera_avalon_jtag_uart_init.o)
 .bss           0x00000000000151f4        0x0 ../BSP\libhal_bsp.a(altera_avalon_jtag_uart_ioctl.o)
 .bss           0x00000000000151f4        0x0 ../BSP\libhal_bsp.a(altera_avalon_jtag_uart_read.o)
 .bss           0x00000000000151f4        0x0 ../BSP\libhal_bsp.a(altera_avalon_jtag_uart_write.o)
 .bss           0x00000000000151f4        0x0 ../BSP\libhal_bsp.a(alt_alarm_start.o)
 .bss           0x00000000000151f4        0x0 ../BSP\libhal_bsp.a(alt_close.o)
 .bss           0x00000000000151f4        0x0 ../BSP\libhal_bsp.a(alt_dcache_flush_all.o)
 .bss           0x00000000000151f4        0x0 ../BSP\libhal_bsp.a(alt_dev.o)
 .bss           0x00000000000151f4        0x0 ../BSP\libhal_bsp.a(alt_dev_llist_insert.o)
 .bss           0x00000000000151f4        0x0 ../BSP\libhal_bsp.a(alt_do_ctors.o)
 .bss           0x00000000000151f4        0x0 ../BSP\libhal_bsp.a(alt_do_dtors.o)
 .bss           0x00000000000151f4        0x0 ../BSP\libhal_bsp.a(alt_errno.o)
 .bss           0x00000000000151f4        0x0 ../BSP\libhal_bsp.a(alt_icache_flush_all.o)
 .bss           0x00000000000151f4        0x0 ../BSP\libhal_bsp.a(alt_iic.o)
 .bss           0x00000000000151f4        0x0 ../BSP\libhal_bsp.a(alt_iic_isr_register.o)
 .bss           0x00000000000151f4        0x0 ../BSP\libhal_bsp.a(alt_io_redirect.o)
 .bss           0x00000000000151f4        0x0 ../BSP\libhal_bsp.a(alt_irq_entry.o)
 .bss           0x00000000000151f4        0x0 ../BSP\libhal_bsp.a(alt_irq_handler.o)
 .bss           0x00000000000151f4        0x0 ../BSP\libhal_bsp.a(alt_irq_vars.o)
 .bss           0x00000000000151f4        0x0 ../BSP\libhal_bsp.a(alt_open.o)
 .bss           0x00000000000151f4        0x0 ../BSP\libhal_bsp.a(alt_release_fd.o)
 .bss           0x00000000000151f4        0x0 ../BSP\libhal_bsp.a(alt_tick.o)
 .bss           0x00000000000151f4        0x0 ../BSP\libhal_bsp.a(altera_nios2_gen2_irq.o)
 .bss           0x00000000000151f4        0x0 ../BSP\libhal_bsp.a(alt_exception_entry.o)
 .bss           0x00000000000151f4        0x0 ../BSP\libhal_bsp.a(alt_find_dev.o)
 .bss           0x00000000000151f4        0x0 ../BSP\libhal_bsp.a(alt_find_file.o)
 .bss           0x00000000000151f4        0x0 ../BSP\libhal_bsp.a(alt_get_fd.o)
 .bss           0x00000000000151f4        0x0 ../BSP\libhal_bsp.a(alt_instruction_exception_entry.o)
 .bss           0x00000000000151f4        0x0 c:/intelfpga_lite/18.1/nios2eds/bin/gnu/h-x86_64-mingw32/bin/../lib/gcc/nios2-elf/5.3.0/../../../../../H-x86_64-mingw32/nios2-elf/lib/mno-hw-mul\libc.a(lib_a-atexit.o)
 .bss           0x00000000000151f4        0x0 c:/intelfpga_lite/18.1/nios2eds/bin/gnu/h-x86_64-mingw32/bin/../lib/gcc/nios2-elf/5.3.0/../../../../../H-x86_64-mingw32/nios2-elf/lib/mno-hw-mul\libc.a(lib_a-exit.o)
 .bss           0x00000000000151f4        0x0 c:/intelfpga_lite/18.1/nios2eds/bin/gnu/h-x86_64-mingw32/bin/../lib/gcc/nios2-elf/5.3.0/../../../../../H-x86_64-mingw32/nios2-elf/lib/mno-hw-mul\libc.a(lib_a-impure.o)
 .bss           0x00000000000151f4        0x0 c:/intelfpga_lite/18.1/nios2eds/bin/gnu/h-x86_64-mingw32/bin/../lib/gcc/nios2-elf/5.3.0/../../../../../H-x86_64-mingw32/nios2-elf/lib/mno-hw-mul\libc.a(lib_a-int_errno.o)
 .bss           0x00000000000151f4        0x0 c:/intelfpga_lite/18.1/nios2eds/bin/gnu/h-x86_64-mingw32/bin/../lib/gcc/nios2-elf/5.3.0/../../../../../H-x86_64-mingw32/nios2-elf/lib/mno-hw-mul\libc.a(lib_a-memcmp.o)
 .bss           0x00000000000151f4        0x0 c:/intelfpga_lite/18.1/nios2eds/bin/gnu/h-x86_64-mingw32/bin/../lib/gcc/nios2-elf/5.3.0/../../../../../H-x86_64-mingw32/nios2-elf/lib/mno-hw-mul\libc.a(lib_a-memcpy.o)
 .bss           0x00000000000151f4        0x0 c:/intelfpga_lite/18.1/nios2eds/bin/gnu/h-x86_64-mingw32/bin/../lib/gcc/nios2-elf/5.3.0/../../../../../H-x86_64-mingw32/nios2-elf/lib/mno-hw-mul\libc.a(lib_a-strlen.o)
 .bss           0x00000000000151f4        0x0 c:/intelfpga_lite/18.1/nios2eds/bin/gnu/h-x86_64-mingw32/bin/../lib/gcc/nios2-elf/5.3.0/../../../../../H-x86_64-mingw32/nios2-elf/lib/mno-hw-mul\libc.a(lib_a-__atexit.o)
 .bss           0x00000000000151f4        0x0 c:/intelfpga_lite/18.1/nios2eds/bin/gnu/h-x86_64-mingw32/bin/../lib/gcc/nios2-elf/5.3.0/../../../../../H-x86_64-mingw32/nios2-elf/lib/mno-hw-mul\libc.a(lib_a-__call_atexit.o)
 .bss           0x00000000000151f4        0x0 c:/intelfpga_lite/18.1/nios2eds/bin/gnu/h-x86_64-mingw32/bin/../lib/gcc/nios2-elf/5.3.0/mno-hw-mul\libgcc.a(lib2-mul.o)
 .bss           0x00000000000151f4        0x0 ../BSP\libhal_bsp.a(alt_exit.o)
 *(COMMON)
 COMMON         0x00000000000151f4      0x100 ../BSP\libhal_bsp.a(alt_irq_handler.o)
                0x00000000000151f4                alt_irq
                0x00000000000152f4                . = ALIGN (0x4)
                0x00000000000152f4                __bss_end = ABSOLUTE (.)

.onchip_memory2_0
                0x00000000000152f4        0x0
                [!provide]                        PROVIDE (_alt_partition_onchip_memory2_0_start, ABSOLUTE (.))
 *(.onchip_memory2_0 .onchip_memory2_0. onchip_memory2_0.*)
                0x00000000000152f4                . = ALIGN (0x4)
                [!provide]                        PROVIDE (_alt_partition_onchip_memory2_0_end, ABSOLUTE (.))
                0x00000000000152f4                _end = ABSOLUTE (.)
                0x00000000000152f4                end = ABSOLUTE (.)
                0x00000000000152f4                __alt_stack_base = ABSOLUTE (.)
                [!provide]                        PROVIDE (_alt_partition_onchip_memory2_0_load_addr, LOADADDR (.onchip_memory2_0))

.stab
 *(.stab)

.stabstr
 *(.stabstr)

.stab.excl
 *(.stab.excl)

.stab.exclstr
 *(.stab.exclstr)

.stab.index
 *(.stab.index)

.stab.indexstr
 *(.stab.indexstr)

.comment        0x0000000000000000       0x23
 *(.comment)
 .comment       0x0000000000000000       0x23 obj/default/compteur.o
                                         0x24 (size before relaxing)
 .comment       0x0000000000000023       0x24 ../BSP\libhal_bsp.a(alt_load.o)
 .comment       0x0000000000000023       0x24 ../BSP\libhal_bsp.a(alt_main.o)
 .comment       0x0000000000000023       0x24 ../BSP\libhal_bsp.a(alt_sys_init.o)
 .comment       0x0000000000000023       0x24 ../BSP\libhal_bsp.a(altera_avalon_jtag_uart_fd.o)
 .comment       0x0000000000000023       0x24 ../BSP\libhal_bsp.a(altera_avalon_jtag_uart_init.o)
 .comment       0x0000000000000023       0x24 ../BSP\libhal_bsp.a(altera_avalon_jtag_uart_ioctl.o)
 .comment       0x0000000000000023       0x24 ../BSP\libhal_bsp.a(altera_avalon_jtag_uart_read.o)
 .comment       0x0000000000000023       0x24 ../BSP\libhal_bsp.a(altera_avalon_jtag_uart_write.o)
 .comment       0x0000000000000023       0x24 ../BSP\libhal_bsp.a(alt_alarm_start.o)
 .comment       0x0000000000000023       0x24 ../BSP\libhal_bsp.a(alt_close.o)
 .comment       0x0000000000000023       0x24 ../BSP\libhal_bsp.a(alt_dcache_flush_all.o)
 .comment       0x0000000000000023       0x24 ../BSP\libhal_bsp.a(alt_dev.o)
 .comment       0x0000000000000023       0x24 ../BSP\libhal_bsp.a(alt_dev_llist_insert.o)
 .comment       0x0000000000000023       0x24 ../BSP\libhal_bsp.a(alt_do_ctors.o)
 .comment       0x0000000000000023       0x24 ../BSP\libhal_bsp.a(alt_do_dtors.o)
 .comment       0x0000000000000023       0x24 ../BSP\libhal_bsp.a(alt_errno.o)
 .comment       0x0000000000000023       0x24 ../BSP\libhal_bsp.a(alt_icache_flush_all.o)
 .comment       0x0000000000000023       0x24 ../BSP\libhal_bsp.a(alt_iic.o)
 .comment       0x0000000000000023       0x24 ../BSP\libhal_bsp.a(alt_iic_isr_register.o)
 .comment       0x0000000000000023       0x24 ../BSP\libhal_bsp.a(alt_io_redirect.o)
 .comment       0x0000000000000023       0x24 ../BSP\libhal_bsp.a(alt_irq_handler.o)
 .comment       0x0000000000000023       0x24 ../BSP\libhal_bsp.a(alt_irq_vars.o)
 .comment       0x0000000000000023       0x24 ../BSP\libhal_bsp.a(alt_open.o)
 .comment       0x0000000000000023       0x24 ../BSP\libhal_bsp.a(alt_release_fd.o)
 .comment       0x0000000000000023       0x24 ../BSP\libhal_bsp.a(alt_tick.o)
 .comment       0x0000000000000023       0x24 ../BSP\libhal_bsp.a(altera_nios2_gen2_irq.o)
 .comment       0x0000000000000023       0x24 ../BSP\libhal_bsp.a(alt_find_dev.o)
 .comment       0x0000000000000023       0x24 ../BSP\libhal_bsp.a(alt_find_file.o)
 .comment       0x0000000000000023       0x24 ../BSP\libhal_bsp.a(alt_get_fd.o)
 .comment       0x0000000000000023       0x24 ../BSP\libhal_bsp.a(alt_instruction_exception_entry.o)
 .comment       0x0000000000000023       0x24 c:/intelfpga_lite/18.1/nios2eds/bin/gnu/h-x86_64-mingw32/bin/../lib/gcc/nios2-elf/5.3.0/../../../../../H-x86_64-mingw32/nios2-elf/lib/mno-hw-mul\libc.a(lib_a-atexit.o)
 .comment       0x0000000000000023       0x24 c:/intelfpga_lite/18.1/nios2eds/bin/gnu/h-x86_64-mingw32/bin/../lib/gcc/nios2-elf/5.3.0/../../../../../H-x86_64-mingw32/nios2-elf/lib/mno-hw-mul\libc.a(lib_a-exit.o)
 .comment       0x0000000000000023       0x24 c:/intelfpga_lite/18.1/nios2eds/bin/gnu/h-x86_64-mingw32/bin/../lib/gcc/nios2-elf/5.3.0/../../../../../H-x86_64-mingw32/nios2-elf/lib/mno-hw-mul\libc.a(lib_a-impure.o)
 .comment       0x0000000000000023       0x24 c:/intelfpga_lite/18.1/nios2eds/bin/gnu/h-x86_64-mingw32/bin/../lib/gcc/nios2-elf/5.3.0/../../../../../H-x86_64-mingw32/nios2-elf/lib/mno-hw-mul\libc.a(lib_a-int_errno.o)
 .comment       0x0000000000000023       0x24 c:/intelfpga_lite/18.1/nios2eds/bin/gnu/h-x86_64-mingw32/bin/../lib/gcc/nios2-elf/5.3.0/../../../../../H-x86_64-mingw32/nios2-elf/lib/mno-hw-mul\libc.a(lib_a-memcmp.o)
 .comment       0x0000000000000023       0x24 c:/intelfpga_lite/18.1/nios2eds/bin/gnu/h-x86_64-mingw32/bin/../lib/gcc/nios2-elf/5.3.0/../../../../../H-x86_64-mingw32/nios2-elf/lib/mno-hw-mul\libc.a(lib_a-memcpy.o)
 .comment       0x0000000000000023       0x24 c:/intelfpga_lite/18.1/nios2eds/bin/gnu/h-x86_64-mingw32/bin/../lib/gcc/nios2-elf/5.3.0/../../../../../H-x86_64-mingw32/nios2-elf/lib/mno-hw-mul\libc.a(lib_a-strlen.o)
 .comment       0x0000000000000023       0x24 c:/intelfpga_lite/18.1/nios2eds/bin/gnu/h-x86_64-mingw32/bin/../lib/gcc/nios2-elf/5.3.0/../../../../../H-x86_64-mingw32/nios2-elf/lib/mno-hw-mul\libc.a(lib_a-__atexit.o)
 .comment       0x0000000000000023       0x24 c:/intelfpga_lite/18.1/nios2eds/bin/gnu/h-x86_64-mingw32/bin/../lib/gcc/nios2-elf/5.3.0/../../../../../H-x86_64-mingw32/nios2-elf/lib/mno-hw-mul\libc.a(lib_a-__call_atexit.o)
 .comment       0x0000000000000023       0x24 c:/intelfpga_lite/18.1/nios2eds/bin/gnu/h-x86_64-mingw32/bin/../lib/gcc/nios2-elf/5.3.0/mno-hw-mul\libgcc.a(lib2-mul.o)
 .comment       0x0000000000000023       0x24 ../BSP\libhal_bsp.a(alt_exit.o)

.debug
 *(.debug)

.line
 *(.line)

.debug_srcinfo
 *(.debug_srcinfo)

.debug_sfnames
 *(.debug_sfnames)

.debug_aranges  0x0000000000000000      0x5b8
 *(.debug_aranges)
 .debug_aranges
                0x0000000000000000       0x28 ../BSP/obj/HAL/src/crt0.o
 .debug_aranges
                0x0000000000000028       0x20 obj/default/compteur.o
 .debug_aranges
                0x0000000000000048       0x20 ../BSP\libhal_bsp.a(alt_load.o)
 .debug_aranges
                0x0000000000000068       0x20 ../BSP\libhal_bsp.a(alt_main.o)
 .debug_aranges
                0x0000000000000088       0x20 ../BSP\libhal_bsp.a(alt_sys_init.o)
 .debug_aranges
                0x00000000000000a8       0x20 ../BSP\libhal_bsp.a(altera_avalon_jtag_uart_fd.o)
 .debug_aranges
                0x00000000000000c8       0x20 ../BSP\libhal_bsp.a(altera_avalon_jtag_uart_init.o)
 .debug_aranges
                0x00000000000000e8       0x20 ../BSP\libhal_bsp.a(altera_avalon_jtag_uart_ioctl.o)
 .debug_aranges
                0x0000000000000108       0x20 ../BSP\libhal_bsp.a(altera_avalon_jtag_uart_read.o)
 .debug_aranges
                0x0000000000000128       0x20 ../BSP\libhal_bsp.a(altera_avalon_jtag_uart_write.o)
 .debug_aranges
                0x0000000000000148       0x20 ../BSP\libhal_bsp.a(alt_alarm_start.o)
 .debug_aranges
                0x0000000000000168       0x20 ../BSP\libhal_bsp.a(alt_close.o)
 .debug_aranges
                0x0000000000000188       0x20 ../BSP\libhal_bsp.a(alt_dcache_flush_all.o)
 .debug_aranges
                0x00000000000001a8       0x20 ../BSP\libhal_bsp.a(alt_dev.o)
 .debug_aranges
                0x00000000000001c8       0x20 ../BSP\libhal_bsp.a(alt_dev_llist_insert.o)
 .debug_aranges
                0x00000000000001e8       0x20 ../BSP\libhal_bsp.a(alt_do_ctors.o)
 .debug_aranges
                0x0000000000000208       0x20 ../BSP\libhal_bsp.a(alt_do_dtors.o)
 .debug_aranges
                0x0000000000000228       0x18 ../BSP\libhal_bsp.a(alt_errno.o)
 .debug_aranges
                0x0000000000000240       0x20 ../BSP\libhal_bsp.a(alt_icache_flush_all.o)
 .debug_aranges
                0x0000000000000260       0x20 ../BSP\libhal_bsp.a(alt_iic.o)
 .debug_aranges
                0x0000000000000280       0x20 ../BSP\libhal_bsp.a(alt_iic_isr_register.o)
 .debug_aranges
                0x00000000000002a0       0x20 ../BSP\libhal_bsp.a(alt_io_redirect.o)
 .debug_aranges
                0x00000000000002c0       0x30 ../BSP\libhal_bsp.a(alt_irq_entry.o)
 .debug_aranges
                0x00000000000002f0       0x20 ../BSP\libhal_bsp.a(alt_irq_handler.o)
 .debug_aranges
                0x0000000000000310       0x18 ../BSP\libhal_bsp.a(alt_irq_vars.o)
 .debug_aranges
                0x0000000000000328       0x20 ../BSP\libhal_bsp.a(alt_open.o)
 .debug_aranges
                0x0000000000000348       0x20 ../BSP\libhal_bsp.a(alt_release_fd.o)
 .debug_aranges
                0x0000000000000368       0x20 ../BSP\libhal_bsp.a(alt_tick.o)
 .debug_aranges
                0x0000000000000388       0x20 ../BSP\libhal_bsp.a(altera_nios2_gen2_irq.o)
 .debug_aranges
                0x00000000000003a8       0x38 ../BSP\libhal_bsp.a(alt_exception_entry.o)
 .debug_aranges
                0x00000000000003e0       0x20 ../BSP\libhal_bsp.a(alt_find_dev.o)
 .debug_aranges
                0x0000000000000400       0x20 ../BSP\libhal_bsp.a(alt_find_file.o)
 .debug_aranges
                0x0000000000000420       0x20 ../BSP\libhal_bsp.a(alt_get_fd.o)
 .debug_aranges
                0x0000000000000440       0x28 ../BSP\libhal_bsp.a(alt_instruction_exception_entry.o)
 .debug_aranges
                0x0000000000000468       0x20 c:/intelfpga_lite/18.1/nios2eds/bin/gnu/h-x86_64-mingw32/bin/../lib/gcc/nios2-elf/5.3.0/../../../../../H-x86_64-mingw32/nios2-elf/lib/mno-hw-mul\libc.a(lib_a-atexit.o)
 .debug_aranges
                0x0000000000000488       0x20 c:/intelfpga_lite/18.1/nios2eds/bin/gnu/h-x86_64-mingw32/bin/../lib/gcc/nios2-elf/5.3.0/../../../../../H-x86_64-mingw32/nios2-elf/lib/mno-hw-mul\libc.a(lib_a-exit.o)
 .debug_aranges
                0x00000000000004a8       0x18 c:/intelfpga_lite/18.1/nios2eds/bin/gnu/h-x86_64-mingw32/bin/../lib/gcc/nios2-elf/5.3.0/../../../../../H-x86_64-mingw32/nios2-elf/lib/mno-hw-mul\libc.a(lib_a-impure.o)
 .debug_aranges
                0x00000000000004c0       0x18 c:/intelfpga_lite/18.1/nios2eds/bin/gnu/h-x86_64-mingw32/bin/../lib/gcc/nios2-elf/5.3.0/../../../../../H-x86_64-mingw32/nios2-elf/lib/mno-hw-mul\libc.a(lib_a-int_errno.o)
 .debug_aranges
                0x00000000000004d8       0x20 c:/intelfpga_lite/18.1/nios2eds/bin/gnu/h-x86_64-mingw32/bin/../lib/gcc/nios2-elf/5.3.0/../../../../../H-x86_64-mingw32/nios2-elf/lib/mno-hw-mul\libc.a(lib_a-memcmp.o)
 .debug_aranges
                0x00000000000004f8       0x20 c:/intelfpga_lite/18.1/nios2eds/bin/gnu/h-x86_64-mingw32/bin/../lib/gcc/nios2-elf/5.3.0/../../../../../H-x86_64-mingw32/nios2-elf/lib/mno-hw-mul\libc.a(lib_a-memcpy.o)
 .debug_aranges
                0x0000000000000518       0x20 c:/intelfpga_lite/18.1/nios2eds/bin/gnu/h-x86_64-mingw32/bin/../lib/gcc/nios2-elf/5.3.0/../../../../../H-x86_64-mingw32/nios2-elf/lib/mno-hw-mul\libc.a(lib_a-strlen.o)
 .debug_aranges
                0x0000000000000538       0x20 c:/intelfpga_lite/18.1/nios2eds/bin/gnu/h-x86_64-mingw32/bin/../lib/gcc/nios2-elf/5.3.0/../../../../../H-x86_64-mingw32/nios2-elf/lib/mno-hw-mul\libc.a(lib_a-__atexit.o)
 .debug_aranges
                0x0000000000000558       0x20 c:/intelfpga_lite/18.1/nios2eds/bin/gnu/h-x86_64-mingw32/bin/../lib/gcc/nios2-elf/5.3.0/../../../../../H-x86_64-mingw32/nios2-elf/lib/mno-hw-mul\libc.a(lib_a-__call_atexit.o)
 .debug_aranges
                0x0000000000000578       0x20 c:/intelfpga_lite/18.1/nios2eds/bin/gnu/h-x86_64-mingw32/bin/../lib/gcc/nios2-elf/5.3.0/mno-hw-mul\libgcc.a(lib2-mul.o)
 .debug_aranges
                0x0000000000000598       0x20 ../BSP\libhal_bsp.a(alt_exit.o)

.debug_pubnames
 *(.debug_pubnames)

.debug_info     0x0000000000000000     0x74f2
 *(.debug_info .gnu.linkonce.wi.*)
 .debug_info    0x0000000000000000       0x62 ../BSP/obj/HAL/src/crt0.o
 .debug_info    0x0000000000000062       0xd1 obj/default/compteur.o
 .debug_info    0x0000000000000133      0x145 ../BSP\libhal_bsp.a(alt_load.o)
 .debug_info    0x0000000000000278      0x131 ../BSP\libhal_bsp.a(alt_main.o)
 .debug_info    0x00000000000003a9      0x4c3 ../BSP\libhal_bsp.a(alt_sys_init.o)
 .debug_info    0x000000000000086c      0x52e ../BSP\libhal_bsp.a(altera_avalon_jtag_uart_fd.o)
 .debug_info    0x0000000000000d9a      0x3a0 ../BSP\libhal_bsp.a(altera_avalon_jtag_uart_init.o)
 .debug_info    0x000000000000113a      0x280 ../BSP\libhal_bsp.a(altera_avalon_jtag_uart_ioctl.o)
 .debug_info    0x00000000000013ba      0x345 ../BSP\libhal_bsp.a(altera_avalon_jtag_uart_read.o)
 .debug_info    0x00000000000016ff      0x340 ../BSP\libhal_bsp.a(altera_avalon_jtag_uart_write.o)
 .debug_info    0x0000000000001a3f      0x2cc ../BSP\libhal_bsp.a(alt_alarm_start.o)
 .debug_info    0x0000000000001d0b      0x321 ../BSP\libhal_bsp.a(alt_close.o)
 .debug_info    0x000000000000202c       0x92 ../BSP\libhal_bsp.a(alt_dcache_flush_all.o)
 .debug_info    0x00000000000020be      0x49c ../BSP\libhal_bsp.a(alt_dev.o)
 .debug_info    0x000000000000255a      0x1a9 ../BSP\libhal_bsp.a(alt_dev_llist_insert.o)
 .debug_info    0x0000000000002703       0x83 ../BSP\libhal_bsp.a(alt_do_ctors.o)
 .debug_info    0x0000000000002786       0x83 ../BSP\libhal_bsp.a(alt_do_dtors.o)
 .debug_info    0x0000000000002809       0xa6 ../BSP\libhal_bsp.a(alt_errno.o)
 .debug_info    0x00000000000028af       0x92 ../BSP\libhal_bsp.a(alt_icache_flush_all.o)
 .debug_info    0x0000000000002941      0x350 ../BSP\libhal_bsp.a(alt_iic.o)
 .debug_info    0x0000000000002c91      0x1ef ../BSP\libhal_bsp.a(alt_iic_isr_register.o)
 .debug_info    0x0000000000002e80      0x4a5 ../BSP\libhal_bsp.a(alt_io_redirect.o)
 .debug_info    0x0000000000003325       0x6b ../BSP\libhal_bsp.a(alt_irq_entry.o)
 .debug_info    0x0000000000003390      0x187 ../BSP\libhal_bsp.a(alt_irq_handler.o)
 .debug_info    0x0000000000003517       0x88 ../BSP\libhal_bsp.a(alt_irq_vars.o)
 .debug_info    0x000000000000359f      0x3bb ../BSP\libhal_bsp.a(alt_open.o)
 .debug_info    0x000000000000395a      0x2b0 ../BSP\libhal_bsp.a(alt_release_fd.o)
 .debug_info    0x0000000000003c0a      0x299 ../BSP\libhal_bsp.a(alt_tick.o)
 .debug_info    0x0000000000003ea3       0x92 ../BSP\libhal_bsp.a(altera_nios2_gen2_irq.o)
 .debug_info    0x0000000000003f35       0x71 ../BSP\libhal_bsp.a(alt_exception_entry.o)
 .debug_info    0x0000000000003fa6      0x2e9 ../BSP\libhal_bsp.a(alt_find_dev.o)
 .debug_info    0x000000000000428f      0x2e6 ../BSP\libhal_bsp.a(alt_find_file.o)
 .debug_info    0x0000000000004575      0x310 ../BSP\libhal_bsp.a(alt_get_fd.o)
 .debug_info    0x0000000000004885      0x1e7 ../BSP\libhal_bsp.a(alt_instruction_exception_entry.o)
 .debug_info    0x0000000000004a6c       0xfe c:/intelfpga_lite/18.1/nios2eds/bin/gnu/h-x86_64-mingw32/bin/../lib/gcc/nios2-elf/5.3.0/../../../../../H-x86_64-mingw32/nios2-elf/lib/mno-hw-mul\libc.a(lib_a-atexit.o)
 .debug_info    0x0000000000004b6a      0x8e4 c:/intelfpga_lite/18.1/nios2eds/bin/gnu/h-x86_64-mingw32/bin/../lib/gcc/nios2-elf/5.3.0/../../../../../H-x86_64-mingw32/nios2-elf/lib/mno-hw-mul\libc.a(lib_a-exit.o)
 .debug_info    0x000000000000544e      0x8a1 c:/intelfpga_lite/18.1/nios2eds/bin/gnu/h-x86_64-mingw32/bin/../lib/gcc/nios2-elf/5.3.0/../../../../../H-x86_64-mingw32/nios2-elf/lib/mno-hw-mul\libc.a(lib_a-impure.o)
 .debug_info    0x0000000000005cef       0x8a c:/intelfpga_lite/18.1/nios2eds/bin/gnu/h-x86_64-mingw32/bin/../lib/gcc/nios2-elf/5.3.0/../../../../../H-x86_64-mingw32/nios2-elf/lib/mno-hw-mul\libc.a(lib_a-int_errno.o)
 .debug_info    0x0000000000005d79      0x11a c:/intelfpga_lite/18.1/nios2eds/bin/gnu/h-x86_64-mingw32/bin/../lib/gcc/nios2-elf/5.3.0/../../../../../H-x86_64-mingw32/nios2-elf/lib/mno-hw-mul\libc.a(lib_a-memcmp.o)
 .debug_info    0x0000000000005e93      0x144 c:/intelfpga_lite/18.1/nios2eds/bin/gnu/h-x86_64-mingw32/bin/../lib/gcc/nios2-elf/5.3.0/../../../../../H-x86_64-mingw32/nios2-elf/lib/mno-hw-mul\libc.a(lib_a-memcpy.o)
 .debug_info    0x0000000000005fd7       0xe2 c:/intelfpga_lite/18.1/nios2eds/bin/gnu/h-x86_64-mingw32/bin/../lib/gcc/nios2-elf/5.3.0/../../../../../H-x86_64-mingw32/nios2-elf/lib/mno-hw-mul\libc.a(lib_a-strlen.o)
 .debug_info    0x00000000000060b9      0x934 c:/intelfpga_lite/18.1/nios2eds/bin/gnu/h-x86_64-mingw32/bin/../lib/gcc/nios2-elf/5.3.0/../../../../../H-x86_64-mingw32/nios2-elf/lib/mno-hw-mul\libc.a(lib_a-__atexit.o)
 .debug_info    0x00000000000069ed      0x965 c:/intelfpga_lite/18.1/nios2eds/bin/gnu/h-x86_64-mingw32/bin/../lib/gcc/nios2-elf/5.3.0/../../../../../H-x86_64-mingw32/nios2-elf/lib/mno-hw-mul\libc.a(lib_a-__call_atexit.o)
 .debug_info    0x0000000000007352       0xb4 c:/intelfpga_lite/18.1/nios2eds/bin/gnu/h-x86_64-mingw32/bin/../lib/gcc/nios2-elf/5.3.0/mno-hw-mul\libgcc.a(lib2-mul.o)
 .debug_info    0x0000000000007406       0xec ../BSP\libhal_bsp.a(alt_exit.o)

.debug_abbrev   0x0000000000000000     0x291b
 *(.debug_abbrev)
 .debug_abbrev  0x0000000000000000       0x12 ../BSP/obj/HAL/src/crt0.o
 .debug_abbrev  0x0000000000000012       0x67 obj/default/compteur.o
 .debug_abbrev  0x0000000000000079       0x9f ../BSP\libhal_bsp.a(alt_load.o)
 .debug_abbrev  0x0000000000000118       0xba ../BSP\libhal_bsp.a(alt_main.o)
 .debug_abbrev  0x00000000000001d2      0x187 ../BSP\libhal_bsp.a(alt_sys_init.o)
 .debug_abbrev  0x0000000000000359      0x127 ../BSP\libhal_bsp.a(altera_avalon_jtag_uart_fd.o)
 .debug_abbrev  0x0000000000000480      0x19e ../BSP\libhal_bsp.a(altera_avalon_jtag_uart_init.o)
 .debug_abbrev  0x000000000000061e      0x111 ../BSP\libhal_bsp.a(altera_avalon_jtag_uart_ioctl.o)
 .debug_abbrev  0x000000000000072f      0x1aa ../BSP\libhal_bsp.a(altera_avalon_jtag_uart_read.o)
 .debug_abbrev  0x00000000000008d9      0x1a8 ../BSP\libhal_bsp.a(altera_avalon_jtag_uart_write.o)
 .debug_abbrev  0x0000000000000a81      0x162 ../BSP\libhal_bsp.a(alt_alarm_start.o)
 .debug_abbrev  0x0000000000000be3      0x11f ../BSP\libhal_bsp.a(alt_close.o)
 .debug_abbrev  0x0000000000000d02       0x42 ../BSP\libhal_bsp.a(alt_dcache_flush_all.o)
 .debug_abbrev  0x0000000000000d44       0xd9 ../BSP\libhal_bsp.a(alt_dev.o)
 .debug_abbrev  0x0000000000000e1d      0x114 ../BSP\libhal_bsp.a(alt_dev_llist_insert.o)
 .debug_abbrev  0x0000000000000f31       0x79 ../BSP\libhal_bsp.a(alt_do_ctors.o)
 .debug_abbrev  0x0000000000000faa       0x79 ../BSP\libhal_bsp.a(alt_do_dtors.o)
 .debug_abbrev  0x0000000000001023       0x5a ../BSP\libhal_bsp.a(alt_errno.o)
 .debug_abbrev  0x000000000000107d       0x42 ../BSP\libhal_bsp.a(alt_icache_flush_all.o)
 .debug_abbrev  0x00000000000010bf      0x163 ../BSP\libhal_bsp.a(alt_iic.o)
 .debug_abbrev  0x0000000000001222      0x169 ../BSP\libhal_bsp.a(alt_iic_isr_register.o)
 .debug_abbrev  0x000000000000138b      0x114 ../BSP\libhal_bsp.a(alt_io_redirect.o)
 .debug_abbrev  0x000000000000149f       0x12 ../BSP\libhal_bsp.a(alt_irq_entry.o)
 .debug_abbrev  0x00000000000014b1      0x122 ../BSP\libhal_bsp.a(alt_irq_handler.o)
 .debug_abbrev  0x00000000000015d3       0x40 ../BSP\libhal_bsp.a(alt_irq_vars.o)
 .debug_abbrev  0x0000000000001613      0x148 ../BSP\libhal_bsp.a(alt_open.o)
 .debug_abbrev  0x000000000000175b       0xde ../BSP\libhal_bsp.a(alt_release_fd.o)
 .debug_abbrev  0x0000000000001839      0x15a ../BSP\libhal_bsp.a(alt_tick.o)
 .debug_abbrev  0x0000000000001993       0x42 ../BSP\libhal_bsp.a(altera_nios2_gen2_irq.o)
 .debug_abbrev  0x00000000000019d5       0x12 ../BSP\libhal_bsp.a(alt_exception_entry.o)
 .debug_abbrev  0x00000000000019e7       0xf0 ../BSP\libhal_bsp.a(alt_find_dev.o)
 .debug_abbrev  0x0000000000001ad7       0xf0 ../BSP\libhal_bsp.a(alt_find_file.o)
 .debug_abbrev  0x0000000000001bc7      0x10d ../BSP\libhal_bsp.a(alt_get_fd.o)
 .debug_abbrev  0x0000000000001cd4       0xdc ../BSP\libhal_bsp.a(alt_instruction_exception_entry.o)
 .debug_abbrev  0x0000000000001db0       0xaa c:/intelfpga_lite/18.1/nios2eds/bin/gnu/h-x86_64-mingw32/bin/../lib/gcc/nios2-elf/5.3.0/../../../../../H-x86_64-mingw32/nios2-elf/lib/mno-hw-mul\libc.a(lib_a-atexit.o)
 .debug_abbrev  0x0000000000001e5a      0x1e5 c:/intelfpga_lite/18.1/nios2eds/bin/gnu/h-x86_64-mingw32/bin/../lib/gcc/nios2-elf/5.3.0/../../../../../H-x86_64-mingw32/nios2-elf/lib/mno-hw-mul\libc.a(lib_a-exit.o)
 .debug_abbrev  0x000000000000203f      0x18f c:/intelfpga_lite/18.1/nios2eds/bin/gnu/h-x86_64-mingw32/bin/../lib/gcc/nios2-elf/5.3.0/../../../../../H-x86_64-mingw32/nios2-elf/lib/mno-hw-mul\libc.a(lib_a-impure.o)
 .debug_abbrev  0x00000000000021ce       0x37 c:/intelfpga_lite/18.1/nios2eds/bin/gnu/h-x86_64-mingw32/bin/../lib/gcc/nios2-elf/5.3.0/../../../../../H-x86_64-mingw32/nios2-elf/lib/mno-hw-mul\libc.a(lib_a-int_errno.o)
 .debug_abbrev  0x0000000000002205       0x7f c:/intelfpga_lite/18.1/nios2eds/bin/gnu/h-x86_64-mingw32/bin/../lib/gcc/nios2-elf/5.3.0/../../../../../H-x86_64-mingw32/nios2-elf/lib/mno-hw-mul\libc.a(lib_a-memcmp.o)
 .debug_abbrev  0x0000000000002284       0xa3 c:/intelfpga_lite/18.1/nios2eds/bin/gnu/h-x86_64-mingw32/bin/../lib/gcc/nios2-elf/5.3.0/../../../../../H-x86_64-mingw32/nios2-elf/lib/mno-hw-mul\libc.a(lib_a-memcpy.o)
 .debug_abbrev  0x0000000000002327       0x90 c:/intelfpga_lite/18.1/nios2eds/bin/gnu/h-x86_64-mingw32/bin/../lib/gcc/nios2-elf/5.3.0/../../../../../H-x86_64-mingw32/nios2-elf/lib/mno-hw-mul\libc.a(lib_a-strlen.o)
 .debug_abbrev  0x00000000000023b7      0x21e c:/intelfpga_lite/18.1/nios2eds/bin/gnu/h-x86_64-mingw32/bin/../lib/gcc/nios2-elf/5.3.0/../../../../../H-x86_64-mingw32/nios2-elf/lib/mno-hw-mul\libc.a(lib_a-__atexit.o)
 .debug_abbrev  0x00000000000025d5      0x22e c:/intelfpga_lite/18.1/nios2eds/bin/gnu/h-x86_64-mingw32/bin/../lib/gcc/nios2-elf/5.3.0/../../../../../H-x86_64-mingw32/nios2-elf/lib/mno-hw-mul\libc.a(lib_a-__call_atexit.o)
 .debug_abbrev  0x0000000000002803       0x6f c:/intelfpga_lite/18.1/nios2eds/bin/gnu/h-x86_64-mingw32/bin/../lib/gcc/nios2-elf/5.3.0/mno-hw-mul\libgcc.a(lib2-mul.o)
 .debug_abbrev  0x0000000000002872       0xa9 ../BSP\libhal_bsp.a(alt_exit.o)

.debug_line     0x0000000000000000     0x29eb
 *(.debug_line)
 .debug_line    0x0000000000000000       0x66 ../BSP/obj/HAL/src/crt0.o
 .debug_line    0x0000000000000066       0xd8 obj/default/compteur.o
 .debug_line    0x000000000000013e       0x8e ../BSP\libhal_bsp.a(alt_load.o)
 .debug_line    0x00000000000001cc       0xa4 ../BSP\libhal_bsp.a(alt_main.o)
 .debug_line    0x0000000000000270      0x136 ../BSP\libhal_bsp.a(alt_sys_init.o)
 .debug_line    0x00000000000003a6      0x12f ../BSP\libhal_bsp.a(altera_avalon_jtag_uart_fd.o)
 .debug_line    0x00000000000004d5      0x18b ../BSP\libhal_bsp.a(altera_avalon_jtag_uart_init.o)
 .debug_line    0x0000000000000660      0x131 ../BSP\libhal_bsp.a(altera_avalon_jtag_uart_ioctl.o)
 .debug_line    0x0000000000000791      0x171 ../BSP\libhal_bsp.a(altera_avalon_jtag_uart_read.o)
 .debug_line    0x0000000000000902      0x170 ../BSP\libhal_bsp.a(altera_avalon_jtag_uart_write.o)
 .debug_line    0x0000000000000a72       0xf9 ../BSP\libhal_bsp.a(alt_alarm_start.o)
 .debug_line    0x0000000000000b6b      0x165 ../BSP\libhal_bsp.a(alt_close.o)
 .debug_line    0x0000000000000cd0       0x51 ../BSP\libhal_bsp.a(alt_dcache_flush_all.o)
 .debug_line    0x0000000000000d21       0xf8 ../BSP\libhal_bsp.a(alt_dev.o)
 .debug_line    0x0000000000000e19       0xcf ../BSP\libhal_bsp.a(alt_dev_llist_insert.o)
 .debug_line    0x0000000000000ee8       0x59 ../BSP\libhal_bsp.a(alt_do_ctors.o)
 .debug_line    0x0000000000000f41       0x59 ../BSP\libhal_bsp.a(alt_do_dtors.o)
 .debug_line    0x0000000000000f9a       0x51 ../BSP\libhal_bsp.a(alt_errno.o)
 .debug_line    0x0000000000000feb       0x4f ../BSP\libhal_bsp.a(alt_icache_flush_all.o)
 .debug_line    0x000000000000103a       0xeb ../BSP\libhal_bsp.a(alt_iic.o)
 .debug_line    0x0000000000001125       0xdb ../BSP\libhal_bsp.a(alt_iic_isr_register.o)
 .debug_line    0x0000000000001200      0x135 ../BSP\libhal_bsp.a(alt_io_redirect.o)
 .debug_line    0x0000000000001335       0x6b ../BSP\libhal_bsp.a(alt_irq_entry.o)
 .debug_line    0x00000000000013a0       0xaa ../BSP\libhal_bsp.a(alt_irq_handler.o)
 .debug_line    0x000000000000144a       0x50 ../BSP\libhal_bsp.a(alt_irq_vars.o)
 .debug_line    0x000000000000149a      0x12b ../BSP\libhal_bsp.a(alt_open.o)
 .debug_line    0x00000000000015c5       0xb0 ../BSP\libhal_bsp.a(alt_release_fd.o)
 .debug_line    0x0000000000001675       0xff ../BSP\libhal_bsp.a(alt_tick.o)
 .debug_line    0x0000000000001774       0x51 ../BSP\libhal_bsp.a(altera_nios2_gen2_irq.o)
 .debug_line    0x00000000000017c5       0xb3 ../BSP\libhal_bsp.a(alt_exception_entry.o)
 .debug_line    0x0000000000001878       0xb5 ../BSP\libhal_bsp.a(alt_find_dev.o)
 .debug_line    0x000000000000192d       0xd1 ../BSP\libhal_bsp.a(alt_find_file.o)
 .debug_line    0x00000000000019fe       0xd7 ../BSP\libhal_bsp.a(alt_get_fd.o)
 .debug_line    0x0000000000001ad5       0xb9 ../BSP\libhal_bsp.a(alt_instruction_exception_entry.o)
 .debug_line    0x0000000000001b8e       0xe7 c:/intelfpga_lite/18.1/nios2eds/bin/gnu/h-x86_64-mingw32/bin/../lib/gcc/nios2-elf/5.3.0/../../../../../H-x86_64-mingw32/nios2-elf/lib/mno-hw-mul\libc.a(lib_a-atexit.o)
 .debug_line    0x0000000000001c75      0x1fc c:/intelfpga_lite/18.1/nios2eds/bin/gnu/h-x86_64-mingw32/bin/../lib/gcc/nios2-elf/5.3.0/../../../../../H-x86_64-mingw32/nios2-elf/lib/mno-hw-mul\libc.a(lib_a-exit.o)
 .debug_line    0x0000000000001e71      0x160 c:/intelfpga_lite/18.1/nios2eds/bin/gnu/h-x86_64-mingw32/bin/../lib/gcc/nios2-elf/5.3.0/../../../../../H-x86_64-mingw32/nios2-elf/lib/mno-hw-mul\libc.a(lib_a-impure.o)
 .debug_line    0x0000000000001fd1       0x5f c:/intelfpga_lite/18.1/nios2eds/bin/gnu/h-x86_64-mingw32/bin/../lib/gcc/nios2-elf/5.3.0/../../../../../H-x86_64-mingw32/nios2-elf/lib/mno-hw-mul\libc.a(lib_a-int_errno.o)
 .debug_line    0x0000000000002030      0x176 c:/intelfpga_lite/18.1/nios2eds/bin/gnu/h-x86_64-mingw32/bin/../lib/gcc/nios2-elf/5.3.0/../../../../../H-x86_64-mingw32/nios2-elf/lib/mno-hw-mul\libc.a(lib_a-memcmp.o)
 .debug_line    0x00000000000021a6      0x18c c:/intelfpga_lite/18.1/nios2eds/bin/gnu/h-x86_64-mingw32/bin/../lib/gcc/nios2-elf/5.3.0/../../../../../H-x86_64-mingw32/nios2-elf/lib/mno-hw-mul\libc.a(lib_a-memcpy.o)
 .debug_line    0x0000000000002332      0x16f c:/intelfpga_lite/18.1/nios2eds/bin/gnu/h-x86_64-mingw32/bin/../lib/gcc/nios2-elf/5.3.0/../../../../../H-x86_64-mingw32/nios2-elf/lib/mno-hw-mul\libc.a(lib_a-strlen.o)
 .debug_line    0x00000000000024a1      0x21f c:/intelfpga_lite/18.1/nios2eds/bin/gnu/h-x86_64-mingw32/bin/../lib/gcc/nios2-elf/5.3.0/../../../../../H-x86_64-mingw32/nios2-elf/lib/mno-hw-mul\libc.a(lib_a-__atexit.o)
 .debug_line    0x00000000000026c0      0x23a c:/intelfpga_lite/18.1/nios2eds/bin/gnu/h-x86_64-mingw32/bin/../lib/gcc/nios2-elf/5.3.0/../../../../../H-x86_64-mingw32/nios2-elf/lib/mno-hw-mul\libc.a(lib_a-__call_atexit.o)
 .debug_line    0x00000000000028fa       0x80 c:/intelfpga_lite/18.1/nios2eds/bin/gnu/h-x86_64-mingw32/bin/../lib/gcc/nios2-elf/5.3.0/mno-hw-mul\libgcc.a(lib2-mul.o)
 .debug_line    0x000000000000297a       0x71 ../BSP\libhal_bsp.a(alt_exit.o)

.debug_frame    0x0000000000000000      0xaa4
 *(.debug_frame)
 .debug_frame   0x0000000000000000       0x2c obj/default/compteur.o
 .debug_frame   0x000000000000002c       0x5c ../BSP\libhal_bsp.a(alt_load.o)
 .debug_frame   0x0000000000000088       0x2c ../BSP\libhal_bsp.a(alt_main.o)
 .debug_frame   0x00000000000000b4       0x88 ../BSP\libhal_bsp.a(alt_sys_init.o)
 .debug_frame   0x000000000000013c       0xb0 ../BSP\libhal_bsp.a(altera_avalon_jtag_uart_fd.o)
 .debug_frame   0x00000000000001ec       0xa4 ../BSP\libhal_bsp.a(altera_avalon_jtag_uart_init.o)
 .debug_frame   0x0000000000000290       0x34 ../BSP\libhal_bsp.a(altera_avalon_jtag_uart_ioctl.o)
 .debug_frame   0x00000000000002c4       0x38 ../BSP\libhal_bsp.a(altera_avalon_jtag_uart_read.o)
 .debug_frame   0x00000000000002fc       0x38 ../BSP\libhal_bsp.a(altera_avalon_jtag_uart_write.o)
 .debug_frame   0x0000000000000334       0x34 ../BSP\libhal_bsp.a(alt_alarm_start.o)
 .debug_frame   0x0000000000000368       0x60 ../BSP\libhal_bsp.a(alt_close.o)
 .debug_frame   0x00000000000003c8       0x34 ../BSP\libhal_bsp.a(alt_dcache_flush_all.o)
 .debug_frame   0x00000000000003fc       0x34 ../BSP\libhal_bsp.a(alt_dev.o)
 .debug_frame   0x0000000000000430       0x60 ../BSP\libhal_bsp.a(alt_dev_llist_insert.o)
 .debug_frame   0x0000000000000490       0x38 ../BSP\libhal_bsp.a(alt_do_ctors.o)
 .debug_frame   0x00000000000004c8       0x38 ../BSP\libhal_bsp.a(alt_do_dtors.o)
 .debug_frame   0x0000000000000500       0x34 ../BSP\libhal_bsp.a(alt_icache_flush_all.o)
 .debug_frame   0x0000000000000534       0xa4 ../BSP\libhal_bsp.a(alt_iic.o)
 .debug_frame   0x00000000000005d8       0x38 ../BSP\libhal_bsp.a(alt_iic_isr_register.o)
 .debug_frame   0x0000000000000610       0x64 ../BSP\libhal_bsp.a(alt_io_redirect.o)
 .debug_frame   0x0000000000000674       0x38 ../BSP\libhal_bsp.a(alt_irq_handler.o)
 .debug_frame   0x00000000000006ac       0x8c ../BSP\libhal_bsp.a(alt_open.o)
 .debug_frame   0x0000000000000738       0x3c ../BSP\libhal_bsp.a(alt_release_fd.o)
 .debug_frame   0x0000000000000774       0x5c ../BSP\libhal_bsp.a(alt_tick.o)
 .debug_frame   0x00000000000007d0       0x34 ../BSP\libhal_bsp.a(altera_nios2_gen2_irq.o)
 .debug_frame   0x0000000000000804       0x38 ../BSP\libhal_bsp.a(alt_find_dev.o)
 .debug_frame   0x000000000000083c       0x38 ../BSP\libhal_bsp.a(alt_find_file.o)
 .debug_frame   0x0000000000000874       0x3c ../BSP\libhal_bsp.a(alt_get_fd.o)
 .debug_frame   0x00000000000008b0       0x5c ../BSP\libhal_bsp.a(alt_instruction_exception_entry.o)
 .debug_frame   0x000000000000090c       0x20 c:/intelfpga_lite/18.1/nios2eds/bin/gnu/h-x86_64-mingw32/bin/../lib/gcc/nios2-elf/5.3.0/../../../../../H-x86_64-mingw32/nios2-elf/lib/mno-hw-mul\libc.a(lib_a-atexit.o)
 .debug_frame   0x000000000000092c       0x28 c:/intelfpga_lite/18.1/nios2eds/bin/gnu/h-x86_64-mingw32/bin/../lib/gcc/nios2-elf/5.3.0/../../../../../H-x86_64-mingw32/nios2-elf/lib/mno-hw-mul\libc.a(lib_a-exit.o)
 .debug_frame   0x0000000000000954       0x20 c:/intelfpga_lite/18.1/nios2eds/bin/gnu/h-x86_64-mingw32/bin/../lib/gcc/nios2-elf/5.3.0/../../../../../H-x86_64-mingw32/nios2-elf/lib/mno-hw-mul\libc.a(lib_a-memcmp.o)
 .debug_frame   0x0000000000000974       0x38 c:/intelfpga_lite/18.1/nios2eds/bin/gnu/h-x86_64-mingw32/bin/../lib/gcc/nios2-elf/5.3.0/../../../../../H-x86_64-mingw32/nios2-elf/lib/mno-hw-mul\libc.a(lib_a-memcpy.o)
 .debug_frame   0x00000000000009ac       0x20 c:/intelfpga_lite/18.1/nios2eds/bin/gnu/h-x86_64-mingw32/bin/../lib/gcc/nios2-elf/5.3.0/../../../../../H-x86_64-mingw32/nios2-elf/lib/mno-hw-mul\libc.a(lib_a-strlen.o)
 .debug_frame   0x00000000000009cc       0x38 c:/intelfpga_lite/18.1/nios2eds/bin/gnu/h-x86_64-mingw32/bin/../lib/gcc/nios2-elf/5.3.0/../../../../../H-x86_64-mingw32/nios2-elf/lib/mno-hw-mul\libc.a(lib_a-__atexit.o)
 .debug_frame   0x0000000000000a04       0x54 c:/intelfpga_lite/18.1/nios2eds/bin/gnu/h-x86_64-mingw32/bin/../lib/gcc/nios2-elf/5.3.0/../../../../../H-x86_64-mingw32/nios2-elf/lib/mno-hw-mul\libc.a(lib_a-__call_atexit.o)
 .debug_frame   0x0000000000000a58       0x20 c:/intelfpga_lite/18.1/nios2eds/bin/gnu/h-x86_64-mingw32/bin/../lib/gcc/nios2-elf/5.3.0/mno-hw-mul\libgcc.a(lib2-mul.o)
 .debug_frame   0x0000000000000a78       0x2c ../BSP\libhal_bsp.a(alt_exit.o)

.debug_str      0x0000000000000000     0x1b4a
 *(.debug_str)
 .debug_str     0x0000000000000000       0xf8 obj/default/compteur.o
                                        0x136 (size before relaxing)
 .debug_str     0x00000000000000f8      0x11f ../BSP\libhal_bsp.a(alt_load.o)
                                        0x206 (size before relaxing)
 .debug_str     0x0000000000000217       0x70 ../BSP\libhal_bsp.a(alt_main.o)
                                        0x191 (size before relaxing)
 .debug_str     0x0000000000000287      0x19b ../BSP\libhal_bsp.a(alt_sys_init.o)
                                        0x34c (size before relaxing)
 .debug_str     0x0000000000000422       0xb9 ../BSP\libhal_bsp.a(altera_avalon_jtag_uart_fd.o)
                                        0x398 (size before relaxing)
 .debug_str     0x00000000000004db       0xd1 ../BSP\libhal_bsp.a(altera_avalon_jtag_uart_init.o)
                                        0x32c (size before relaxing)
 .debug_str     0x00000000000005ac       0x4a ../BSP\libhal_bsp.a(altera_avalon_jtag_uart_ioctl.o)
                                        0x287 (size before relaxing)
 .debug_str     0x00000000000005f6       0x7f ../BSP\libhal_bsp.a(altera_avalon_jtag_uart_read.o)
                                        0x2dc (size before relaxing)
 .debug_str     0x0000000000000675       0x4a ../BSP\libhal_bsp.a(altera_avalon_jtag_uart_write.o)
                                        0x2dd (size before relaxing)
 .debug_str     0x00000000000006bf       0x59 ../BSP\libhal_bsp.a(alt_alarm_start.o)
                                        0x272 (size before relaxing)
 .debug_str     0x0000000000000718       0x44 ../BSP\libhal_bsp.a(alt_close.o)
                                        0x1ff (size before relaxing)
 .debug_str     0x000000000000075c       0x34 ../BSP\libhal_bsp.a(alt_dcache_flush_all.o)
                                        0x149 (size before relaxing)
 .debug_str     0x0000000000000790      0x120 ../BSP\libhal_bsp.a(alt_dev.o)
                                        0x2f9 (size before relaxing)
 .debug_str     0x00000000000008b0       0x34 ../BSP\libhal_bsp.a(alt_dev_llist_insert.o)
                                        0x1c0 (size before relaxing)
 .debug_str     0x00000000000008e4       0x48 ../BSP\libhal_bsp.a(alt_do_ctors.o)
                                         0xc4 (size before relaxing)
 .debug_str     0x000000000000092c       0x4c ../BSP\libhal_bsp.a(alt_do_dtors.o)
                                         0xc3 (size before relaxing)
 .debug_str     0x0000000000000978       0x14 ../BSP\libhal_bsp.a(alt_errno.o)
                                        0x139 (size before relaxing)
 .debug_str     0x000000000000098c       0x34 ../BSP\libhal_bsp.a(alt_icache_flush_all.o)
                                        0x149 (size before relaxing)
 .debug_str     0x00000000000009c0       0xc4 ../BSP\libhal_bsp.a(alt_iic.o)
                                        0x232 (size before relaxing)
 .debug_str     0x0000000000000a84       0x4c ../BSP\libhal_bsp.a(alt_iic_isr_register.o)
                                        0x1dc (size before relaxing)
 .debug_str     0x0000000000000ad0       0x56 ../BSP\libhal_bsp.a(alt_io_redirect.o)
                                        0x30a (size before relaxing)
 .debug_str     0x0000000000000b26       0x3a ../BSP\libhal_bsp.a(alt_irq_handler.o)
                                        0x18b (size before relaxing)
 .debug_str     0x0000000000000b60       0x17 ../BSP\libhal_bsp.a(alt_irq_vars.o)
                                        0x12e (size before relaxing)
 .debug_str     0x0000000000000b77       0x2f ../BSP\libhal_bsp.a(alt_open.o)
                                        0x23f (size before relaxing)
 .debug_str     0x0000000000000ba6       0x28 ../BSP\libhal_bsp.a(alt_release_fd.o)
                                        0x1c7 (size before relaxing)
 .debug_str     0x0000000000000bce       0x4a ../BSP\libhal_bsp.a(alt_tick.o)
                                        0x246 (size before relaxing)
 .debug_str     0x0000000000000c18       0x3b ../BSP\libhal_bsp.a(altera_nios2_gen2_irq.o)
                                        0x150 (size before relaxing)
 .debug_str     0x0000000000000c53       0x24 ../BSP\libhal_bsp.a(alt_find_dev.o)
                                        0x1e0 (size before relaxing)
 .debug_str     0x0000000000000c77       0x26 ../BSP\libhal_bsp.a(alt_find_file.o)
                                        0x1ee (size before relaxing)
 .debug_str     0x0000000000000c9d       0x30 ../BSP\libhal_bsp.a(alt_get_fd.o)
                                        0x210 (size before relaxing)
 .debug_str     0x0000000000000ccd      0x48b ../BSP\libhal_bsp.a(alt_instruction_exception_entry.o)
                                        0x594 (size before relaxing)
 .debug_str     0x0000000000001158      0x17c c:/intelfpga_lite/18.1/nios2eds/bin/gnu/h-x86_64-mingw32/bin/../lib/gcc/nios2-elf/5.3.0/../../../../../H-x86_64-mingw32/nios2-elf/lib/mno-hw-mul\libc.a(lib_a-atexit.o)
                                        0x221 (size before relaxing)
 .debug_str     0x00000000000012d4      0x3b5 c:/intelfpga_lite/18.1/nios2eds/bin/gnu/h-x86_64-mingw32/bin/../lib/gcc/nios2-elf/5.3.0/../../../../../H-x86_64-mingw32/nios2-elf/lib/mno-hw-mul\libc.a(lib_a-exit.o)
                                        0x5be (size before relaxing)
 .debug_str     0x0000000000001689       0xd6 c:/intelfpga_lite/18.1/nios2eds/bin/gnu/h-x86_64-mingw32/bin/../lib/gcc/nios2-elf/5.3.0/../../../../../H-x86_64-mingw32/nios2-elf/lib/mno-hw-mul\libc.a(lib_a-impure.o)
                                        0x5b5 (size before relaxing)
 .debug_str     0x000000000000175f       0x3f c:/intelfpga_lite/18.1/nios2eds/bin/gnu/h-x86_64-mingw32/bin/../lib/gcc/nios2-elf/5.3.0/../../../../../H-x86_64-mingw32/nios2-elf/lib/mno-hw-mul\libc.a(lib_a-int_errno.o)
                                        0x1dd (size before relaxing)
 .debug_str     0x000000000000179e       0xda c:/intelfpga_lite/18.1/nios2eds/bin/gnu/h-x86_64-mingw32/bin/../lib/gcc/nios2-elf/5.3.0/../../../../../H-x86_64-mingw32/nios2-elf/lib/mno-hw-mul\libc.a(lib_a-memcmp.o)
                                        0x1e4 (size before relaxing)
 .debug_str     0x0000000000001878       0x6b c:/intelfpga_lite/18.1/nios2eds/bin/gnu/h-x86_64-mingw32/bin/../lib/gcc/nios2-elf/5.3.0/../../../../../H-x86_64-mingw32/nios2-elf/lib/mno-hw-mul\libc.a(lib_a-memcpy.o)
                                        0x20b (size before relaxing)
 .debug_str     0x00000000000018e3       0x51 c:/intelfpga_lite/18.1/nios2eds/bin/gnu/h-x86_64-mingw32/bin/../lib/gcc/nios2-elf/5.3.0/../../../../../H-x86_64-mingw32/nios2-elf/lib/mno-hw-mul\libc.a(lib_a-strlen.o)
                                        0x1f7 (size before relaxing)
 .debug_str     0x0000000000001934       0x3f c:/intelfpga_lite/18.1/nios2eds/bin/gnu/h-x86_64-mingw32/bin/../lib/gcc/nios2-elf/5.3.0/../../../../../H-x86_64-mingw32/nios2-elf/lib/mno-hw-mul\libc.a(lib_a-__atexit.o)
                                        0x5f6 (size before relaxing)
 .debug_str     0x0000000000001973       0x65 c:/intelfpga_lite/18.1/nios2eds/bin/gnu/h-x86_64-mingw32/bin/../lib/gcc/nios2-elf/5.3.0/../../../../../H-x86_64-mingw32/nios2-elf/lib/mno-hw-mul\libc.a(lib_a-__call_atexit.o)
                                        0x5e2 (size before relaxing)
 .debug_str     0x00000000000019d8      0x148 c:/intelfpga_lite/18.1/nios2eds/bin/gnu/h-x86_64-mingw32/bin/../lib/gcc/nios2-elf/5.3.0/mno-hw-mul\libgcc.a(lib2-mul.o)
                                        0x193 (size before relaxing)
 .debug_str     0x0000000000001b20       0x2a ../BSP\libhal_bsp.a(alt_exit.o)
                                        0x145 (size before relaxing)

.debug_loc      0x0000000000000000      0x803
 *(.debug_loc)
 .debug_loc     0x0000000000000000       0x2c c:/intelfpga_lite/18.1/nios2eds/bin/gnu/h-x86_64-mingw32/bin/../lib/gcc/nios2-elf/5.3.0/../../../../../H-x86_64-mingw32/nios2-elf/lib/mno-hw-mul\libc.a(lib_a-atexit.o)
 .debug_loc     0x000000000000002c       0x1e c:/intelfpga_lite/18.1/nios2eds/bin/gnu/h-x86_64-mingw32/bin/../lib/gcc/nios2-elf/5.3.0/../../../../../H-x86_64-mingw32/nios2-elf/lib/mno-hw-mul\libc.a(lib_a-exit.o)
 .debug_loc     0x000000000000004a      0x126 c:/intelfpga_lite/18.1/nios2eds/bin/gnu/h-x86_64-mingw32/bin/../lib/gcc/nios2-elf/5.3.0/../../../../../H-x86_64-mingw32/nios2-elf/lib/mno-hw-mul\libc.a(lib_a-memcmp.o)
 .debug_loc     0x0000000000000170      0x266 c:/intelfpga_lite/18.1/nios2eds/bin/gnu/h-x86_64-mingw32/bin/../lib/gcc/nios2-elf/5.3.0/../../../../../H-x86_64-mingw32/nios2-elf/lib/mno-hw-mul\libc.a(lib_a-memcpy.o)
 .debug_loc     0x00000000000003d6       0x47 c:/intelfpga_lite/18.1/nios2eds/bin/gnu/h-x86_64-mingw32/bin/../lib/gcc/nios2-elf/5.3.0/../../../../../H-x86_64-mingw32/nios2-elf/lib/mno-hw-mul\libc.a(lib_a-strlen.o)
 .debug_loc     0x000000000000041d      0x185 c:/intelfpga_lite/18.1/nios2eds/bin/gnu/h-x86_64-mingw32/bin/../lib/gcc/nios2-elf/5.3.0/../../../../../H-x86_64-mingw32/nios2-elf/lib/mno-hw-mul\libc.a(lib_a-__atexit.o)
 .debug_loc     0x00000000000005a2      0x1ce c:/intelfpga_lite/18.1/nios2eds/bin/gnu/h-x86_64-mingw32/bin/../lib/gcc/nios2-elf/5.3.0/../../../../../H-x86_64-mingw32/nios2-elf/lib/mno-hw-mul\libc.a(lib_a-__call_atexit.o)
 .debug_loc     0x0000000000000770       0x93 c:/intelfpga_lite/18.1/nios2eds/bin/gnu/h-x86_64-mingw32/bin/../lib/gcc/nios2-elf/5.3.0/mno-hw-mul\libgcc.a(lib2-mul.o)

.debug_macinfo
 *(.debug_macinfo)

.debug_weaknames
 *(.debug_weaknames)

.debug_funcnames
 *(.debug_funcnames)

.debug_typenames
 *(.debug_typenames)

.debug_varnames
 *(.debug_varnames)

.debug_alt_sim_info
                0x0000000000000000       0x10
 *(.debug_alt_sim_info)
 .debug_alt_sim_info
                0x0000000000000000       0x10 ../BSP/obj/HAL/src/crt0.o
                0x0000000000019c40                __alt_data_end = 0x19c40
                0x0000000000019c40                PROVIDE (__alt_stack_pointer, __alt_data_end)
                [!provide]                        PROVIDE (__alt_stack_limit, __alt_stack_base)
                [!provide]                        PROVIDE (__alt_heap_start, end)
                [!provide]                        PROVIDE (__alt_heap_limit, 0x19c40)
OUTPUT(compteur.elf elf32-littlenios2)

.debug_ranges   0x0000000000000000      0x178
 .debug_ranges  0x0000000000000000       0x20 ../BSP/obj/HAL/src/crt0.o
 .debug_ranges  0x0000000000000020       0x30 ../BSP\libhal_bsp.a(altera_avalon_jtag_uart_init.o)
 .debug_ranges  0x0000000000000050       0x18 ../BSP\libhal_bsp.a(altera_avalon_jtag_uart_read.o)
 .debug_ranges  0x0000000000000068       0x28 ../BSP\libhal_bsp.a(alt_irq_entry.o)
 .debug_ranges  0x0000000000000090       0x10 ../BSP\libhal_bsp.a(alt_irq_handler.o)
 .debug_ranges  0x00000000000000a0       0x30 ../BSP\libhal_bsp.a(alt_exception_entry.o)
 .debug_ranges  0x00000000000000d0       0x18 ../BSP\libhal_bsp.a(alt_instruction_exception_entry.o)
 .debug_ranges  0x00000000000000e8       0x10 c:/intelfpga_lite/18.1/nios2eds/bin/gnu/h-x86_64-mingw32/bin/../lib/gcc/nios2-elf/5.3.0/../../../../../H-x86_64-mingw32/nios2-elf/lib/mno-hw-mul\libc.a(lib_a-atexit.o)
 .debug_ranges  0x00000000000000f8       0x10 c:/intelfpga_lite/18.1/nios2eds/bin/gnu/h-x86_64-mingw32/bin/../lib/gcc/nios2-elf/5.3.0/../../../../../H-x86_64-mingw32/nios2-elf/lib/mno-hw-mul\libc.a(lib_a-exit.o)
 .debug_ranges  0x0000000000000108       0x10 c:/intelfpga_lite/18.1/nios2eds/bin/gnu/h-x86_64-mingw32/bin/../lib/gcc/nios2-elf/5.3.0/../../../../../H-x86_64-mingw32/nios2-elf/lib/mno-hw-mul\libc.a(lib_a-memcmp.o)
 .debug_ranges  0x0000000000000118       0x10 c:/intelfpga_lite/18.1/nios2eds/bin/gnu/h-x86_64-mingw32/bin/../lib/gcc/nios2-elf/5.3.0/../../../../../H-x86_64-mingw32/nios2-elf/lib/mno-hw-mul\libc.a(lib_a-memcpy.o)
 .debug_ranges  0x0000000000000128       0x10 c:/intelfpga_lite/18.1/nios2eds/bin/gnu/h-x86_64-mingw32/bin/../lib/gcc/nios2-elf/5.3.0/../../../../../H-x86_64-mingw32/nios2-elf/lib/mno-hw-mul\libc.a(lib_a-strlen.o)
 .debug_ranges  0x0000000000000138       0x10 c:/intelfpga_lite/18.1/nios2eds/bin/gnu/h-x86_64-mingw32/bin/../lib/gcc/nios2-elf/5.3.0/../../../../../H-x86_64-mingw32/nios2-elf/lib/mno-hw-mul\libc.a(lib_a-__atexit.o)
 .debug_ranges  0x0000000000000148       0x30 c:/intelfpga_lite/18.1/nios2eds/bin/gnu/h-x86_64-mingw32/bin/../lib/gcc/nios2-elf/5.3.0/../../../../../H-x86_64-mingw32/nios2-elf/lib/mno-hw-mul\libc.a(lib_a-__call_atexit.o)
