Archive member included to satisfy reference by file (symbol)

c:/intelfpga_lite/18.1/nios2eds/bin/gnu/h-x86_64-mingw32/bin/../lib/gcc/nios2-elf/5.3.0/mno-hw-mul\libgcc.a(lib2-divmod.o)
                              obj/default/compteur.o (__udivsi3)
../BSP\libhal_bsp.a(alt_load.o)
                              ../BSP/obj/HAL/src/crt0.o (alt_load)
../BSP\libhal_bsp.a(alt_main.o)
                              ../BSP/obj/HAL/src/crt0.o (alt_main)
../BSP\libhal_bsp.a(alt_usleep.o)
                              obj/default/compteur.o (usleep)
../BSP\libhal_bsp.a(alt_sys_init.o)
                              ../BSP\libhal_bsp.a(alt_main.o) (alt_irq_init)
../BSP\libhal_bsp.a(altera_avalon_jtag_uart_fd.o)
                              ../BSP\libhal_bsp.a(alt_sys_init.o) (altera_avalon_jtag_uart_read_fd)
../BSP\libhal_bsp.a(altera_avalon_jtag_uart_init.o)
                              ../BSP\libhal_bsp.a(alt_sys_init.o) (altera_avalon_jtag_uart_init)
../BSP\libhal_bsp.a(altera_avalon_jtag_uart_ioctl.o)
                              ../BSP\libhal_bsp.a(altera_avalon_jtag_uart_fd.o) (altera_avalon_jtag_uart_ioctl)
../BSP\libhal_bsp.a(altera_avalon_jtag_uart_read.o)
                              ../BSP\libhal_bsp.a(altera_avalon_jtag_uart_fd.o) (altera_avalon_jtag_uart_read)
../BSP\libhal_bsp.a(altera_avalon_jtag_uart_write.o)
                              ../BSP\libhal_bsp.a(altera_avalon_jtag_uart_fd.o) (altera_avalon_jtag_uart_write)
../BSP\libhal_bsp.a(alt_alarm_start.o)
                              ../BSP\libhal_bsp.a(altera_avalon_jtag_uart_init.o) (alt_alarm_start)
../BSP\libhal_bsp.a(alt_busy_sleep.o)
                              ../BSP\libhal_bsp.a(alt_usleep.o) (alt_busy_sleep)
../BSP\libhal_bsp.a(alt_close.o)
                              ../BSP\libhal_bsp.a(alt_main.o) (close)
../BSP\libhal_bsp.a(alt_dcache_flush_all.o)
                              ../BSP\libhal_bsp.a(alt_load.o) (alt_dcache_flush_all)
../BSP\libhal_bsp.a(alt_dev.o)
                              ../BSP\libhal_bsp.a(alt_sys_init.o) (alt_dev_list)
../BSP\libhal_bsp.a(alt_dev_llist_insert.o)
                              ../BSP\libhal_bsp.a(alt_sys_init.o) (alt_dev_llist_insert)
../BSP\libhal_bsp.a(alt_do_ctors.o)
                              ../BSP\libhal_bsp.a(alt_main.o) (_do_ctors)
../BSP\libhal_bsp.a(alt_do_dtors.o)
                              ../BSP\libhal_bsp.a(alt_main.o) (_do_dtors)
../BSP\libhal_bsp.a(alt_errno.o)
                              ../BSP\libhal_bsp.a(alt_close.o) (alt_errno)
../BSP\libhal_bsp.a(alt_icache_flush_all.o)
                              ../BSP\libhal_bsp.a(alt_load.o) (alt_icache_flush_all)
../BSP\libhal_bsp.a(alt_iic.o)
                              ../BSP\libhal_bsp.a(altera_avalon_jtag_uart_init.o) (alt_ic_isr_register)
../BSP\libhal_bsp.a(alt_iic_isr_register.o)
                              ../BSP\libhal_bsp.a(alt_iic.o) (alt_iic_isr_register)
../BSP\libhal_bsp.a(alt_io_redirect.o)
                              ../BSP\libhal_bsp.a(alt_main.o) (alt_io_redirect)
../BSP\libhal_bsp.a(alt_irq_entry.o)
                              ../BSP\libhal_bsp.a(alt_iic_isr_register.o) (alt_irq_entry)
../BSP\libhal_bsp.a(alt_irq_handler.o)
                              ../BSP\libhal_bsp.a(alt_iic_isr_register.o) (alt_irq)
../BSP\libhal_bsp.a(alt_irq_vars.o)
                              ../BSP\libhal_bsp.a(alt_iic.o) (alt_irq_active)
../BSP\libhal_bsp.a(alt_open.o)
                              ../BSP\libhal_bsp.a(alt_io_redirect.o) (open)
../BSP\libhal_bsp.a(alt_release_fd.o)
                              ../BSP\libhal_bsp.a(alt_close.o) (alt_release_fd)
../BSP\libhal_bsp.a(alt_tick.o)
                              ../BSP\libhal_bsp.a(altera_avalon_jtag_uart_init.o) (_alt_tick_rate)
../BSP\libhal_bsp.a(altera_nios2_gen2_irq.o)
                              ../BSP\libhal_bsp.a(alt_sys_init.o) (altera_nios2_gen2_irq_init)
../BSP\libhal_bsp.a(alt_exception_entry.o)
                              ../BSP\libhal_bsp.a(alt_irq_entry.o) (alt_exception)
../BSP\libhal_bsp.a(alt_find_dev.o)
                              ../BSP\libhal_bsp.a(alt_open.o) (alt_find_dev)
../BSP\libhal_bsp.a(alt_find_file.o)
                              ../BSP\libhal_bsp.a(alt_open.o) (alt_find_file)
../BSP\libhal_bsp.a(alt_get_fd.o)
                              ../BSP\libhal_bsp.a(alt_open.o) (alt_get_fd)
../BSP\libhal_bsp.a(alt_instruction_exception_entry.o)
                              ../BSP\libhal_bsp.a(alt_exception_entry.o) (alt_instruction_exception_entry)
c:/intelfpga_lite/18.1/nios2eds/bin/gnu/h-x86_64-mingw32/bin/../lib/gcc/nios2-elf/5.3.0/../../../../../H-x86_64-mingw32/nios2-elf/lib/mno-hw-mul\libc.a(lib_a-atexit.o)
                              ../BSP\libhal_bsp.a(alt_main.o) (atexit)
c:/intelfpga_lite/18.1/nios2eds/bin/gnu/h-x86_64-mingw32/bin/../lib/gcc/nios2-elf/5.3.0/../../../../../H-x86_64-mingw32/nios2-elf/lib/mno-hw-mul\libc.a(lib_a-exit.o)
                              ../BSP\libhal_bsp.a(alt_main.o) (exit)
c:/intelfpga_lite/18.1/nios2eds/bin/gnu/h-x86_64-mingw32/bin/../lib/gcc/nios2-elf/5.3.0/../../../../../H-x86_64-mingw32/nios2-elf/lib/mno-hw-mul\libc.a(lib_a-impure.o)
                              c:/intelfpga_lite/18.1/nios2eds/bin/gnu/h-x86_64-mingw32/bin/../lib/gcc/nios2-elf/5.3.0/../../../../../H-x86_64-mingw32/nios2-elf/lib/mno-hw-mul\libc.a(lib_a-exit.o) (_global_impure_ptr)
c:/intelfpga_lite/18.1/nios2eds/bin/gnu/h-x86_64-mingw32/bin/../lib/gcc/nios2-elf/5.3.0/../../../../../H-x86_64-mingw32/nios2-elf/lib/mno-hw-mul\libc.a(lib_a-int_errno.o)
                              ../BSP\libhal_bsp.a(alt_close.o) (errno)
c:/intelfpga_lite/18.1/nios2eds/bin/gnu/h-x86_64-mingw32/bin/../lib/gcc/nios2-elf/5.3.0/../../../../../H-x86_64-mingw32/nios2-elf/lib/mno-hw-mul\libc.a(lib_a-memcmp.o)
                              ../BSP\libhal_bsp.a(alt_find_dev.o) (memcmp)
c:/intelfpga_lite/18.1/nios2eds/bin/gnu/h-x86_64-mingw32/bin/../lib/gcc/nios2-elf/5.3.0/../../../../../H-x86_64-mingw32/nios2-elf/lib/mno-hw-mul\libc.a(lib_a-memcpy.o)
                              ../BSP\libhal_bsp.a(altera_avalon_jtag_uart_read.o) (memcpy)
c:/intelfpga_lite/18.1/nios2eds/bin/gnu/h-x86_64-mingw32/bin/../lib/gcc/nios2-elf/5.3.0/../../../../../H-x86_64-mingw32/nios2-elf/lib/mno-hw-mul\libc.a(lib_a-strlen.o)
                              ../BSP\libhal_bsp.a(alt_find_dev.o) (strlen)
c:/intelfpga_lite/18.1/nios2eds/bin/gnu/h-x86_64-mingw32/bin/../lib/gcc/nios2-elf/5.3.0/../../../../../H-x86_64-mingw32/nios2-elf/lib/mno-hw-mul\libc.a(lib_a-__atexit.o)
                              c:/intelfpga_lite/18.1/nios2eds/bin/gnu/h-x86_64-mingw32/bin/../lib/gcc/nios2-elf/5.3.0/../../../../../H-x86_64-mingw32/nios2-elf/lib/mno-hw-mul\libc.a(lib_a-atexit.o) (__register_exitproc)
c:/intelfpga_lite/18.1/nios2eds/bin/gnu/h-x86_64-mingw32/bin/../lib/gcc/nios2-elf/5.3.0/../../../../../H-x86_64-mingw32/nios2-elf/lib/mno-hw-mul\libc.a(lib_a-__call_atexit.o)
                              c:/intelfpga_lite/18.1/nios2eds/bin/gnu/h-x86_64-mingw32/bin/../lib/gcc/nios2-elf/5.3.0/../../../../../H-x86_64-mingw32/nios2-elf/lib/mno-hw-mul\libc.a(lib_a-exit.o) (__call_exitprocs)
c:/intelfpga_lite/18.1/nios2eds/bin/gnu/h-x86_64-mingw32/bin/../lib/gcc/nios2-elf/5.3.0/mno-hw-mul\libgcc.a(lib2-mul.o)
                              ../BSP\libhal_bsp.a(alt_busy_sleep.o) (__mulsi3)
../BSP\libhal_bsp.a(alt_exit.o)
                              c:/intelfpga_lite/18.1/nios2eds/bin/gnu/h-x86_64-mingw32/bin/../lib/gcc/nios2-elf/5.3.0/../../../../../H-x86_64-mingw32/nios2-elf/lib/mno-hw-mul\libc.a(lib_a-exit.o) (_exit)

Allocating common symbols
Common symbol       size              file

alt_irq             0x100             ../BSP\libhal_bsp.a(alt_irq_handler.o)
errno               0x4               c:/intelfpga_lite/18.1/nios2eds/bin/gnu/h-x86_64-mingw32/bin/../lib/gcc/nios2-elf/5.3.0/../../../../../H-x86_64-mingw32/nios2-elf/lib/mno-hw-mul\libc.a(lib_a-int_errno.o)

Memory Configuration

Name             Origin             Length             Attributes
reset            0x0000000000010000 0x0000000000000020
onchip_memory2_0 0x0000000000010020 0x0000000000009c20
*default*        0x0000000000000000 0xffffffffffffffff

Linker script and memory map

LOAD ../BSP/obj/HAL/src/crt0.o
LOAD obj/default/compteur.o
LOAD c:/intelfpga_lite/18.1/nios2eds/bin/gnu/h-x86_64-mingw32/bin/../lib/gcc/nios2-elf/5.3.0/../../../../../H-x86_64-mingw32/nios2-elf/lib/mno-hw-mul\libstdc++.a
LOAD c:/intelfpga_lite/18.1/nios2eds/bin/gnu/h-x86_64-mingw32/bin/../lib/gcc/nios2-elf/5.3.0/../../../../../H-x86_64-mingw32/nios2-elf/lib/mno-hw-mul\libm.a
LOAD c:/intelfpga_lite/18.1/nios2eds/bin/gnu/h-x86_64-mingw32/bin/../lib/gcc/nios2-elf/5.3.0/mno-hw-mul\libgcc.a
START GROUP
LOAD c:/intelfpga_lite/18.1/nios2eds/bin/gnu/h-x86_64-mingw32/bin/../lib/gcc/nios2-elf/5.3.0/../../../../../H-x86_64-mingw32/nios2-elf/lib/mno-hw-mul\libc.a
LOAD c:/intelfpga_lite/18.1/nios2eds/bin/gnu/h-x86_64-mingw32/bin/../lib/gcc/nios2-elf/5.3.0/mno-hw-mul\libgcc.a
LOAD ../BSP\libhal_bsp.a
LOAD c:/intelfpga_lite/18.1/nios2eds/bin/gnu/h-x86_64-mingw32/bin/../lib/gcc/nios2-elf/5.3.0/../../../../../H-x86_64-mingw32/nios2-elf/lib/mno-hw-mul\libm.a
END GROUP
LOAD c:/intelfpga_lite/18.1/nios2eds/bin/gnu/h-x86_64-mingw32/bin/../lib/gcc/nios2-elf/5.3.0/mno-hw-mul\libgcc.a
                0x0000000000010000                __alt_mem_onchip_memory2_0 = 0x10000

.entry          0x0000000000010000       0x20
 *(.entry)
 .entry         0x0000000000010000       0x20 ../BSP/obj/HAL/src/crt0.o
                0x0000000000010000                __reset

.exceptions     0x0000000000010020      0x210
                0x0000000000010020                PROVIDE (__ram_exceptions_start, ABSOLUTE (.))
                0x0000000000010020                . = ALIGN (0x20)
 *(.irq)
 *(.exceptions.entry.label)
 .exceptions.entry.label
                0x0000000000010020        0x0 ../BSP\libhal_bsp.a(alt_irq_entry.o)
                0x0000000000010020                alt_irq_entry
 .exceptions.entry.label
                0x0000000000010020        0x0 ../BSP\libhal_bsp.a(alt_exception_entry.o)
                0x0000000000010020                alt_exception
 *(.exceptions.entry.user)
 *(.exceptions.entry.ecc_fatal)
 *(.exceptions.entry)
 .exceptions.entry
                0x0000000000010020       0x54 ../BSP\libhal_bsp.a(alt_exception_entry.o)
 *(.exceptions.irqtest.user)
 *(.exceptions.irqtest)
 .exceptions.irqtest
                0x0000000000010074       0x10 ../BSP\libhal_bsp.a(alt_irq_entry.o)
 *(.exceptions.irqhandler.user)
 *(.exceptions.irqhandler)
 .exceptions.irqhandler
                0x0000000000010084        0x4 ../BSP\libhal_bsp.a(alt_irq_entry.o)
 *(.exceptions.irqreturn.user)
 *(.exceptions.irqreturn)
 .exceptions.irqreturn
                0x0000000000010088        0x4 ../BSP\libhal_bsp.a(alt_irq_entry.o)
 *(.exceptions.notirq.label)
 .exceptions.notirq.label
                0x000000000001008c        0x0 ../BSP\libhal_bsp.a(alt_irq_entry.o)
 *(.exceptions.notirq.user)
 *(.exceptions.notirq)
 .exceptions.notirq
                0x000000000001008c        0x8 ../BSP\libhal_bsp.a(alt_exception_entry.o)
 *(.exceptions.soft.user)
 *(.exceptions.soft)
 *(.exceptions.unknown.user)
 *(.exceptions.unknown)
 .exceptions.unknown
                0x0000000000010094       0x14 ../BSP\libhal_bsp.a(alt_exception_entry.o)
 *(.exceptions.exit.label)
 .exceptions.exit.label
                0x00000000000100a8        0x0 ../BSP\libhal_bsp.a(alt_irq_entry.o)
 .exceptions.exit.label
                0x00000000000100a8        0x0 ../BSP\libhal_bsp.a(alt_exception_entry.o)
 *(.exceptions.exit.user)
 *(.exceptions.exit)
 .exceptions.exit
                0x00000000000100a8       0x54 ../BSP\libhal_bsp.a(alt_exception_entry.o)
 *(.exceptions)
 .exceptions    0x00000000000100fc       0xd4 ../BSP\libhal_bsp.a(alt_irq_handler.o)
                0x00000000000100fc                alt_irq_handler
 .exceptions    0x00000000000101d0       0x60 ../BSP\libhal_bsp.a(alt_instruction_exception_entry.o)
                0x00000000000101d0                alt_instruction_exception_entry
                0x0000000000010230                PROVIDE (__ram_exceptions_end, ABSOLUTE (.))
                0x0000000000010020                PROVIDE (__flash_exceptions_start, LOADADDR (.exceptions))

.text           0x0000000000010230     0x267c
                [!provide]                        PROVIDE (stext, ABSOLUTE (.))
 *(.interp)
 *(.hash)
 *(.dynsym)
 *(.dynstr)
 *(.gnu.version)
 *(.gnu.version_d)
 *(.gnu.version_r)
 *(.rel.init)
 *(.rela.init)
 *(.rel.text .rel.text.* .rel.gnu.linkonce.t.*)
 *(.rela.text .rela.text.* .rela.gnu.linkonce.t.*)
 *(.rel.fini)
 *(.rela.fini)
 *(.rel.rodata .rel.rodata.* .rel.gnu.linkonce.r.*)
 *(.rela.rodata .rela.rodata.* .rela.gnu.linkonce.r.*)
 *(.rel.data .rel.data.* .rel.gnu.linkonce.d.*)
 *(.rela.data .rela.data.* .rela.gnu.linkonce.d.*)
 *(.rel.tdata .rel.tdata.* .rel.gnu.linkonce.td.*)
 *(.rela.tdata .rela.tdata.* .rela.gnu.linkonce.td.*)
 *(.rel.tbss .rel.tbss.* .rel.gnu.linkonce.tb.*)
 *(.rela.tbss .rela.tbss.* .rela.gnu.linkonce.tb.*)
 *(.rel.ctors)
 *(.rela.ctors)
 *(.rel.dtors)
 *(.rela.dtors)
 *(.rel.got)
 *(.rela.got)
 *(.rel.sdata .rel.sdata.* .rel.gnu.linkonce.s.*)
 *(.rela.sdata .rela.sdata.* .rela.gnu.linkonce.s.*)
 *(.rel.sbss .rel.sbss.* .rel.gnu.linkonce.sb.*)
 *(.rela.sbss .rela.sbss.* .rela.gnu.linkonce.sb.*)
 *(.rel.sdata2 .rel.sdata2.* .rel.gnu.linkonce.s2.*)
 *(.rela.sdata2 .rela.sdata2.* .rela.gnu.linkonce.s2.*)
 *(.rel.sbss2 .rel.sbss2.* .rel.gnu.linkonce.sb2.*)
 *(.rela.sbss2 .rela.sbss2.* .rela.gnu.linkonce.sb2.*)
 *(.rel.bss .rel.bss.* .rel.gnu.linkonce.b.*)
 *(.rela.bss .rela.bss.* .rela.gnu.linkonce.b.*)
 *(.rel.plt)
 *(.rela.plt)
 *(.rel.dyn)
 *(.init)
 *(.plt)
 *(.text .stub .text.* .gnu.linkonce.t.*)
 .text          0x0000000000010230       0x3c ../BSP/obj/HAL/src/crt0.o
                0x0000000000010230                _start
 .text          0x000000000001026c       0xd0 obj/default/compteur.o
                0x000000000001026c                main
 .text          0x000000000001033c      0x1b4 c:/intelfpga_lite/18.1/nios2eds/bin/gnu/h-x86_64-mingw32/bin/../lib/gcc/nios2-elf/5.3.0/mno-hw-mul\libgcc.a(lib2-divmod.o)
                0x000000000001033c                __divsi3
                0x00000000000103c0                __modsi3
                0x0000000000010434                __udivsi3
                0x0000000000010498                __umodsi3
 .text          0x00000000000104f0       0xec ../BSP\libhal_bsp.a(alt_load.o)
                0x0000000000010558                alt_load
 .text          0x00000000000105dc       0x7c ../BSP\libhal_bsp.a(alt_main.o)
                0x00000000000105dc                alt_main
 .text          0x0000000000010658       0x30 ../BSP\libhal_bsp.a(alt_usleep.o)
                0x0000000000010658                usleep
 .text          0x0000000000010688       0xb4 ../BSP\libhal_bsp.a(alt_sys_init.o)
                0x00000000000106bc                alt_irq_init
                0x00000000000106f4                alt_sys_init
 .text          0x000000000001073c      0x164 ../BSP\libhal_bsp.a(altera_avalon_jtag_uart_fd.o)
                0x000000000001073c                altera_avalon_jtag_uart_read_fd
                0x000000000001079c                altera_avalon_jtag_uart_write_fd
                0x00000000000107fc                altera_avalon_jtag_uart_close_fd
                0x000000000001084c                altera_avalon_jtag_uart_ioctl_fd
 .text          0x00000000000108a0      0x3d4 ../BSP\libhal_bsp.a(altera_avalon_jtag_uart_init.o)
                0x00000000000108a0                altera_avalon_jtag_uart_init
                0x0000000000010c0c                altera_avalon_jtag_uart_close
 .text          0x0000000000010c74       0xf0 ../BSP\libhal_bsp.a(altera_avalon_jtag_uart_ioctl.o)
                0x0000000000010c74                altera_avalon_jtag_uart_ioctl
 .text          0x0000000000010d64      0x21c ../BSP\libhal_bsp.a(altera_avalon_jtag_uart_read.o)
                0x0000000000010d64                altera_avalon_jtag_uart_read
 .text          0x0000000000010f80      0x224 ../BSP\libhal_bsp.a(altera_avalon_jtag_uart_write.o)
                0x0000000000010f80                altera_avalon_jtag_uart_write
 .text          0x00000000000111a4      0x12c ../BSP\libhal_bsp.a(alt_alarm_start.o)
                0x00000000000111a4                alt_alarm_start
 .text          0x00000000000112d0      0x158 ../BSP\libhal_bsp.a(alt_busy_sleep.o)
                0x00000000000112d0                alt_busy_sleep
 .text          0x0000000000011428      0x114 ../BSP\libhal_bsp.a(alt_close.o)
                0x0000000000011464                close
 .text          0x000000000001153c       0x20 ../BSP\libhal_bsp.a(alt_dcache_flush_all.o)
                0x000000000001153c                alt_dcache_flush_all
 .text          0x000000000001155c       0x2c ../BSP\libhal_bsp.a(alt_dev.o)
 .text          0x0000000000011588       0xe0 ../BSP\libhal_bsp.a(alt_dev_llist_insert.o)
                0x00000000000115c4                alt_dev_llist_insert
 .text          0x0000000000011668       0x60 ../BSP\libhal_bsp.a(alt_do_ctors.o)
                0x0000000000011668                _do_ctors
 .text          0x00000000000116c8       0x60 ../BSP\libhal_bsp.a(alt_do_dtors.o)
                0x00000000000116c8                _do_dtors
 .text          0x0000000000011728        0x0 ../BSP\libhal_bsp.a(alt_errno.o)
 .text          0x0000000000011728       0x20 ../BSP\libhal_bsp.a(alt_icache_flush_all.o)
                0x0000000000011728                alt_icache_flush_all
 .text          0x0000000000011748      0x1b0 ../BSP\libhal_bsp.a(alt_iic.o)
                0x0000000000011748                alt_ic_isr_register
                0x0000000000011798                alt_ic_irq_enable
                0x0000000000011820                alt_ic_irq_disable
                0x00000000000118ac                alt_ic_irq_enabled
 .text          0x00000000000118f8       0xf0 ../BSP\libhal_bsp.a(alt_iic_isr_register.o)
                0x00000000000118f8                alt_iic_isr_register
 .text          0x00000000000119e8      0x160 ../BSP\libhal_bsp.a(alt_io_redirect.o)
                0x0000000000011acc                alt_io_redirect
 .text          0x0000000000011b48        0x0 ../BSP\libhal_bsp.a(alt_irq_entry.o)
 .text          0x0000000000011b48        0x0 ../BSP\libhal_bsp.a(alt_irq_handler.o)
 .text          0x0000000000011b48        0x0 ../BSP\libhal_bsp.a(alt_irq_vars.o)
 .text          0x0000000000011b48      0x284 ../BSP\libhal_bsp.a(alt_open.o)
                0x0000000000011c70                open
 .text          0x0000000000011dcc       0x84 ../BSP\libhal_bsp.a(alt_release_fd.o)
                0x0000000000011dcc                alt_release_fd
 .text          0x0000000000011e50      0x1a4 ../BSP\libhal_bsp.a(alt_tick.o)
                0x0000000000011e50                alt_alarm_stop
                0x0000000000011eec                alt_tick
 .text          0x0000000000011ff4       0x24 ../BSP\libhal_bsp.a(altera_nios2_gen2_irq.o)
                0x0000000000011ff4                altera_nios2_gen2_irq_init
 .text          0x0000000000012018        0x0 ../BSP\libhal_bsp.a(alt_exception_entry.o)
 .text          0x0000000000012018       0x90 ../BSP\libhal_bsp.a(alt_find_dev.o)
                0x0000000000012018                alt_find_dev
 .text          0x00000000000120a8      0x108 ../BSP\libhal_bsp.a(alt_find_file.o)
                0x00000000000120a8                alt_find_file
 .text          0x00000000000121b0       0xc4 ../BSP\libhal_bsp.a(alt_get_fd.o)
                0x00000000000121b0                alt_get_fd
 .text          0x0000000000012274       0x9c ../BSP\libhal_bsp.a(alt_instruction_exception_entry.o)
                0x0000000000012274                alt_exception_cause_generated_bad_addr
 .text          0x0000000000012310        0x0 c:/intelfpga_lite/18.1/nios2eds/bin/gnu/h-x86_64-mingw32/bin/../lib/gcc/nios2-elf/5.3.0/../../../../../H-x86_64-mingw32/nios2-elf/lib/mno-hw-mul\libc.a(lib_a-atexit.o)
 .text.atexit   0x0000000000012310       0x14 c:/intelfpga_lite/18.1/nios2eds/bin/gnu/h-x86_64-mingw32/bin/../lib/gcc/nios2-elf/5.3.0/../../../../../H-x86_64-mingw32/nios2-elf/lib/mno-hw-mul\libc.a(lib_a-atexit.o)
                0x0000000000012310                atexit
 .text          0x0000000000012324        0x0 c:/intelfpga_lite/18.1/nios2eds/bin/gnu/h-x86_64-mingw32/bin/../lib/gcc/nios2-elf/5.3.0/../../../../../H-x86_64-mingw32/nios2-elf/lib/mno-hw-mul\libc.a(lib_a-exit.o)
 .text.exit     0x0000000000012324       0x38 c:/intelfpga_lite/18.1/nios2eds/bin/gnu/h-x86_64-mingw32/bin/../lib/gcc/nios2-elf/5.3.0/../../../../../H-x86_64-mingw32/nios2-elf/lib/mno-hw-mul\libc.a(lib_a-exit.o)
                0x0000000000012324                exit
 .text          0x000000000001235c        0x0 c:/intelfpga_lite/18.1/nios2eds/bin/gnu/h-x86_64-mingw32/bin/../lib/gcc/nios2-elf/5.3.0/../../../../../H-x86_64-mingw32/nios2-elf/lib/mno-hw-mul\libc.a(lib_a-impure.o)
 .text          0x000000000001235c        0x0 c:/intelfpga_lite/18.1/nios2eds/bin/gnu/h-x86_64-mingw32/bin/../lib/gcc/nios2-elf/5.3.0/../../../../../H-x86_64-mingw32/nios2-elf/lib/mno-hw-mul\libc.a(lib_a-int_errno.o)
 .text          0x000000000001235c        0x0 c:/intelfpga_lite/18.1/nios2eds/bin/gnu/h-x86_64-mingw32/bin/../lib/gcc/nios2-elf/5.3.0/../../../../../H-x86_64-mingw32/nios2-elf/lib/mno-hw-mul\libc.a(lib_a-memcmp.o)
 .text.memcmp   0x000000000001235c       0x7c c:/intelfpga_lite/18.1/nios2eds/bin/gnu/h-x86_64-mingw32/bin/../lib/gcc/nios2-elf/5.3.0/../../../../../H-x86_64-mingw32/nios2-elf/lib/mno-hw-mul\libc.a(lib_a-memcmp.o)
                0x000000000001235c                memcmp
 .text          0x00000000000123d8        0x0 c:/intelfpga_lite/18.1/nios2eds/bin/gnu/h-x86_64-mingw32/bin/../lib/gcc/nios2-elf/5.3.0/../../../../../H-x86_64-mingw32/nios2-elf/lib/mno-hw-mul\libc.a(lib_a-memcpy.o)
 .text.memcpy   0x00000000000123d8      0x148 c:/intelfpga_lite/18.1/nios2eds/bin/gnu/h-x86_64-mingw32/bin/../lib/gcc/nios2-elf/5.3.0/../../../../../H-x86_64-mingw32/nios2-elf/lib/mno-hw-mul\libc.a(lib_a-memcpy.o)
                0x00000000000123d8                memcpy
 .text          0x0000000000012520        0x0 c:/intelfpga_lite/18.1/nios2eds/bin/gnu/h-x86_64-mingw32/bin/../lib/gcc/nios2-elf/5.3.0/../../../../../H-x86_64-mingw32/nios2-elf/lib/mno-hw-mul\libc.a(lib_a-strlen.o)
 .text.strlen   0x0000000000012520       0x98 c:/intelfpga_lite/18.1/nios2eds/bin/gnu/h-x86_64-mingw32/bin/../lib/gcc/nios2-elf/5.3.0/../../../../../H-x86_64-mingw32/nios2-elf/lib/mno-hw-mul\libc.a(lib_a-strlen.o)
                0x0000000000012520                strlen
 .text          0x00000000000125b8        0x0 c:/intelfpga_lite/18.1/nios2eds/bin/gnu/h-x86_64-mingw32/bin/../lib/gcc/nios2-elf/5.3.0/../../../../../H-x86_64-mingw32/nios2-elf/lib/mno-hw-mul\libc.a(lib_a-__atexit.o)
 .text.__register_exitproc
                0x00000000000125b8      0x118 c:/intelfpga_lite/18.1/nios2eds/bin/gnu/h-x86_64-mingw32/bin/../lib/gcc/nios2-elf/5.3.0/../../../../../H-x86_64-mingw32/nios2-elf/lib/mno-hw-mul\libc.a(lib_a-__atexit.o)
                0x00000000000125b8                __register_exitproc
 .text          0x00000000000126d0        0x0 c:/intelfpga_lite/18.1/nios2eds/bin/gnu/h-x86_64-mingw32/bin/../lib/gcc/nios2-elf/5.3.0/../../../../../H-x86_64-mingw32/nios2-elf/lib/mno-hw-mul\libc.a(lib_a-__call_atexit.o)
 .text.__call_exitprocs
                0x00000000000126d0      0x180 c:/intelfpga_lite/18.1/nios2eds/bin/gnu/h-x86_64-mingw32/bin/../lib/gcc/nios2-elf/5.3.0/../../../../../H-x86_64-mingw32/nios2-elf/lib/mno-hw-mul\libc.a(lib_a-__call_atexit.o)
                0x00000000000126d0                __call_exitprocs
 .text          0x0000000000012850       0x28 c:/intelfpga_lite/18.1/nios2eds/bin/gnu/h-x86_64-mingw32/bin/../lib/gcc/nios2-elf/5.3.0/mno-hw-mul\libgcc.a(lib2-mul.o)
                0x0000000000012850                __mulsi3
 .text          0x0000000000012878       0x34 ../BSP\libhal_bsp.a(alt_exit.o)
                0x0000000000012878                _exit
 *(.gnu.warning.*)
 *(.fini)
                [!provide]                        PROVIDE (__etext, ABSOLUTE (.))
                [!provide]                        PROVIDE (_etext, ABSOLUTE (.))
                [!provide]                        PROVIDE (etext, ABSOLUTE (.))
 *(.eh_frame_hdr)
                0x00000000000128ac                . = ALIGN (0x4)
                [!provide]                        PROVIDE (__preinit_array_start, ABSOLUTE (.))
 *(.preinit_array)
                [!provide]                        PROVIDE (__preinit_array_end, ABSOLUTE (.))
                [!provide]                        PROVIDE (__init_array_start, ABSOLUTE (.))
 *(.init_array)
                [!provide]                        PROVIDE (__init_array_end, ABSOLUTE (.))
                [!provide]                        PROVIDE (__fini_array_start, ABSOLUTE (.))
 *(.fini_array)
                [!provide]                        PROVIDE (__fini_array_end, ABSOLUTE (.))
 *(.eh_frame)
 *(.gcc_except_table .gcc_except_table.*)
 *(.dynamic)
                0x00000000000128ac                PROVIDE (__CTOR_LIST__, ABSOLUTE (.))
 *(.ctors)
 *(SORT(.ctors.*))
                0x00000000000128ac                PROVIDE (__CTOR_END__, ABSOLUTE (.))
                0x00000000000128ac                PROVIDE (__DTOR_LIST__, ABSOLUTE (.))
 *(.dtors)
 *(SORT(.dtors.*))
                0x00000000000128ac                PROVIDE (__DTOR_END__, ABSOLUTE (.))
 *(.jcr)
                0x00000000000128ac                . = ALIGN (0x4)

.rodata         0x00000000000128ac       0x38
                0x00000000000128ac                PROVIDE (__ram_rodata_start, ABSOLUTE (.))
                0x00000000000128ac                . = ALIGN (0x4)
 *(.rodata .rodata.* .gnu.linkonce.r.*)
 .rodata        0x00000000000128ac       0x11 ../BSP\libhal_bsp.a(alt_main.o)
 *fill*         0x00000000000128bd        0x3 
 .rodata        0x00000000000128c0       0x11 ../BSP\libhal_bsp.a(alt_sys_init.o)
 *fill*         0x00000000000128d1        0x3 
 .rodata        0x00000000000128d4        0xa ../BSP\libhal_bsp.a(alt_dev.o)
 *fill*         0x00000000000128de        0x2 
 .rodata.str1.4
                0x00000000000128e0        0x4 c:/intelfpga_lite/18.1/nios2eds/bin/gnu/h-x86_64-mingw32/bin/../lib/gcc/nios2-elf/5.3.0/../../../../../H-x86_64-mingw32/nios2-elf/lib/mno-hw-mul\libc.a(lib_a-impure.o)
                                          0x2 (size before relaxing)
 *(.rodata1)
                0x00000000000128e4                . = ALIGN (0x4)
                0x00000000000128e4                PROVIDE (__ram_rodata_end, ABSOLUTE (.))
                0x00000000000128ac                PROVIDE (__flash_rodata_start, LOADADDR (.rodata))

.rwdata         0x00000000000128e4     0x1658 load address 0x0000000000013f3c
                0x00000000000128e4                PROVIDE (__ram_rwdata_start, ABSOLUTE (.))
                0x00000000000128e4                . = ALIGN (0x4)
 *(.got.plt)
 *(.got)
 *(.data1)
 *(.data .data.* .gnu.linkonce.d.*)
 .data          0x00000000000128e4        0x0 ../BSP/obj/HAL/src/crt0.o
 .data          0x00000000000128e4        0x0 obj/default/compteur.o
 .data          0x00000000000128e4        0x0 c:/intelfpga_lite/18.1/nios2eds/bin/gnu/h-x86_64-mingw32/bin/../lib/gcc/nios2-elf/5.3.0/mno-hw-mul\libgcc.a(lib2-divmod.o)
 .data          0x00000000000128e4        0x0 ../BSP\libhal_bsp.a(alt_load.o)
 .data          0x00000000000128e4        0x0 ../BSP\libhal_bsp.a(alt_main.o)
 .data          0x00000000000128e4        0x0 ../BSP\libhal_bsp.a(alt_usleep.o)
 .data          0x00000000000128e4     0x1060 ../BSP\libhal_bsp.a(alt_sys_init.o)
 .data          0x0000000000013944        0x0 ../BSP\libhal_bsp.a(altera_avalon_jtag_uart_fd.o)
 .data          0x0000000000013944        0x0 ../BSP\libhal_bsp.a(altera_avalon_jtag_uart_init.o)
 .data          0x0000000000013944        0x0 ../BSP\libhal_bsp.a(altera_avalon_jtag_uart_ioctl.o)
 .data          0x0000000000013944        0x0 ../BSP\libhal_bsp.a(altera_avalon_jtag_uart_read.o)
 .data          0x0000000000013944        0x0 ../BSP\libhal_bsp.a(altera_avalon_jtag_uart_write.o)
 .data          0x0000000000013944        0x0 ../BSP\libhal_bsp.a(alt_alarm_start.o)
 .data          0x0000000000013944        0x0 ../BSP\libhal_bsp.a(alt_busy_sleep.o)
 .data          0x0000000000013944        0x0 ../BSP\libhal_bsp.a(alt_close.o)
 .data          0x0000000000013944        0x0 ../BSP\libhal_bsp.a(alt_dcache_flush_all.o)
 .data          0x0000000000013944      0x1a8 ../BSP\libhal_bsp.a(alt_dev.o)
                0x0000000000013944                alt_dev_null
                0x000000000001396c                alt_fd_list
 .data          0x0000000000013aec        0x0 ../BSP\libhal_bsp.a(alt_dev_llist_insert.o)
 .data          0x0000000000013aec        0x0 ../BSP\libhal_bsp.a(alt_do_ctors.o)
 .data          0x0000000000013aec        0x0 ../BSP\libhal_bsp.a(alt_do_dtors.o)
 .data          0x0000000000013aec        0x0 ../BSP\libhal_bsp.a(alt_errno.o)
 .data          0x0000000000013aec        0x0 ../BSP\libhal_bsp.a(alt_icache_flush_all.o)
 .data          0x0000000000013aec        0x0 ../BSP\libhal_bsp.a(alt_iic.o)
 .data          0x0000000000013aec        0x0 ../BSP\libhal_bsp.a(alt_iic_isr_register.o)
 .data          0x0000000000013aec        0x0 ../BSP\libhal_bsp.a(alt_io_redirect.o)
 .data          0x0000000000013aec        0x0 ../BSP\libhal_bsp.a(alt_irq_entry.o)
 .data          0x0000000000013aec        0x0 ../BSP\libhal_bsp.a(alt_irq_handler.o)
 .data          0x0000000000013aec        0x0 ../BSP\libhal_bsp.a(alt_irq_vars.o)
 .data          0x0000000000013aec        0x0 ../BSP\libhal_bsp.a(alt_open.o)
 .data          0x0000000000013aec        0x0 ../BSP\libhal_bsp.a(alt_release_fd.o)
 .data          0x0000000000013aec        0x0 ../BSP\libhal_bsp.a(alt_tick.o)
 .data          0x0000000000013aec        0x0 ../BSP\libhal_bsp.a(altera_nios2_gen2_irq.o)
 .data          0x0000000000013aec        0x0 ../BSP\libhal_bsp.a(alt_exception_entry.o)
 .data          0x0000000000013aec        0x0 ../BSP\libhal_bsp.a(alt_find_dev.o)
 .data          0x0000000000013aec        0x0 ../BSP\libhal_bsp.a(alt_find_file.o)
 .data          0x0000000000013aec        0x0 ../BSP\libhal_bsp.a(alt_get_fd.o)
 .data          0x0000000000013aec        0x0 ../BSP\libhal_bsp.a(alt_instruction_exception_entry.o)
 .data          0x0000000000013aec        0x0 c:/intelfpga_lite/18.1/nios2eds/bin/gnu/h-x86_64-mingw32/bin/../lib/gcc/nios2-elf/5.3.0/../../../../../H-x86_64-mingw32/nios2-elf/lib/mno-hw-mul\libc.a(lib_a-atexit.o)
 .data          0x0000000000013aec        0x0 c:/intelfpga_lite/18.1/nios2eds/bin/gnu/h-x86_64-mingw32/bin/../lib/gcc/nios2-elf/5.3.0/../../../../../H-x86_64-mingw32/nios2-elf/lib/mno-hw-mul\libc.a(lib_a-exit.o)
 .data          0x0000000000013aec        0x0 c:/intelfpga_lite/18.1/nios2eds/bin/gnu/h-x86_64-mingw32/bin/../lib/gcc/nios2-elf/5.3.0/../../../../../H-x86_64-mingw32/nios2-elf/lib/mno-hw-mul\libc.a(lib_a-impure.o)
 .data.impure_data
                0x0000000000013aec      0x424 c:/intelfpga_lite/18.1/nios2eds/bin/gnu/h-x86_64-mingw32/bin/../lib/gcc/nios2-elf/5.3.0/../../../../../H-x86_64-mingw32/nios2-elf/lib/mno-hw-mul\libc.a(lib_a-impure.o)
 .data          0x0000000000013f10        0x0 c:/intelfpga_lite/18.1/nios2eds/bin/gnu/h-x86_64-mingw32/bin/../lib/gcc/nios2-elf/5.3.0/../../../../../H-x86_64-mingw32/nios2-elf/lib/mno-hw-mul\libc.a(lib_a-int_errno.o)
 .data          0x0000000000013f10        0x0 c:/intelfpga_lite/18.1/nios2eds/bin/gnu/h-x86_64-mingw32/bin/../lib/gcc/nios2-elf/5.3.0/../../../../../H-x86_64-mingw32/nios2-elf/lib/mno-hw-mul\libc.a(lib_a-memcmp.o)
 .data          0x0000000000013f10        0x0 c:/intelfpga_lite/18.1/nios2eds/bin/gnu/h-x86_64-mingw32/bin/../lib/gcc/nios2-elf/5.3.0/../../../../../H-x86_64-mingw32/nios2-elf/lib/mno-hw-mul\libc.a(lib_a-memcpy.o)
 .data          0x0000000000013f10        0x0 c:/intelfpga_lite/18.1/nios2eds/bin/gnu/h-x86_64-mingw32/bin/../lib/gcc/nios2-elf/5.3.0/../../../../../H-x86_64-mingw32/nios2-elf/lib/mno-hw-mul\libc.a(lib_a-strlen.o)
 .data          0x0000000000013f10        0x0 c:/intelfpga_lite/18.1/nios2eds/bin/gnu/h-x86_64-mingw32/bin/../lib/gcc/nios2-elf/5.3.0/../../../../../H-x86_64-mingw32/nios2-elf/lib/mno-hw-mul\libc.a(lib_a-__atexit.o)
 .data          0x0000000000013f10        0x0 c:/intelfpga_lite/18.1/nios2eds/bin/gnu/h-x86_64-mingw32/bin/../lib/gcc/nios2-elf/5.3.0/../../../../../H-x86_64-mingw32/nios2-elf/lib/mno-hw-mul\libc.a(lib_a-__call_atexit.o)
 .data          0x0000000000013f10        0x0 c:/intelfpga_lite/18.1/nios2eds/bin/gnu/h-x86_64-mingw32/bin/../lib/gcc/nios2-elf/5.3.0/mno-hw-mul\libgcc.a(lib2-mul.o)
 .data          0x0000000000013f10        0x0 ../BSP\libhal_bsp.a(alt_exit.o)
                0x000000000001bf10                _gp = ABSOLUTE ((. + 0x8000))
                [!provide]                        PROVIDE (gp, _gp)
 *(.rwdata .rwdata.*)
 *(.sdata .sdata.* .gnu.linkonce.s.*)
 .sdata         0x0000000000013f10       0x14 ../BSP\libhal_bsp.a(alt_dev.o)
                0x0000000000013f10                alt_fs_list
                0x0000000000013f18                alt_dev_list
                0x0000000000013f20                alt_max_fd
 .sdata         0x0000000000013f24        0x4 ../BSP\libhal_bsp.a(alt_errno.o)
                0x0000000000013f24                alt_errno
 .sdata         0x0000000000013f28        0x4 ../BSP\libhal_bsp.a(alt_irq_vars.o)
                0x0000000000013f28                alt_priority_mask
 .sdata         0x0000000000013f2c        0x8 ../BSP\libhal_bsp.a(alt_tick.o)
                0x0000000000013f2c                alt_alarm_list
 .sdata._global_impure_ptr
                0x0000000000013f34        0x4 c:/intelfpga_lite/18.1/nios2eds/bin/gnu/h-x86_64-mingw32/bin/../lib/gcc/nios2-elf/5.3.0/../../../../../H-x86_64-mingw32/nios2-elf/lib/mno-hw-mul\libc.a(lib_a-impure.o)
                0x0000000000013f34                _global_impure_ptr
 .sdata._impure_ptr
                0x0000000000013f38        0x4 c:/intelfpga_lite/18.1/nios2eds/bin/gnu/h-x86_64-mingw32/bin/../lib/gcc/nios2-elf/5.3.0/../../../../../H-x86_64-mingw32/nios2-elf/lib/mno-hw-mul\libc.a(lib_a-impure.o)
                0x0000000000013f38                _impure_ptr
 *(.sdata2 .sdata2.* .gnu.linkonce.s2.*)
                0x0000000000013f3c                . = ALIGN (0x4)
                0x0000000000013f3c                _edata = ABSOLUTE (.)
                [!provide]                        PROVIDE (edata, ABSOLUTE (.))
                0x0000000000013f3c                PROVIDE (__ram_rwdata_end, ABSOLUTE (.))
                0x0000000000013f3c                PROVIDE (__flash_rwdata_start, LOADADDR (.rwdata))

.bss            0x0000000000015594      0x120
                0x0000000000015594                __bss_start = ABSOLUTE (.)
                [!provide]                        PROVIDE (__sbss_start, ABSOLUTE (.))
                [!provide]                        PROVIDE (___sbss_start, ABSOLUTE (.))
 *(.dynsbss)
 *(.sbss .sbss.* .gnu.linkonce.sb.*)
 .sbss          0x0000000000015594        0xc ../BSP\libhal_bsp.a(alt_main.o)
                0x0000000000015594                alt_argc
                0x0000000000015598                alt_argv
                0x000000000001559c                alt_envp
 .sbss          0x00000000000155a0        0x4 ../BSP\libhal_bsp.a(alt_irq_vars.o)
                0x00000000000155a0                alt_irq_active
 .sbss          0x00000000000155a4        0x8 ../BSP\libhal_bsp.a(alt_tick.o)
                0x00000000000155a4                _alt_tick_rate
                0x00000000000155a8                _alt_nticks
 .sbss          0x00000000000155ac        0x4 ../BSP\libhal_bsp.a(alt_instruction_exception_entry.o)
                0x00000000000155ac                alt_instruction_exception_handler
 .sbss          0x00000000000155b0        0x4 c:/intelfpga_lite/18.1/nios2eds/bin/gnu/h-x86_64-mingw32/bin/../lib/gcc/nios2-elf/5.3.0/../../../../../H-x86_64-mingw32/nios2-elf/lib/mno-hw-mul\libc.a(lib_a-int_errno.o)
                0x00000000000155b0                errno
 *(.sbss2 .sbss2.* .gnu.linkonce.sb2.*)
 *(.scommon)
                [!provide]                        PROVIDE (__sbss_end, ABSOLUTE (.))
                [!provide]                        PROVIDE (___sbss_end, ABSOLUTE (.))
 *(.dynbss)
 *(.bss .bss.* .gnu.linkonce.b.*)
 .bss           0x00000000000155b4        0x0 ../BSP/obj/HAL/src/crt0.o
 .bss           0x00000000000155b4        0x0 obj/default/compteur.o
 .bss           0x00000000000155b4        0x0 c:/intelfpga_lite/18.1/nios2eds/bin/gnu/h-x86_64-mingw32/bin/../lib/gcc/nios2-elf/5.3.0/mno-hw-mul\libgcc.a(lib2-divmod.o)
 .bss           0x00000000000155b4        0x0 ../BSP\libhal_bsp.a(alt_load.o)
 .bss           0x00000000000155b4        0x0 ../BSP\libhal_bsp.a(alt_main.o)
 .bss           0x00000000000155b4        0x0 ../BSP\libhal_bsp.a(alt_usleep.o)
 .bss           0x00000000000155b4        0x0 ../BSP\libhal_bsp.a(alt_sys_init.o)
 .bss           0x00000000000155b4        0x0 ../BSP\libhal_bsp.a(altera_avalon_jtag_uart_fd.o)
 .bss           0x00000000000155b4        0x0 ../BSP\libhal_bsp.a(altera_avalon_jtag_uart_init.o)
 .bss           0x00000000000155b4        0x0 ../BSP\libhal_bsp.a(altera_avalon_jtag_uart_ioctl.o)
 .bss           0x00000000000155b4        0x0 ../BSP\libhal_bsp.a(altera_avalon_jtag_uart_read.o)
 .bss           0x00000000000155b4        0x0 ../BSP\libhal_bsp.a(altera_avalon_jtag_uart_write.o)
 .bss           0x00000000000155b4        0x0 ../BSP\libhal_bsp.a(alt_alarm_start.o)
 .bss           0x00000000000155b4        0x0 ../BSP\libhal_bsp.a(alt_busy_sleep.o)
 .bss           0x00000000000155b4        0x0 ../BSP\libhal_bsp.a(alt_close.o)
 .bss           0x00000000000155b4        0x0 ../BSP\libhal_bsp.a(alt_dcache_flush_all.o)
 .bss           0x00000000000155b4        0x0 ../BSP\libhal_bsp.a(alt_dev.o)
 .bss           0x00000000000155b4        0x0 ../BSP\libhal_bsp.a(alt_dev_llist_insert.o)
 .bss           0x00000000000155b4        0x0 ../BSP\libhal_bsp.a(alt_do_ctors.o)
 .bss           0x00000000000155b4        0x0 ../BSP\libhal_bsp.a(alt_do_dtors.o)
 .bss           0x00000000000155b4        0x0 ../BSP\libhal_bsp.a(alt_errno.o)
 .bss           0x00000000000155b4        0x0 ../BSP\libhal_bsp.a(alt_icache_flush_all.o)
 .bss           0x00000000000155b4        0x0 ../BSP\libhal_bsp.a(alt_iic.o)
 .bss           0x00000000000155b4        0x0 ../BSP\libhal_bsp.a(alt_iic_isr_register.o)
 .bss           0x00000000000155b4        0x0 ../BSP\libhal_bsp.a(alt_io_redirect.o)
 .bss           0x00000000000155b4        0x0 ../BSP\libhal_bsp.a(alt_irq_entry.o)
 .bss           0x00000000000155b4        0x0 ../BSP\libhal_bsp.a(alt_irq_handler.o)
 .bss           0x00000000000155b4        0x0 ../BSP\libhal_bsp.a(alt_irq_vars.o)
 .bss           0x00000000000155b4        0x0 ../BSP\libhal_bsp.a(alt_open.o)
 .bss           0x00000000000155b4        0x0 ../BSP\libhal_bsp.a(alt_release_fd.o)
 .bss           0x00000000000155b4        0x0 ../BSP\libhal_bsp.a(alt_tick.o)
 .bss           0x00000000000155b4        0x0 ../BSP\libhal_bsp.a(altera_nios2_gen2_irq.o)
 .bss           0x00000000000155b4        0x0 ../BSP\libhal_bsp.a(alt_exception_entry.o)
 .bss           0x00000000000155b4        0x0 ../BSP\libhal_bsp.a(alt_find_dev.o)
 .bss           0x00000000000155b4        0x0 ../BSP\libhal_bsp.a(alt_find_file.o)
 .bss           0x00000000000155b4        0x0 ../BSP\libhal_bsp.a(alt_get_fd.o)
 .bss           0x00000000000155b4        0x0 ../BSP\libhal_bsp.a(alt_instruction_exception_entry.o)
 .bss           0x00000000000155b4        0x0 c:/intelfpga_lite/18.1/nios2eds/bin/gnu/h-x86_64-mingw32/bin/../lib/gcc/nios2-elf/5.3.0/../../../../../H-x86_64-mingw32/nios2-elf/lib/mno-hw-mul\libc.a(lib_a-atexit.o)
 .bss           0x00000000000155b4        0x0 c:/intelfpga_lite/18.1/nios2eds/bin/gnu/h-x86_64-mingw32/bin/../lib/gcc/nios2-elf/5.3.0/../../../../../H-x86_64-mingw32/nios2-elf/lib/mno-hw-mul\libc.a(lib_a-exit.o)
 .bss           0x00000000000155b4        0x0 c:/intelfpga_lite/18.1/nios2eds/bin/gnu/h-x86_64-mingw32/bin/../lib/gcc/nios2-elf/5.3.0/../../../../../H-x86_64-mingw32/nios2-elf/lib/mno-hw-mul\libc.a(lib_a-impure.o)
 .bss           0x00000000000155b4        0x0 c:/intelfpga_lite/18.1/nios2eds/bin/gnu/h-x86_64-mingw32/bin/../lib/gcc/nios2-elf/5.3.0/../../../../../H-x86_64-mingw32/nios2-elf/lib/mno-hw-mul\libc.a(lib_a-int_errno.o)
 .bss           0x00000000000155b4        0x0 c:/intelfpga_lite/18.1/nios2eds/bin/gnu/h-x86_64-mingw32/bin/../lib/gcc/nios2-elf/5.3.0/../../../../../H-x86_64-mingw32/nios2-elf/lib/mno-hw-mul\libc.a(lib_a-memcmp.o)
 .bss           0x00000000000155b4        0x0 c:/intelfpga_lite/18.1/nios2eds/bin/gnu/h-x86_64-mingw32/bin/../lib/gcc/nios2-elf/5.3.0/../../../../../H-x86_64-mingw32/nios2-elf/lib/mno-hw-mul\libc.a(lib_a-memcpy.o)
 .bss           0x00000000000155b4        0x0 c:/intelfpga_lite/18.1/nios2eds/bin/gnu/h-x86_64-mingw32/bin/../lib/gcc/nios2-elf/5.3.0/../../../../../H-x86_64-mingw32/nios2-elf/lib/mno-hw-mul\libc.a(lib_a-strlen.o)
 .bss           0x00000000000155b4        0x0 c:/intelfpga_lite/18.1/nios2eds/bin/gnu/h-x86_64-mingw32/bin/../lib/gcc/nios2-elf/5.3.0/../../../../../H-x86_64-mingw32/nios2-elf/lib/mno-hw-mul\libc.a(lib_a-__atexit.o)
 .bss           0x00000000000155b4        0x0 c:/intelfpga_lite/18.1/nios2eds/bin/gnu/h-x86_64-mingw32/bin/../lib/gcc/nios2-elf/5.3.0/../../../../../H-x86_64-mingw32/nios2-elf/lib/mno-hw-mul\libc.a(lib_a-__call_atexit.o)
 .bss           0x00000000000155b4        0x0 c:/intelfpga_lite/18.1/nios2eds/bin/gnu/h-x86_64-mingw32/bin/../lib/gcc/nios2-elf/5.3.0/mno-hw-mul\libgcc.a(lib2-mul.o)
 .bss           0x00000000000155b4        0x0 ../BSP\libhal_bsp.a(alt_exit.o)
 *(COMMON)
 COMMON         0x00000000000155b4      0x100 ../BSP\libhal_bsp.a(alt_irq_handler.o)
                0x00000000000155b4                alt_irq
                0x00000000000156b4                . = ALIGN (0x4)
                0x00000000000156b4                __bss_end = ABSOLUTE (.)

.onchip_memory2_0
                0x00000000000156b4        0x0
                [!provide]                        PROVIDE (_alt_partition_onchip_memory2_0_start, ABSOLUTE (.))
 *(.onchip_memory2_0 .onchip_memory2_0. onchip_memory2_0.*)
                0x00000000000156b4                . = ALIGN (0x4)
                [!provide]                        PROVIDE (_alt_partition_onchip_memory2_0_end, ABSOLUTE (.))
                0x00000000000156b4                _end = ABSOLUTE (.)
                0x00000000000156b4                end = ABSOLUTE (.)
                0x00000000000156b4                __alt_stack_base = ABSOLUTE (.)
                [!provide]                        PROVIDE (_alt_partition_onchip_memory2_0_load_addr, LOADADDR (.onchip_memory2_0))

.stab
 *(.stab)

.stabstr
 *(.stabstr)

.stab.excl
 *(.stab.excl)

.stab.exclstr
 *(.stab.exclstr)

.stab.index
 *(.stab.index)

.stab.indexstr
 *(.stab.indexstr)

.comment        0x0000000000000000       0x23
 *(.comment)
 .comment       0x0000000000000000       0x23 obj/default/compteur.o
                                         0x24 (size before relaxing)
 .comment       0x0000000000000023       0x24 c:/intelfpga_lite/18.1/nios2eds/bin/gnu/h-x86_64-mingw32/bin/../lib/gcc/nios2-elf/5.3.0/mno-hw-mul\libgcc.a(lib2-divmod.o)
 .comment       0x0000000000000023       0x24 ../BSP\libhal_bsp.a(alt_load.o)
 .comment       0x0000000000000023       0x24 ../BSP\libhal_bsp.a(alt_main.o)
 .comment       0x0000000000000023       0x24 ../BSP\libhal_bsp.a(alt_usleep.o)
 .comment       0x0000000000000023       0x24 ../BSP\libhal_bsp.a(alt_sys_init.o)
 .comment       0x0000000000000023       0x24 ../BSP\libhal_bsp.a(altera_avalon_jtag_uart_fd.o)
 .comment       0x0000000000000023       0x24 ../BSP\libhal_bsp.a(altera_avalon_jtag_uart_init.o)
 .comment       0x0000000000000023       0x24 ../BSP\libhal_bsp.a(altera_avalon_jtag_uart_ioctl.o)
 .comment       0x0000000000000023       0x24 ../BSP\libhal_bsp.a(altera_avalon_jtag_uart_read.o)
 .comment       0x0000000000000023       0x24 ../BSP\libhal_bsp.a(altera_avalon_jtag_uart_write.o)
 .comment       0x0000000000000023       0x24 ../BSP\libhal_bsp.a(alt_alarm_start.o)
 .comment       0x0000000000000023       0x24 ../BSP\libhal_bsp.a(alt_busy_sleep.o)
 .comment       0x0000000000000023       0x24 ../BSP\libhal_bsp.a(alt_close.o)
 .comment       0x0000000000000023       0x24 ../BSP\libhal_bsp.a(alt_dcache_flush_all.o)
 .comment       0x0000000000000023       0x24 ../BSP\libhal_bsp.a(alt_dev.o)
 .comment       0x0000000000000023       0x24 ../BSP\libhal_bsp.a(alt_dev_llist_insert.o)
 .comment       0x0000000000000023       0x24 ../BSP\libhal_bsp.a(alt_do_ctors.o)
 .comment       0x0000000000000023       0x24 ../BSP\libhal_bsp.a(alt_do_dtors.o)
 .comment       0x0000000000000023       0x24 ../BSP\libhal_bsp.a(alt_errno.o)
 .comment       0x0000000000000023       0x24 ../BSP\libhal_bsp.a(alt_icache_flush_all.o)
 .comment       0x0000000000000023       0x24 ../BSP\libhal_bsp.a(alt_iic.o)
 .comment       0x0000000000000023       0x24 ../BSP\libhal_bsp.a(alt_iic_isr_register.o)
 .comment       0x0000000000000023       0x24 ../BSP\libhal_bsp.a(alt_io_redirect.o)
 .comment       0x0000000000000023       0x24 ../BSP\libhal_bsp.a(alt_irq_handler.o)
 .comment       0x0000000000000023       0x24 ../BSP\libhal_bsp.a(alt_irq_vars.o)
 .comment       0x0000000000000023       0x24 ../BSP\libhal_bsp.a(alt_open.o)
 .comment       0x0000000000000023       0x24 ../BSP\libhal_bsp.a(alt_release_fd.o)
 .comment       0x0000000000000023       0x24 ../BSP\libhal_bsp.a(alt_tick.o)
 .comment       0x0000000000000023       0x24 ../BSP\libhal_bsp.a(altera_nios2_gen2_irq.o)
 .comment       0x0000000000000023       0x24 ../BSP\libhal_bsp.a(alt_find_dev.o)
 .comment       0x0000000000000023       0x24 ../BSP\libhal_bsp.a(alt_find_file.o)
 .comment       0x0000000000000023       0x24 ../BSP\libhal_bsp.a(alt_get_fd.o)
 .comment       0x0000000000000023       0x24 ../BSP\libhal_bsp.a(alt_instruction_exception_entry.o)
 .comment       0x0000000000000023       0x24 c:/intelfpga_lite/18.1/nios2eds/bin/gnu/h-x86_64-mingw32/bin/../lib/gcc/nios2-elf/5.3.0/../../../../../H-x86_64-mingw32/nios2-elf/lib/mno-hw-mul\libc.a(lib_a-atexit.o)
 .comment       0x0000000000000023       0x24 c:/intelfpga_lite/18.1/nios2eds/bin/gnu/h-x86_64-mingw32/bin/../lib/gcc/nios2-elf/5.3.0/../../../../../H-x86_64-mingw32/nios2-elf/lib/mno-hw-mul\libc.a(lib_a-exit.o)
 .comment       0x0000000000000023       0x24 c:/intelfpga_lite/18.1/nios2eds/bin/gnu/h-x86_64-mingw32/bin/../lib/gcc/nios2-elf/5.3.0/../../../../../H-x86_64-mingw32/nios2-elf/lib/mno-hw-mul\libc.a(lib_a-impure.o)
 .comment       0x0000000000000023       0x24 c:/intelfpga_lite/18.1/nios2eds/bin/gnu/h-x86_64-mingw32/bin/../lib/gcc/nios2-elf/5.3.0/../../../../../H-x86_64-mingw32/nios2-elf/lib/mno-hw-mul\libc.a(lib_a-int_errno.o)
 .comment       0x0000000000000023       0x24 c:/intelfpga_lite/18.1/nios2eds/bin/gnu/h-x86_64-mingw32/bin/../lib/gcc/nios2-elf/5.3.0/../../../../../H-x86_64-mingw32/nios2-elf/lib/mno-hw-mul\libc.a(lib_a-memcmp.o)
 .comment       0x0000000000000023       0x24 c:/intelfpga_lite/18.1/nios2eds/bin/gnu/h-x86_64-mingw32/bin/../lib/gcc/nios2-elf/5.3.0/../../../../../H-x86_64-mingw32/nios2-elf/lib/mno-hw-mul\libc.a(lib_a-memcpy.o)
 .comment       0x0000000000000023       0x24 c:/intelfpga_lite/18.1/nios2eds/bin/gnu/h-x86_64-mingw32/bin/../lib/gcc/nios2-elf/5.3.0/../../../../../H-x86_64-mingw32/nios2-elf/lib/mno-hw-mul\libc.a(lib_a-strlen.o)
 .comment       0x0000000000000023       0x24 c:/intelfpga_lite/18.1/nios2eds/bin/gnu/h-x86_64-mingw32/bin/../lib/gcc/nios2-elf/5.3.0/../../../../../H-x86_64-mingw32/nios2-elf/lib/mno-hw-mul\libc.a(lib_a-__atexit.o)
 .comment       0x0000000000000023       0x24 c:/intelfpga_lite/18.1/nios2eds/bin/gnu/h-x86_64-mingw32/bin/../lib/gcc/nios2-elf/5.3.0/../../../../../H-x86_64-mingw32/nios2-elf/lib/mno-hw-mul\libc.a(lib_a-__call_atexit.o)
 .comment       0x0000000000000023       0x24 c:/intelfpga_lite/18.1/nios2eds/bin/gnu/h-x86_64-mingw32/bin/../lib/gcc/nios2-elf/5.3.0/mno-hw-mul\libgcc.a(lib2-mul.o)
 .comment       0x0000000000000023       0x24 ../BSP\libhal_bsp.a(alt_exit.o)

.debug
 *(.debug)

.line
 *(.line)

.debug_srcinfo
 *(.debug_srcinfo)

.debug_sfnames
 *(.debug_sfnames)

.debug_aranges  0x0000000000000000      0x618
 *(.debug_aranges)
 .debug_aranges
                0x0000000000000000       0x28 ../BSP/obj/HAL/src/crt0.o
 .debug_aranges
                0x0000000000000028       0x20 obj/default/compteur.o
 .debug_aranges
                0x0000000000000048       0x20 c:/intelfpga_lite/18.1/nios2eds/bin/gnu/h-x86_64-mingw32/bin/../lib/gcc/nios2-elf/5.3.0/mno-hw-mul\libgcc.a(lib2-divmod.o)
 .debug_aranges
                0x0000000000000068       0x20 ../BSP\libhal_bsp.a(alt_load.o)
 .debug_aranges
                0x0000000000000088       0x20 ../BSP\libhal_bsp.a(alt_main.o)
 .debug_aranges
                0x00000000000000a8       0x20 ../BSP\libhal_bsp.a(alt_usleep.o)
 .debug_aranges
                0x00000000000000c8       0x20 ../BSP\libhal_bsp.a(alt_sys_init.o)
 .debug_aranges
                0x00000000000000e8       0x20 ../BSP\libhal_bsp.a(altera_avalon_jtag_uart_fd.o)
 .debug_aranges
                0x0000000000000108       0x20 ../BSP\libhal_bsp.a(altera_avalon_jtag_uart_init.o)
 .debug_aranges
                0x0000000000000128       0x20 ../BSP\libhal_bsp.a(altera_avalon_jtag_uart_ioctl.o)
 .debug_aranges
                0x0000000000000148       0x20 ../BSP\libhal_bsp.a(altera_avalon_jtag_uart_read.o)
 .debug_aranges
                0x0000000000000168       0x20 ../BSP\libhal_bsp.a(altera_avalon_jtag_uart_write.o)
 .debug_aranges
                0x0000000000000188       0x20 ../BSP\libhal_bsp.a(alt_alarm_start.o)
 .debug_aranges
                0x00000000000001a8       0x20 ../BSP\libhal_bsp.a(alt_busy_sleep.o)
 .debug_aranges
                0x00000000000001c8       0x20 ../BSP\libhal_bsp.a(alt_close.o)
 .debug_aranges
                0x00000000000001e8       0x20 ../BSP\libhal_bsp.a(alt_dcache_flush_all.o)
 .debug_aranges
                0x0000000000000208       0x20 ../BSP\libhal_bsp.a(alt_dev.o)
 .debug_aranges
                0x0000000000000228       0x20 ../BSP\libhal_bsp.a(alt_dev_llist_insert.o)
 .debug_aranges
                0x0000000000000248       0x20 ../BSP\libhal_bsp.a(alt_do_ctors.o)
 .debug_aranges
                0x0000000000000268       0x20 ../BSP\libhal_bsp.a(alt_do_dtors.o)
 .debug_aranges
                0x0000000000000288       0x18 ../BSP\libhal_bsp.a(alt_errno.o)
 .debug_aranges
                0x00000000000002a0       0x20 ../BSP\libhal_bsp.a(alt_icache_flush_all.o)
 .debug_aranges
                0x00000000000002c0       0x20 ../BSP\libhal_bsp.a(alt_iic.o)
 .debug_aranges
                0x00000000000002e0       0x20 ../BSP\libhal_bsp.a(alt_iic_isr_register.o)
 .debug_aranges
                0x0000000000000300       0x20 ../BSP\libhal_bsp.a(alt_io_redirect.o)
 .debug_aranges
                0x0000000000000320       0x30 ../BSP\libhal_bsp.a(alt_irq_entry.o)
 .debug_aranges
                0x0000000000000350       0x20 ../BSP\libhal_bsp.a(alt_irq_handler.o)
 .debug_aranges
                0x0000000000000370       0x18 ../BSP\libhal_bsp.a(alt_irq_vars.o)
 .debug_aranges
                0x0000000000000388       0x20 ../BSP\libhal_bsp.a(alt_open.o)
 .debug_aranges
                0x00000000000003a8       0x20 ../BSP\libhal_bsp.a(alt_release_fd.o)
 .debug_aranges
                0x00000000000003c8       0x20 ../BSP\libhal_bsp.a(alt_tick.o)
 .debug_aranges
                0x00000000000003e8       0x20 ../BSP\libhal_bsp.a(altera_nios2_gen2_irq.o)
 .debug_aranges
                0x0000000000000408       0x38 ../BSP\libhal_bsp.a(alt_exception_entry.o)
 .debug_aranges
                0x0000000000000440       0x20 ../BSP\libhal_bsp.a(alt_find_dev.o)
 .debug_aranges
                0x0000000000000460       0x20 ../BSP\libhal_bsp.a(alt_find_file.o)
 .debug_aranges
                0x0000000000000480       0x20 ../BSP\libhal_bsp.a(alt_get_fd.o)
 .debug_aranges
                0x00000000000004a0       0x28 ../BSP\libhal_bsp.a(alt_instruction_exception_entry.o)
 .debug_aranges
                0x00000000000004c8       0x20 c:/intelfpga_lite/18.1/nios2eds/bin/gnu/h-x86_64-mingw32/bin/../lib/gcc/nios2-elf/5.3.0/../../../../../H-x86_64-mingw32/nios2-elf/lib/mno-hw-mul\libc.a(lib_a-atexit.o)
 .debug_aranges
                0x00000000000004e8       0x20 c:/intelfpga_lite/18.1/nios2eds/bin/gnu/h-x86_64-mingw32/bin/../lib/gcc/nios2-elf/5.3.0/../../../../../H-x86_64-mingw32/nios2-elf/lib/mno-hw-mul\libc.a(lib_a-exit.o)
 .debug_aranges
                0x0000000000000508       0x18 c:/intelfpga_lite/18.1/nios2eds/bin/gnu/h-x86_64-mingw32/bin/../lib/gcc/nios2-elf/5.3.0/../../../../../H-x86_64-mingw32/nios2-elf/lib/mno-hw-mul\libc.a(lib_a-impure.o)
 .debug_aranges
                0x0000000000000520       0x18 c:/intelfpga_lite/18.1/nios2eds/bin/gnu/h-x86_64-mingw32/bin/../lib/gcc/nios2-elf/5.3.0/../../../../../H-x86_64-mingw32/nios2-elf/lib/mno-hw-mul\libc.a(lib_a-int_errno.o)
 .debug_aranges
                0x0000000000000538       0x20 c:/intelfpga_lite/18.1/nios2eds/bin/gnu/h-x86_64-mingw32/bin/../lib/gcc/nios2-elf/5.3.0/../../../../../H-x86_64-mingw32/nios2-elf/lib/mno-hw-mul\libc.a(lib_a-memcmp.o)
 .debug_aranges
                0x0000000000000558       0x20 c:/intelfpga_lite/18.1/nios2eds/bin/gnu/h-x86_64-mingw32/bin/../lib/gcc/nios2-elf/5.3.0/../../../../../H-x86_64-mingw32/nios2-elf/lib/mno-hw-mul\libc.a(lib_a-memcpy.o)
 .debug_aranges
                0x0000000000000578       0x20 c:/intelfpga_lite/18.1/nios2eds/bin/gnu/h-x86_64-mingw32/bin/../lib/gcc/nios2-elf/5.3.0/../../../../../H-x86_64-mingw32/nios2-elf/lib/mno-hw-mul\libc.a(lib_a-strlen.o)
 .debug_aranges
                0x0000000000000598       0x20 c:/intelfpga_lite/18.1/nios2eds/bin/gnu/h-x86_64-mingw32/bin/../lib/gcc/nios2-elf/5.3.0/../../../../../H-x86_64-mingw32/nios2-elf/lib/mno-hw-mul\libc.a(lib_a-__atexit.o)
 .debug_aranges
                0x00000000000005b8       0x20 c:/intelfpga_lite/18.1/nios2eds/bin/gnu/h-x86_64-mingw32/bin/../lib/gcc/nios2-elf/5.3.0/../../../../../H-x86_64-mingw32/nios2-elf/lib/mno-hw-mul\libc.a(lib_a-__call_atexit.o)
 .debug_aranges
                0x00000000000005d8       0x20 c:/intelfpga_lite/18.1/nios2eds/bin/gnu/h-x86_64-mingw32/bin/../lib/gcc/nios2-elf/5.3.0/mno-hw-mul\libgcc.a(lib2-mul.o)
 .debug_aranges
                0x00000000000005f8       0x20 ../BSP\libhal_bsp.a(alt_exit.o)

.debug_pubnames
 *(.debug_pubnames)

.debug_info     0x0000000000000000     0x7953
 *(.debug_info .gnu.linkonce.wi.*)
 .debug_info    0x0000000000000000       0x62 ../BSP/obj/HAL/src/crt0.o
 .debug_info    0x0000000000000062       0xe5 obj/default/compteur.o
 .debug_info    0x0000000000000147      0x2c6 c:/intelfpga_lite/18.1/nios2eds/bin/gnu/h-x86_64-mingw32/bin/../lib/gcc/nios2-elf/5.3.0/mno-hw-mul\libgcc.a(lib2-divmod.o)
 .debug_info    0x000000000000040d      0x145 ../BSP\libhal_bsp.a(alt_load.o)
 .debug_info    0x0000000000000552      0x131 ../BSP\libhal_bsp.a(alt_main.o)
 .debug_info    0x0000000000000683       0xb0 ../BSP\libhal_bsp.a(alt_usleep.o)
 .debug_info    0x0000000000000733      0x4c3 ../BSP\libhal_bsp.a(alt_sys_init.o)
 .debug_info    0x0000000000000bf6      0x52e ../BSP\libhal_bsp.a(altera_avalon_jtag_uart_fd.o)
 .debug_info    0x0000000000001124      0x3a0 ../BSP\libhal_bsp.a(altera_avalon_jtag_uart_init.o)
 .debug_info    0x00000000000014c4      0x280 ../BSP\libhal_bsp.a(altera_avalon_jtag_uart_ioctl.o)
 .debug_info    0x0000000000001744      0x345 ../BSP\libhal_bsp.a(altera_avalon_jtag_uart_read.o)
 .debug_info    0x0000000000001a89      0x340 ../BSP\libhal_bsp.a(altera_avalon_jtag_uart_write.o)
 .debug_info    0x0000000000001dc9      0x2cc ../BSP\libhal_bsp.a(alt_alarm_start.o)
 .debug_info    0x0000000000002095       0xd7 ../BSP\libhal_bsp.a(alt_busy_sleep.o)
 .debug_info    0x000000000000216c      0x321 ../BSP\libhal_bsp.a(alt_close.o)
 .debug_info    0x000000000000248d       0x92 ../BSP\libhal_bsp.a(alt_dcache_flush_all.o)
 .debug_info    0x000000000000251f      0x49c ../BSP\libhal_bsp.a(alt_dev.o)
 .debug_info    0x00000000000029bb      0x1a9 ../BSP\libhal_bsp.a(alt_dev_llist_insert.o)
 .debug_info    0x0000000000002b64       0x83 ../BSP\libhal_bsp.a(alt_do_ctors.o)
 .debug_info    0x0000000000002be7       0x83 ../BSP\libhal_bsp.a(alt_do_dtors.o)
 .debug_info    0x0000000000002c6a       0xa6 ../BSP\libhal_bsp.a(alt_errno.o)
 .debug_info    0x0000000000002d10       0x92 ../BSP\libhal_bsp.a(alt_icache_flush_all.o)
 .debug_info    0x0000000000002da2      0x350 ../BSP\libhal_bsp.a(alt_iic.o)
 .debug_info    0x00000000000030f2      0x1ef ../BSP\libhal_bsp.a(alt_iic_isr_register.o)
 .debug_info    0x00000000000032e1      0x4a5 ../BSP\libhal_bsp.a(alt_io_redirect.o)
 .debug_info    0x0000000000003786       0x6b ../BSP\libhal_bsp.a(alt_irq_entry.o)
 .debug_info    0x00000000000037f1      0x187 ../BSP\libhal_bsp.a(alt_irq_handler.o)
 .debug_info    0x0000000000003978       0x88 ../BSP\libhal_bsp.a(alt_irq_vars.o)
 .debug_info    0x0000000000003a00      0x3bb ../BSP\libhal_bsp.a(alt_open.o)
 .debug_info    0x0000000000003dbb      0x2b0 ../BSP\libhal_bsp.a(alt_release_fd.o)
 .debug_info    0x000000000000406b      0x299 ../BSP\libhal_bsp.a(alt_tick.o)
 .debug_info    0x0000000000004304       0x92 ../BSP\libhal_bsp.a(altera_nios2_gen2_irq.o)
 .debug_info    0x0000000000004396       0x71 ../BSP\libhal_bsp.a(alt_exception_entry.o)
 .debug_info    0x0000000000004407      0x2e9 ../BSP\libhal_bsp.a(alt_find_dev.o)
 .debug_info    0x00000000000046f0      0x2e6 ../BSP\libhal_bsp.a(alt_find_file.o)
 .debug_info    0x00000000000049d6      0x310 ../BSP\libhal_bsp.a(alt_get_fd.o)
 .debug_info    0x0000000000004ce6      0x1e7 ../BSP\libhal_bsp.a(alt_instruction_exception_entry.o)
 .debug_info    0x0000000000004ecd       0xfe c:/intelfpga_lite/18.1/nios2eds/bin/gnu/h-x86_64-mingw32/bin/../lib/gcc/nios2-elf/5.3.0/../../../../../H-x86_64-mingw32/nios2-elf/lib/mno-hw-mul\libc.a(lib_a-atexit.o)
 .debug_info    0x0000000000004fcb      0x8e4 c:/intelfpga_lite/18.1/nios2eds/bin/gnu/h-x86_64-mingw32/bin/../lib/gcc/nios2-elf/5.3.0/../../../../../H-x86_64-mingw32/nios2-elf/lib/mno-hw-mul\libc.a(lib_a-exit.o)
 .debug_info    0x00000000000058af      0x8a1 c:/intelfpga_lite/18.1/nios2eds/bin/gnu/h-x86_64-mingw32/bin/../lib/gcc/nios2-elf/5.3.0/../../../../../H-x86_64-mingw32/nios2-elf/lib/mno-hw-mul\libc.a(lib_a-impure.o)
 .debug_info    0x0000000000006150       0x8a c:/intelfpga_lite/18.1/nios2eds/bin/gnu/h-x86_64-mingw32/bin/../lib/gcc/nios2-elf/5.3.0/../../../../../H-x86_64-mingw32/nios2-elf/lib/mno-hw-mul\libc.a(lib_a-int_errno.o)
 .debug_info    0x00000000000061da      0x11a c:/intelfpga_lite/18.1/nios2eds/bin/gnu/h-x86_64-mingw32/bin/../lib/gcc/nios2-elf/5.3.0/../../../../../H-x86_64-mingw32/nios2-elf/lib/mno-hw-mul\libc.a(lib_a-memcmp.o)
 .debug_info    0x00000000000062f4      0x144 c:/intelfpga_lite/18.1/nios2eds/bin/gnu/h-x86_64-mingw32/bin/../lib/gcc/nios2-elf/5.3.0/../../../../../H-x86_64-mingw32/nios2-elf/lib/mno-hw-mul\libc.a(lib_a-memcpy.o)
 .debug_info    0x0000000000006438       0xe2 c:/intelfpga_lite/18.1/nios2eds/bin/gnu/h-x86_64-mingw32/bin/../lib/gcc/nios2-elf/5.3.0/../../../../../H-x86_64-mingw32/nios2-elf/lib/mno-hw-mul\libc.a(lib_a-strlen.o)
 .debug_info    0x000000000000651a      0x934 c:/intelfpga_lite/18.1/nios2eds/bin/gnu/h-x86_64-mingw32/bin/../lib/gcc/nios2-elf/5.3.0/../../../../../H-x86_64-mingw32/nios2-elf/lib/mno-hw-mul\libc.a(lib_a-__atexit.o)
 .debug_info    0x0000000000006e4e      0x965 c:/intelfpga_lite/18.1/nios2eds/bin/gnu/h-x86_64-mingw32/bin/../lib/gcc/nios2-elf/5.3.0/../../../../../H-x86_64-mingw32/nios2-elf/lib/mno-hw-mul\libc.a(lib_a-__call_atexit.o)
 .debug_info    0x00000000000077b3       0xb4 c:/intelfpga_lite/18.1/nios2eds/bin/gnu/h-x86_64-mingw32/bin/../lib/gcc/nios2-elf/5.3.0/mno-hw-mul\libgcc.a(lib2-mul.o)
 .debug_info    0x0000000000007867       0xec ../BSP\libhal_bsp.a(alt_exit.o)

.debug_abbrev   0x0000000000000000     0x2b0d
 *(.debug_abbrev)
 .debug_abbrev  0x0000000000000000       0x12 ../BSP/obj/HAL/src/crt0.o
 .debug_abbrev  0x0000000000000012       0x6d obj/default/compteur.o
 .debug_abbrev  0x000000000000007f      0x10e c:/intelfpga_lite/18.1/nios2eds/bin/gnu/h-x86_64-mingw32/bin/../lib/gcc/nios2-elf/5.3.0/mno-hw-mul\libgcc.a(lib2-divmod.o)
 .debug_abbrev  0x000000000000018d       0x9f ../BSP\libhal_bsp.a(alt_load.o)
 .debug_abbrev  0x000000000000022c       0xba ../BSP\libhal_bsp.a(alt_main.o)
 .debug_abbrev  0x00000000000002e6       0x60 ../BSP\libhal_bsp.a(alt_usleep.o)
 .debug_abbrev  0x0000000000000346      0x187 ../BSP\libhal_bsp.a(alt_sys_init.o)
 .debug_abbrev  0x00000000000004cd      0x127 ../BSP\libhal_bsp.a(altera_avalon_jtag_uart_fd.o)
 .debug_abbrev  0x00000000000005f4      0x19e ../BSP\libhal_bsp.a(altera_avalon_jtag_uart_init.o)
 .debug_abbrev  0x0000000000000792      0x111 ../BSP\libhal_bsp.a(altera_avalon_jtag_uart_ioctl.o)
 .debug_abbrev  0x00000000000008a3      0x1aa ../BSP\libhal_bsp.a(altera_avalon_jtag_uart_read.o)
 .debug_abbrev  0x0000000000000a4d      0x1a8 ../BSP\libhal_bsp.a(altera_avalon_jtag_uart_write.o)
 .debug_abbrev  0x0000000000000bf5      0x162 ../BSP\libhal_bsp.a(alt_alarm_start.o)
 .debug_abbrev  0x0000000000000d57       0x7e ../BSP\libhal_bsp.a(alt_busy_sleep.o)
 .debug_abbrev  0x0000000000000dd5      0x11f ../BSP\libhal_bsp.a(alt_close.o)
 .debug_abbrev  0x0000000000000ef4       0x42 ../BSP\libhal_bsp.a(alt_dcache_flush_all.o)
 .debug_abbrev  0x0000000000000f36       0xd9 ../BSP\libhal_bsp.a(alt_dev.o)
 .debug_abbrev  0x000000000000100f      0x114 ../BSP\libhal_bsp.a(alt_dev_llist_insert.o)
 .debug_abbrev  0x0000000000001123       0x79 ../BSP\libhal_bsp.a(alt_do_ctors.o)
 .debug_abbrev  0x000000000000119c       0x79 ../BSP\libhal_bsp.a(alt_do_dtors.o)
 .debug_abbrev  0x0000000000001215       0x5a ../BSP\libhal_bsp.a(alt_errno.o)
 .debug_abbrev  0x000000000000126f       0x42 ../BSP\libhal_bsp.a(alt_icache_flush_all.o)
 .debug_abbrev  0x00000000000012b1      0x163 ../BSP\libhal_bsp.a(alt_iic.o)
 .debug_abbrev  0x0000000000001414      0x169 ../BSP\libhal_bsp.a(alt_iic_isr_register.o)
 .debug_abbrev  0x000000000000157d      0x114 ../BSP\libhal_bsp.a(alt_io_redirect.o)
 .debug_abbrev  0x0000000000001691       0x12 ../BSP\libhal_bsp.a(alt_irq_entry.o)
 .debug_abbrev  0x00000000000016a3      0x122 ../BSP\libhal_bsp.a(alt_irq_handler.o)
 .debug_abbrev  0x00000000000017c5       0x40 ../BSP\libhal_bsp.a(alt_irq_vars.o)
 .debug_abbrev  0x0000000000001805      0x148 ../BSP\libhal_bsp.a(alt_open.o)
 .debug_abbrev  0x000000000000194d       0xde ../BSP\libhal_bsp.a(alt_release_fd.o)
 .debug_abbrev  0x0000000000001a2b      0x15a ../BSP\libhal_bsp.a(alt_tick.o)
 .debug_abbrev  0x0000000000001b85       0x42 ../BSP\libhal_bsp.a(altera_nios2_gen2_irq.o)
 .debug_abbrev  0x0000000000001bc7       0x12 ../BSP\libhal_bsp.a(alt_exception_entry.o)
 .debug_abbrev  0x0000000000001bd9       0xf0 ../BSP\libhal_bsp.a(alt_find_dev.o)
 .debug_abbrev  0x0000000000001cc9       0xf0 ../BSP\libhal_bsp.a(alt_find_file.o)
 .debug_abbrev  0x0000000000001db9      0x10d ../BSP\libhal_bsp.a(alt_get_fd.o)
 .debug_abbrev  0x0000000000001ec6       0xdc ../BSP\libhal_bsp.a(alt_instruction_exception_entry.o)
 .debug_abbrev  0x0000000000001fa2       0xaa c:/intelfpga_lite/18.1/nios2eds/bin/gnu/h-x86_64-mingw32/bin/../lib/gcc/nios2-elf/5.3.0/../../../../../H-x86_64-mingw32/nios2-elf/lib/mno-hw-mul\libc.a(lib_a-atexit.o)
 .debug_abbrev  0x000000000000204c      0x1e5 c:/intelfpga_lite/18.1/nios2eds/bin/gnu/h-x86_64-mingw32/bin/../lib/gcc/nios2-elf/5.3.0/../../../../../H-x86_64-mingw32/nios2-elf/lib/mno-hw-mul\libc.a(lib_a-exit.o)
 .debug_abbrev  0x0000000000002231      0x18f c:/intelfpga_lite/18.1/nios2eds/bin/gnu/h-x86_64-mingw32/bin/../lib/gcc/nios2-elf/5.3.0/../../../../../H-x86_64-mingw32/nios2-elf/lib/mno-hw-mul\libc.a(lib_a-impure.o)
 .debug_abbrev  0x00000000000023c0       0x37 c:/intelfpga_lite/18.1/nios2eds/bin/gnu/h-x86_64-mingw32/bin/../lib/gcc/nios2-elf/5.3.0/../../../../../H-x86_64-mingw32/nios2-elf/lib/mno-hw-mul\libc.a(lib_a-int_errno.o)
 .debug_abbrev  0x00000000000023f7       0x7f c:/intelfpga_lite/18.1/nios2eds/bin/gnu/h-x86_64-mingw32/bin/../lib/gcc/nios2-elf/5.3.0/../../../../../H-x86_64-mingw32/nios2-elf/lib/mno-hw-mul\libc.a(lib_a-memcmp.o)
 .debug_abbrev  0x0000000000002476       0xa3 c:/intelfpga_lite/18.1/nios2eds/bin/gnu/h-x86_64-mingw32/bin/../lib/gcc/nios2-elf/5.3.0/../../../../../H-x86_64-mingw32/nios2-elf/lib/mno-hw-mul\libc.a(lib_a-memcpy.o)
 .debug_abbrev  0x0000000000002519       0x90 c:/intelfpga_lite/18.1/nios2eds/bin/gnu/h-x86_64-mingw32/bin/../lib/gcc/nios2-elf/5.3.0/../../../../../H-x86_64-mingw32/nios2-elf/lib/mno-hw-mul\libc.a(lib_a-strlen.o)
 .debug_abbrev  0x00000000000025a9      0x21e c:/intelfpga_lite/18.1/nios2eds/bin/gnu/h-x86_64-mingw32/bin/../lib/gcc/nios2-elf/5.3.0/../../../../../H-x86_64-mingw32/nios2-elf/lib/mno-hw-mul\libc.a(lib_a-__atexit.o)
 .debug_abbrev  0x00000000000027c7      0x22e c:/intelfpga_lite/18.1/nios2eds/bin/gnu/h-x86_64-mingw32/bin/../lib/gcc/nios2-elf/5.3.0/../../../../../H-x86_64-mingw32/nios2-elf/lib/mno-hw-mul\libc.a(lib_a-__call_atexit.o)
 .debug_abbrev  0x00000000000029f5       0x6f c:/intelfpga_lite/18.1/nios2eds/bin/gnu/h-x86_64-mingw32/bin/../lib/gcc/nios2-elf/5.3.0/mno-hw-mul\libgcc.a(lib2-mul.o)
 .debug_abbrev  0x0000000000002a64       0xa9 ../BSP\libhal_bsp.a(alt_exit.o)

.debug_line     0x0000000000000000     0x2c63
 *(.debug_line)
 .debug_line    0x0000000000000000       0x66 ../BSP/obj/HAL/src/crt0.o
 .debug_line    0x0000000000000066       0xfc obj/default/compteur.o
 .debug_line    0x0000000000000162      0x105 c:/intelfpga_lite/18.1/nios2eds/bin/gnu/h-x86_64-mingw32/bin/../lib/gcc/nios2-elf/5.3.0/mno-hw-mul\libgcc.a(lib2-divmod.o)
 .debug_line    0x0000000000000267       0x8e ../BSP\libhal_bsp.a(alt_load.o)
 .debug_line    0x00000000000002f5       0xa4 ../BSP\libhal_bsp.a(alt_main.o)
 .debug_line    0x0000000000000399       0xad ../BSP\libhal_bsp.a(alt_usleep.o)
 .debug_line    0x0000000000000446      0x136 ../BSP\libhal_bsp.a(alt_sys_init.o)
 .debug_line    0x000000000000057c      0x12f ../BSP\libhal_bsp.a(altera_avalon_jtag_uart_fd.o)
 .debug_line    0x00000000000006ab      0x18b ../BSP\libhal_bsp.a(altera_avalon_jtag_uart_init.o)
 .debug_line    0x0000000000000836      0x131 ../BSP\libhal_bsp.a(altera_avalon_jtag_uart_ioctl.o)
 .debug_line    0x0000000000000967      0x171 ../BSP\libhal_bsp.a(altera_avalon_jtag_uart_read.o)
 .debug_line    0x0000000000000ad8      0x170 ../BSP\libhal_bsp.a(altera_avalon_jtag_uart_write.o)
 .debug_line    0x0000000000000c48       0xf9 ../BSP\libhal_bsp.a(alt_alarm_start.o)
 .debug_line    0x0000000000000d41       0xa2 ../BSP\libhal_bsp.a(alt_busy_sleep.o)
 .debug_line    0x0000000000000de3      0x165 ../BSP\libhal_bsp.a(alt_close.o)
 .debug_line    0x0000000000000f48       0x51 ../BSP\libhal_bsp.a(alt_dcache_flush_all.o)
 .debug_line    0x0000000000000f99       0xf8 ../BSP\libhal_bsp.a(alt_dev.o)
 .debug_line    0x0000000000001091       0xcf ../BSP\libhal_bsp.a(alt_dev_llist_insert.o)
 .debug_line    0x0000000000001160       0x59 ../BSP\libhal_bsp.a(alt_do_ctors.o)
 .debug_line    0x00000000000011b9       0x59 ../BSP\libhal_bsp.a(alt_do_dtors.o)
 .debug_line    0x0000000000001212       0x51 ../BSP\libhal_bsp.a(alt_errno.o)
 .debug_line    0x0000000000001263       0x4f ../BSP\libhal_bsp.a(alt_icache_flush_all.o)
 .debug_line    0x00000000000012b2       0xeb ../BSP\libhal_bsp.a(alt_iic.o)
 .debug_line    0x000000000000139d       0xdb ../BSP\libhal_bsp.a(alt_iic_isr_register.o)
 .debug_line    0x0000000000001478      0x135 ../BSP\libhal_bsp.a(alt_io_redirect.o)
 .debug_line    0x00000000000015ad       0x6b ../BSP\libhal_bsp.a(alt_irq_entry.o)
 .debug_line    0x0000000000001618       0xaa ../BSP\libhal_bsp.a(alt_irq_handler.o)
 .debug_line    0x00000000000016c2       0x50 ../BSP\libhal_bsp.a(alt_irq_vars.o)
 .debug_line    0x0000000000001712      0x12b ../BSP\libhal_bsp.a(alt_open.o)
 .debug_line    0x000000000000183d       0xb0 ../BSP\libhal_bsp.a(alt_release_fd.o)
 .debug_line    0x00000000000018ed       0xff ../BSP\libhal_bsp.a(alt_tick.o)
 .debug_line    0x00000000000019ec       0x51 ../BSP\libhal_bsp.a(altera_nios2_gen2_irq.o)
 .debug_line    0x0000000000001a3d       0xb3 ../BSP\libhal_bsp.a(alt_exception_entry.o)
 .debug_line    0x0000000000001af0       0xb5 ../BSP\libhal_bsp.a(alt_find_dev.o)
 .debug_line    0x0000000000001ba5       0xd1 ../BSP\libhal_bsp.a(alt_find_file.o)
 .debug_line    0x0000000000001c76       0xd7 ../BSP\libhal_bsp.a(alt_get_fd.o)
 .debug_line    0x0000000000001d4d       0xb9 ../BSP\libhal_bsp.a(alt_instruction_exception_entry.o)
 .debug_line    0x0000000000001e06       0xe7 c:/intelfpga_lite/18.1/nios2eds/bin/gnu/h-x86_64-mingw32/bin/../lib/gcc/nios2-elf/5.3.0/../../../../../H-x86_64-mingw32/nios2-elf/lib/mno-hw-mul\libc.a(lib_a-atexit.o)
 .debug_line    0x0000000000001eed      0x1fc c:/intelfpga_lite/18.1/nios2eds/bin/gnu/h-x86_64-mingw32/bin/../lib/gcc/nios2-elf/5.3.0/../../../../../H-x86_64-mingw32/nios2-elf/lib/mno-hw-mul\libc.a(lib_a-exit.o)
 .debug_line    0x00000000000020e9      0x160 c:/intelfpga_lite/18.1/nios2eds/bin/gnu/h-x86_64-mingw32/bin/../lib/gcc/nios2-elf/5.3.0/../../../../../H-x86_64-mingw32/nios2-elf/lib/mno-hw-mul\libc.a(lib_a-impure.o)
 .debug_line    0x0000000000002249       0x5f c:/intelfpga_lite/18.1/nios2eds/bin/gnu/h-x86_64-mingw32/bin/../lib/gcc/nios2-elf/5.3.0/../../../../../H-x86_64-mingw32/nios2-elf/lib/mno-hw-mul\libc.a(lib_a-int_errno.o)
 .debug_line    0x00000000000022a8      0x176 c:/intelfpga_lite/18.1/nios2eds/bin/gnu/h-x86_64-mingw32/bin/../lib/gcc/nios2-elf/5.3.0/../../../../../H-x86_64-mingw32/nios2-elf/lib/mno-hw-mul\libc.a(lib_a-memcmp.o)
 .debug_line    0x000000000000241e      0x18c c:/intelfpga_lite/18.1/nios2eds/bin/gnu/h-x86_64-mingw32/bin/../lib/gcc/nios2-elf/5.3.0/../../../../../H-x86_64-mingw32/nios2-elf/lib/mno-hw-mul\libc.a(lib_a-memcpy.o)
 .debug_line    0x00000000000025aa      0x16f c:/intelfpga_lite/18.1/nios2eds/bin/gnu/h-x86_64-mingw32/bin/../lib/gcc/nios2-elf/5.3.0/../../../../../H-x86_64-mingw32/nios2-elf/lib/mno-hw-mul\libc.a(lib_a-strlen.o)
 .debug_line    0x0000000000002719      0x21f c:/intelfpga_lite/18.1/nios2eds/bin/gnu/h-x86_64-mingw32/bin/../lib/gcc/nios2-elf/5.3.0/../../../../../H-x86_64-mingw32/nios2-elf/lib/mno-hw-mul\libc.a(lib_a-__atexit.o)
 .debug_line    0x0000000000002938      0x23a c:/intelfpga_lite/18.1/nios2eds/bin/gnu/h-x86_64-mingw32/bin/../lib/gcc/nios2-elf/5.3.0/../../../../../H-x86_64-mingw32/nios2-elf/lib/mno-hw-mul\libc.a(lib_a-__call_atexit.o)
 .debug_line    0x0000000000002b72       0x80 c:/intelfpga_lite/18.1/nios2eds/bin/gnu/h-x86_64-mingw32/bin/../lib/gcc/nios2-elf/5.3.0/mno-hw-mul\libgcc.a(lib2-mul.o)
 .debug_line    0x0000000000002bf2       0x71 ../BSP\libhal_bsp.a(alt_exit.o)

.debug_frame    0x0000000000000000      0xb64
 *(.debug_frame)
 .debug_frame   0x0000000000000000       0x2c obj/default/compteur.o
 .debug_frame   0x000000000000002c       0x50 c:/intelfpga_lite/18.1/nios2eds/bin/gnu/h-x86_64-mingw32/bin/../lib/gcc/nios2-elf/5.3.0/mno-hw-mul\libgcc.a(lib2-divmod.o)
 .debug_frame   0x000000000000007c       0x5c ../BSP\libhal_bsp.a(alt_load.o)
 .debug_frame   0x00000000000000d8       0x2c ../BSP\libhal_bsp.a(alt_main.o)
 .debug_frame   0x0000000000000104       0x38 ../BSP\libhal_bsp.a(alt_usleep.o)
 .debug_frame   0x000000000000013c       0x88 ../BSP\libhal_bsp.a(alt_sys_init.o)
 .debug_frame   0x00000000000001c4       0xb0 ../BSP\libhal_bsp.a(altera_avalon_jtag_uart_fd.o)
 .debug_frame   0x0000000000000274       0xa4 ../BSP\libhal_bsp.a(altera_avalon_jtag_uart_init.o)
 .debug_frame   0x0000000000000318       0x34 ../BSP\libhal_bsp.a(altera_avalon_jtag_uart_ioctl.o)
 .debug_frame   0x000000000000034c       0x38 ../BSP\libhal_bsp.a(altera_avalon_jtag_uart_read.o)
 .debug_frame   0x0000000000000384       0x38 ../BSP\libhal_bsp.a(altera_avalon_jtag_uart_write.o)
 .debug_frame   0x00000000000003bc       0x34 ../BSP\libhal_bsp.a(alt_alarm_start.o)
 .debug_frame   0x00000000000003f0       0x38 ../BSP\libhal_bsp.a(alt_busy_sleep.o)
 .debug_frame   0x0000000000000428       0x60 ../BSP\libhal_bsp.a(alt_close.o)
 .debug_frame   0x0000000000000488       0x34 ../BSP\libhal_bsp.a(alt_dcache_flush_all.o)
 .debug_frame   0x00000000000004bc       0x34 ../BSP\libhal_bsp.a(alt_dev.o)
 .debug_frame   0x00000000000004f0       0x60 ../BSP\libhal_bsp.a(alt_dev_llist_insert.o)
 .debug_frame   0x0000000000000550       0x38 ../BSP\libhal_bsp.a(alt_do_ctors.o)
 .debug_frame   0x0000000000000588       0x38 ../BSP\libhal_bsp.a(alt_do_dtors.o)
 .debug_frame   0x00000000000005c0       0x34 ../BSP\libhal_bsp.a(alt_icache_flush_all.o)
 .debug_frame   0x00000000000005f4       0xa4 ../BSP\libhal_bsp.a(alt_iic.o)
 .debug_frame   0x0000000000000698       0x38 ../BSP\libhal_bsp.a(alt_iic_isr_register.o)
 .debug_frame   0x00000000000006d0       0x64 ../BSP\libhal_bsp.a(alt_io_redirect.o)
 .debug_frame   0x0000000000000734       0x38 ../BSP\libhal_bsp.a(alt_irq_handler.o)
 .debug_frame   0x000000000000076c       0x8c ../BSP\libhal_bsp.a(alt_open.o)
 .debug_frame   0x00000000000007f8       0x3c ../BSP\libhal_bsp.a(alt_release_fd.o)
 .debug_frame   0x0000000000000834       0x5c ../BSP\libhal_bsp.a(alt_tick.o)
 .debug_frame   0x0000000000000890       0x34 ../BSP\libhal_bsp.a(altera_nios2_gen2_irq.o)
 .debug_frame   0x00000000000008c4       0x38 ../BSP\libhal_bsp.a(alt_find_dev.o)
 .debug_frame   0x00000000000008fc       0x38 ../BSP\libhal_bsp.a(alt_find_file.o)
 .debug_frame   0x0000000000000934       0x3c ../BSP\libhal_bsp.a(alt_get_fd.o)
 .debug_frame   0x0000000000000970       0x5c ../BSP\libhal_bsp.a(alt_instruction_exception_entry.o)
 .debug_frame   0x00000000000009cc       0x20 c:/intelfpga_lite/18.1/nios2eds/bin/gnu/h-x86_64-mingw32/bin/../lib/gcc/nios2-elf/5.3.0/../../../../../H-x86_64-mingw32/nios2-elf/lib/mno-hw-mul\libc.a(lib_a-atexit.o)
 .debug_frame   0x00000000000009ec       0x28 c:/intelfpga_lite/18.1/nios2eds/bin/gnu/h-x86_64-mingw32/bin/../lib/gcc/nios2-elf/5.3.0/../../../../../H-x86_64-mingw32/nios2-elf/lib/mno-hw-mul\libc.a(lib_a-exit.o)
 .debug_frame   0x0000000000000a14       0x20 c:/intelfpga_lite/18.1/nios2eds/bin/gnu/h-x86_64-mingw32/bin/../lib/gcc/nios2-elf/5.3.0/../../../../../H-x86_64-mingw32/nios2-elf/lib/mno-hw-mul\libc.a(lib_a-memcmp.o)
 .debug_frame   0x0000000000000a34       0x38 c:/intelfpga_lite/18.1/nios2eds/bin/gnu/h-x86_64-mingw32/bin/../lib/gcc/nios2-elf/5.3.0/../../../../../H-x86_64-mingw32/nios2-elf/lib/mno-hw-mul\libc.a(lib_a-memcpy.o)
 .debug_frame   0x0000000000000a6c       0x20 c:/intelfpga_lite/18.1/nios2eds/bin/gnu/h-x86_64-mingw32/bin/../lib/gcc/nios2-elf/5.3.0/../../../../../H-x86_64-mingw32/nios2-elf/lib/mno-hw-mul\libc.a(lib_a-strlen.o)
 .debug_frame   0x0000000000000a8c       0x38 c:/intelfpga_lite/18.1/nios2eds/bin/gnu/h-x86_64-mingw32/bin/../lib/gcc/nios2-elf/5.3.0/../../../../../H-x86_64-mingw32/nios2-elf/lib/mno-hw-mul\libc.a(lib_a-__atexit.o)
 .debug_frame   0x0000000000000ac4       0x54 c:/intelfpga_lite/18.1/nios2eds/bin/gnu/h-x86_64-mingw32/bin/../lib/gcc/nios2-elf/5.3.0/../../../../../H-x86_64-mingw32/nios2-elf/lib/mno-hw-mul\libc.a(lib_a-__call_atexit.o)
 .debug_frame   0x0000000000000b18       0x20 c:/intelfpga_lite/18.1/nios2eds/bin/gnu/h-x86_64-mingw32/bin/../lib/gcc/nios2-elf/5.3.0/mno-hw-mul\libgcc.a(lib2-mul.o)
 .debug_frame   0x0000000000000b38       0x2c ../BSP\libhal_bsp.a(alt_exit.o)

.debug_str      0x0000000000000000     0x1c49
 *(.debug_str)
 .debug_str     0x0000000000000000      0x10f obj/default/compteur.o
                                        0x14d (size before relaxing)
 .debug_str     0x000000000000010f      0x187 c:/intelfpga_lite/18.1/nios2eds/bin/gnu/h-x86_64-mingw32/bin/../lib/gcc/nios2-elf/5.3.0/mno-hw-mul\libgcc.a(lib2-divmod.o)
                                        0x1d2 (size before relaxing)
 .debug_str     0x0000000000000296      0x11f ../BSP\libhal_bsp.a(alt_load.o)
                                        0x206 (size before relaxing)
 .debug_str     0x00000000000003b5       0x70 ../BSP\libhal_bsp.a(alt_main.o)
                                        0x191 (size before relaxing)
 .debug_str     0x0000000000000425       0x27 ../BSP\libhal_bsp.a(alt_usleep.o)
                                        0x13c (size before relaxing)
 .debug_str     0x000000000000044c      0x19b ../BSP\libhal_bsp.a(alt_sys_init.o)
                                        0x34c (size before relaxing)
 .debug_str     0x00000000000005e7       0xb9 ../BSP\libhal_bsp.a(altera_avalon_jtag_uart_fd.o)
                                        0x398 (size before relaxing)
 .debug_str     0x00000000000006a0       0xd1 ../BSP\libhal_bsp.a(altera_avalon_jtag_uart_init.o)
                                        0x32c (size before relaxing)
 .debug_str     0x0000000000000771       0x4a ../BSP\libhal_bsp.a(altera_avalon_jtag_uart_ioctl.o)
                                        0x287 (size before relaxing)
 .debug_str     0x00000000000007bb       0x7f ../BSP\libhal_bsp.a(altera_avalon_jtag_uart_read.o)
                                        0x2dc (size before relaxing)
 .debug_str     0x000000000000083a       0x4a ../BSP\libhal_bsp.a(altera_avalon_jtag_uart_write.o)
                                        0x2dd (size before relaxing)
 .debug_str     0x0000000000000884       0x59 ../BSP\libhal_bsp.a(alt_alarm_start.o)
                                        0x272 (size before relaxing)
 .debug_str     0x00000000000008dd       0x42 ../BSP\libhal_bsp.a(alt_busy_sleep.o)
                                        0x15f (size before relaxing)
 .debug_str     0x000000000000091f       0x44 ../BSP\libhal_bsp.a(alt_close.o)
                                        0x1ff (size before relaxing)
 .debug_str     0x0000000000000963       0x34 ../BSP\libhal_bsp.a(alt_dcache_flush_all.o)
                                        0x149 (size before relaxing)
 .debug_str     0x0000000000000997      0x120 ../BSP\libhal_bsp.a(alt_dev.o)
                                        0x2f9 (size before relaxing)
 .debug_str     0x0000000000000ab7       0x34 ../BSP\libhal_bsp.a(alt_dev_llist_insert.o)
                                        0x1c0 (size before relaxing)
 .debug_str     0x0000000000000aeb       0x48 ../BSP\libhal_bsp.a(alt_do_ctors.o)
                                         0xc4 (size before relaxing)
 .debug_str     0x0000000000000b33       0x4c ../BSP\libhal_bsp.a(alt_do_dtors.o)
                                         0xc3 (size before relaxing)
 .debug_str     0x0000000000000b7f       0x14 ../BSP\libhal_bsp.a(alt_errno.o)
                                        0x139 (size before relaxing)
 .debug_str     0x0000000000000b93       0x34 ../BSP\libhal_bsp.a(alt_icache_flush_all.o)
                                        0x149 (size before relaxing)
 .debug_str     0x0000000000000bc7       0xc4 ../BSP\libhal_bsp.a(alt_iic.o)
                                        0x232 (size before relaxing)
 .debug_str     0x0000000000000c8b       0x4c ../BSP\libhal_bsp.a(alt_iic_isr_register.o)
                                        0x1dc (size before relaxing)
 .debug_str     0x0000000000000cd7       0x56 ../BSP\libhal_bsp.a(alt_io_redirect.o)
                                        0x30a (size before relaxing)
 .debug_str     0x0000000000000d2d       0x3a ../BSP\libhal_bsp.a(alt_irq_handler.o)
                                        0x18b (size before relaxing)
 .debug_str     0x0000000000000d67       0x17 ../BSP\libhal_bsp.a(alt_irq_vars.o)
                                        0x12e (size before relaxing)
 .debug_str     0x0000000000000d7e       0x2f ../BSP\libhal_bsp.a(alt_open.o)
                                        0x23f (size before relaxing)
 .debug_str     0x0000000000000dad       0x28 ../BSP\libhal_bsp.a(alt_release_fd.o)
                                        0x1c7 (size before relaxing)
 .debug_str     0x0000000000000dd5       0x4a ../BSP\libhal_bsp.a(alt_tick.o)
                                        0x246 (size before relaxing)
 .debug_str     0x0000000000000e1f       0x3b ../BSP\libhal_bsp.a(altera_nios2_gen2_irq.o)
                                        0x150 (size before relaxing)
 .debug_str     0x0000000000000e5a       0x24 ../BSP\libhal_bsp.a(alt_find_dev.o)
                                        0x1e0 (size before relaxing)
 .debug_str     0x0000000000000e7e       0x26 ../BSP\libhal_bsp.a(alt_find_file.o)
                                        0x1ee (size before relaxing)
 .debug_str     0x0000000000000ea4       0x30 ../BSP\libhal_bsp.a(alt_get_fd.o)
                                        0x210 (size before relaxing)
 .debug_str     0x0000000000000ed4      0x48b ../BSP\libhal_bsp.a(alt_instruction_exception_entry.o)
                                        0x594 (size before relaxing)
 .debug_str     0x000000000000135f      0x17c c:/intelfpga_lite/18.1/nios2eds/bin/gnu/h-x86_64-mingw32/bin/../lib/gcc/nios2-elf/5.3.0/../../../../../H-x86_64-mingw32/nios2-elf/lib/mno-hw-mul\libc.a(lib_a-atexit.o)
                                        0x221 (size before relaxing)
 .debug_str     0x00000000000014db      0x3b5 c:/intelfpga_lite/18.1/nios2eds/bin/gnu/h-x86_64-mingw32/bin/../lib/gcc/nios2-elf/5.3.0/../../../../../H-x86_64-mingw32/nios2-elf/lib/mno-hw-mul\libc.a(lib_a-exit.o)
                                        0x5be (size before relaxing)
 .debug_str     0x0000000000001890       0xd6 c:/intelfpga_lite/18.1/nios2eds/bin/gnu/h-x86_64-mingw32/bin/../lib/gcc/nios2-elf/5.3.0/../../../../../H-x86_64-mingw32/nios2-elf/lib/mno-hw-mul\libc.a(lib_a-impure.o)
                                        0x5b5 (size before relaxing)
 .debug_str     0x0000000000001966       0x3f c:/intelfpga_lite/18.1/nios2eds/bin/gnu/h-x86_64-mingw32/bin/../lib/gcc/nios2-elf/5.3.0/../../../../../H-x86_64-mingw32/nios2-elf/lib/mno-hw-mul\libc.a(lib_a-int_errno.o)
                                        0x1dd (size before relaxing)
 .debug_str     0x00000000000019a5       0xda c:/intelfpga_lite/18.1/nios2eds/bin/gnu/h-x86_64-mingw32/bin/../lib/gcc/nios2-elf/5.3.0/../../../../../H-x86_64-mingw32/nios2-elf/lib/mno-hw-mul\libc.a(lib_a-memcmp.o)
                                        0x1e4 (size before relaxing)
 .debug_str     0x0000000000001a7f       0x6b c:/intelfpga_lite/18.1/nios2eds/bin/gnu/h-x86_64-mingw32/bin/../lib/gcc/nios2-elf/5.3.0/../../../../../H-x86_64-mingw32/nios2-elf/lib/mno-hw-mul\libc.a(lib_a-memcpy.o)
                                        0x20b (size before relaxing)
 .debug_str     0x0000000000001aea       0x51 c:/intelfpga_lite/18.1/nios2eds/bin/gnu/h-x86_64-mingw32/bin/../lib/gcc/nios2-elf/5.3.0/../../../../../H-x86_64-mingw32/nios2-elf/lib/mno-hw-mul\libc.a(lib_a-strlen.o)
                                        0x1f7 (size before relaxing)
 .debug_str     0x0000000000001b3b       0x3f c:/intelfpga_lite/18.1/nios2eds/bin/gnu/h-x86_64-mingw32/bin/../lib/gcc/nios2-elf/5.3.0/../../../../../H-x86_64-mingw32/nios2-elf/lib/mno-hw-mul\libc.a(lib_a-__atexit.o)
                                        0x5f6 (size before relaxing)
 .debug_str     0x0000000000001b7a       0x65 c:/intelfpga_lite/18.1/nios2eds/bin/gnu/h-x86_64-mingw32/bin/../lib/gcc/nios2-elf/5.3.0/../../../../../H-x86_64-mingw32/nios2-elf/lib/mno-hw-mul\libc.a(lib_a-__call_atexit.o)
                                        0x5e2 (size before relaxing)
 .debug_str     0x0000000000001bdf       0x40 c:/intelfpga_lite/18.1/nios2eds/bin/gnu/h-x86_64-mingw32/bin/../lib/gcc/nios2-elf/5.3.0/mno-hw-mul\libgcc.a(lib2-mul.o)
                                        0x193 (size before relaxing)
 .debug_str     0x0000000000001c1f       0x2a ../BSP\libhal_bsp.a(alt_exit.o)
                                        0x145 (size before relaxing)

.debug_loc      0x0000000000000000      0xcd1
 *(.debug_loc)
 .debug_loc     0x0000000000000000      0x4ce c:/intelfpga_lite/18.1/nios2eds/bin/gnu/h-x86_64-mingw32/bin/../lib/gcc/nios2-elf/5.3.0/mno-hw-mul\libgcc.a(lib2-divmod.o)
 .debug_loc     0x00000000000004ce       0x2c c:/intelfpga_lite/18.1/nios2eds/bin/gnu/h-x86_64-mingw32/bin/../lib/gcc/nios2-elf/5.3.0/../../../../../H-x86_64-mingw32/nios2-elf/lib/mno-hw-mul\libc.a(lib_a-atexit.o)
 .debug_loc     0x00000000000004fa       0x1e c:/intelfpga_lite/18.1/nios2eds/bin/gnu/h-x86_64-mingw32/bin/../lib/gcc/nios2-elf/5.3.0/../../../../../H-x86_64-mingw32/nios2-elf/lib/mno-hw-mul\libc.a(lib_a-exit.o)
 .debug_loc     0x0000000000000518      0x126 c:/intelfpga_lite/18.1/nios2eds/bin/gnu/h-x86_64-mingw32/bin/../lib/gcc/nios2-elf/5.3.0/../../../../../H-x86_64-mingw32/nios2-elf/lib/mno-hw-mul\libc.a(lib_a-memcmp.o)
 .debug_loc     0x000000000000063e      0x266 c:/intelfpga_lite/18.1/nios2eds/bin/gnu/h-x86_64-mingw32/bin/../lib/gcc/nios2-elf/5.3.0/../../../../../H-x86_64-mingw32/nios2-elf/lib/mno-hw-mul\libc.a(lib_a-memcpy.o)
 .debug_loc     0x00000000000008a4       0x47 c:/intelfpga_lite/18.1/nios2eds/bin/gnu/h-x86_64-mingw32/bin/../lib/gcc/nios2-elf/5.3.0/../../../../../H-x86_64-mingw32/nios2-elf/lib/mno-hw-mul\libc.a(lib_a-strlen.o)
 .debug_loc     0x00000000000008eb      0x185 c:/intelfpga_lite/18.1/nios2eds/bin/gnu/h-x86_64-mingw32/bin/../lib/gcc/nios2-elf/5.3.0/../../../../../H-x86_64-mingw32/nios2-elf/lib/mno-hw-mul\libc.a(lib_a-__atexit.o)
 .debug_loc     0x0000000000000a70      0x1ce c:/intelfpga_lite/18.1/nios2eds/bin/gnu/h-x86_64-mingw32/bin/../lib/gcc/nios2-elf/5.3.0/../../../../../H-x86_64-mingw32/nios2-elf/lib/mno-hw-mul\libc.a(lib_a-__call_atexit.o)
 .debug_loc     0x0000000000000c3e       0x93 c:/intelfpga_lite/18.1/nios2eds/bin/gnu/h-x86_64-mingw32/bin/../lib/gcc/nios2-elf/5.3.0/mno-hw-mul\libgcc.a(lib2-mul.o)

.debug_macinfo
 *(.debug_macinfo)

.debug_weaknames
 *(.debug_weaknames)

.debug_funcnames
 *(.debug_funcnames)

.debug_typenames
 *(.debug_typenames)

.debug_varnames
 *(.debug_varnames)

.debug_alt_sim_info
                0x0000000000000000       0x40
 *(.debug_alt_sim_info)
 .debug_alt_sim_info
                0x0000000000000000       0x10 ../BSP/obj/HAL/src/crt0.o
 .debug_alt_sim_info
                0x0000000000000010       0x30 ../BSP\libhal_bsp.a(alt_busy_sleep.o)
                0x0000000000019c40                __alt_data_end = 0x19c40
                0x0000000000019c40                PROVIDE (__alt_stack_pointer, __alt_data_end)
                [!provide]                        PROVIDE (__alt_stack_limit, __alt_stack_base)
                [!provide]                        PROVIDE (__alt_heap_start, end)
                [!provide]                        PROVIDE (__alt_heap_limit, 0x19c40)
OUTPUT(compteur.elf elf32-littlenios2)

.debug_ranges   0x0000000000000000      0x1d8
 .debug_ranges  0x0000000000000000       0x20 ../BSP/obj/HAL/src/crt0.o
 .debug_ranges  0x0000000000000020       0x60 c:/intelfpga_lite/18.1/nios2eds/bin/gnu/h-x86_64-mingw32/bin/../lib/gcc/nios2-elf/5.3.0/mno-hw-mul\libgcc.a(lib2-divmod.o)
 .debug_ranges  0x0000000000000080       0x30 ../BSP\libhal_bsp.a(altera_avalon_jtag_uart_init.o)
 .debug_ranges  0x00000000000000b0       0x18 ../BSP\libhal_bsp.a(altera_avalon_jtag_uart_read.o)
 .debug_ranges  0x00000000000000c8       0x28 ../BSP\libhal_bsp.a(alt_irq_entry.o)
 .debug_ranges  0x00000000000000f0       0x10 ../BSP\libhal_bsp.a(alt_irq_handler.o)
 .debug_ranges  0x0000000000000100       0x30 ../BSP\libhal_bsp.a(alt_exception_entry.o)
 .debug_ranges  0x0000000000000130       0x18 ../BSP\libhal_bsp.a(alt_instruction_exception_entry.o)
 .debug_ranges  0x0000000000000148       0x10 c:/intelfpga_lite/18.1/nios2eds/bin/gnu/h-x86_64-mingw32/bin/../lib/gcc/nios2-elf/5.3.0/../../../../../H-x86_64-mingw32/nios2-elf/lib/mno-hw-mul\libc.a(lib_a-atexit.o)
 .debug_ranges  0x0000000000000158       0x10 c:/intelfpga_lite/18.1/nios2eds/bin/gnu/h-x86_64-mingw32/bin/../lib/gcc/nios2-elf/5.3.0/../../../../../H-x86_64-mingw32/nios2-elf/lib/mno-hw-mul\libc.a(lib_a-exit.o)
 .debug_ranges  0x0000000000000168       0x10 c:/intelfpga_lite/18.1/nios2eds/bin/gnu/h-x86_64-mingw32/bin/../lib/gcc/nios2-elf/5.3.0/../../../../../H-x86_64-mingw32/nios2-elf/lib/mno-hw-mul\libc.a(lib_a-memcmp.o)
 .debug_ranges  0x0000000000000178       0x10 c:/intelfpga_lite/18.1/nios2eds/bin/gnu/h-x86_64-mingw32/bin/../lib/gcc/nios2-elf/5.3.0/../../../../../H-x86_64-mingw32/nios2-elf/lib/mno-hw-mul\libc.a(lib_a-memcpy.o)
 .debug_ranges  0x0000000000000188       0x10 c:/intelfpga_lite/18.1/nios2eds/bin/gnu/h-x86_64-mingw32/bin/../lib/gcc/nios2-elf/5.3.0/../../../../../H-x86_64-mingw32/nios2-elf/lib/mno-hw-mul\libc.a(lib_a-strlen.o)
 .debug_ranges  0x0000000000000198       0x10 c:/intelfpga_lite/18.1/nios2eds/bin/gnu/h-x86_64-mingw32/bin/../lib/gcc/nios2-elf/5.3.0/../../../../../H-x86_64-mingw32/nios2-elf/lib/mno-hw-mul\libc.a(lib_a-__atexit.o)
 .debug_ranges  0x00000000000001a8       0x30 c:/intelfpga_lite/18.1/nios2eds/bin/gnu/h-x86_64-mingw32/bin/../lib/gcc/nios2-elf/5.3.0/../../../../../H-x86_64-mingw32/nios2-elf/lib/mno-hw-mul\libc.a(lib_a-__call_atexit.o)
