Archive member included to satisfy reference by file (symbol)

c:/intelfpga_lite/18.1/nios2eds/bin/gnu/h-x86_64-mingw32/bin/../lib/gcc/nios2-elf/5.3.0/mno-hw-mul\libgcc.a(lib2-divmod.o)
                              obj/default/compteur_timer.o (__udivsi3)
../BSP\libhal_bsp.a(alt_irq_register.o)
                              obj/default/compteur_timer.o (alt_irq_register)
../BSP\libhal_bsp.a(alt_irq_vars.o)
                              ../BSP\libhal_bsp.a(alt_irq_register.o) (alt_irq_active)
../BSP\libhal_bsp.a(alt_load.o)
                              ../BSP/obj/HAL/src/crt0.o (alt_load)
../BSP\libhal_bsp.a(alt_main.o)
                              ../BSP/obj/HAL/src/crt0.o (alt_main)
../BSP\libhal_bsp.a(alt_printf.o)
                              obj/default/compteur_timer.o (alt_printf)
../BSP\libhal_bsp.a(alt_putchar.o)
                              ../BSP\libhal_bsp.a(alt_printf.o) (alt_putchar)
../BSP\libhal_bsp.a(alt_sys_init.o)
                              ../BSP\libhal_bsp.a(alt_main.o) (alt_irq_init)
../BSP\libhal_bsp.a(altera_avalon_jtag_uart_fd.o)
                              ../BSP\libhal_bsp.a(alt_sys_init.o) (altera_avalon_jtag_uart_read_fd)
../BSP\libhal_bsp.a(altera_avalon_jtag_uart_init.o)
                              ../BSP\libhal_bsp.a(alt_sys_init.o) (altera_avalon_jtag_uart_init)
../BSP\libhal_bsp.a(altera_avalon_jtag_uart_ioctl.o)
                              ../BSP\libhal_bsp.a(altera_avalon_jtag_uart_fd.o) (altera_avalon_jtag_uart_ioctl)
../BSP\libhal_bsp.a(altera_avalon_jtag_uart_read.o)
                              ../BSP\libhal_bsp.a(altera_avalon_jtag_uart_fd.o) (altera_avalon_jtag_uart_read)
../BSP\libhal_bsp.a(altera_avalon_jtag_uart_write.o)
                              ../BSP\libhal_bsp.a(altera_avalon_jtag_uart_fd.o) (altera_avalon_jtag_uart_write)
../BSP\libhal_bsp.a(altera_avalon_timer_sc.o)
                              ../BSP\libhal_bsp.a(alt_sys_init.o) (alt_avalon_timer_sc_init)
../BSP\libhal_bsp.a(alt_alarm_start.o)
                              ../BSP\libhal_bsp.a(altera_avalon_jtag_uart_init.o) (alt_alarm_start)
../BSP\libhal_bsp.a(alt_close.o)
                              ../BSP\libhal_bsp.a(alt_main.o) (close)
../BSP\libhal_bsp.a(alt_dcache_flush_all.o)
                              ../BSP\libhal_bsp.a(alt_load.o) (alt_dcache_flush_all)
../BSP\libhal_bsp.a(alt_dev.o)
                              ../BSP\libhal_bsp.a(alt_sys_init.o) (alt_dev_list)
../BSP\libhal_bsp.a(alt_dev_llist_insert.o)
                              ../BSP\libhal_bsp.a(alt_sys_init.o) (alt_dev_llist_insert)
../BSP\libhal_bsp.a(alt_do_ctors.o)
                              ../BSP\libhal_bsp.a(alt_main.o) (_do_ctors)
../BSP\libhal_bsp.a(alt_do_dtors.o)
                              ../BSP\libhal_bsp.a(alt_main.o) (_do_dtors)
../BSP\libhal_bsp.a(alt_errno.o)
                              ../BSP\libhal_bsp.a(alt_close.o) (alt_errno)
../BSP\libhal_bsp.a(alt_icache_flush_all.o)
                              ../BSP\libhal_bsp.a(alt_load.o) (alt_icache_flush_all)
../BSP\libhal_bsp.a(alt_iic.o)
                              ../BSP\libhal_bsp.a(altera_avalon_jtag_uart_init.o) (alt_ic_isr_register)
../BSP\libhal_bsp.a(alt_iic_isr_register.o)
                              ../BSP\libhal_bsp.a(alt_iic.o) (alt_iic_isr_register)
../BSP\libhal_bsp.a(alt_io_redirect.o)
                              ../BSP\libhal_bsp.a(alt_main.o) (alt_io_redirect)
../BSP\libhal_bsp.a(alt_irq_entry.o)
                              ../BSP\libhal_bsp.a(alt_irq_register.o) (alt_irq_entry)
../BSP\libhal_bsp.a(alt_irq_handler.o)
                              ../BSP\libhal_bsp.a(alt_irq_register.o) (alt_irq)
../BSP\libhal_bsp.a(alt_open.o)
                              ../BSP\libhal_bsp.a(alt_io_redirect.o) (open)
../BSP\libhal_bsp.a(alt_release_fd.o)
                              ../BSP\libhal_bsp.a(alt_close.o) (alt_release_fd)
../BSP\libhal_bsp.a(alt_tick.o)
                              ../BSP\libhal_bsp.a(altera_avalon_jtag_uart_init.o) (_alt_tick_rate)
../BSP\libhal_bsp.a(altera_nios2_gen2_irq.o)
                              ../BSP\libhal_bsp.a(alt_sys_init.o) (altera_nios2_gen2_irq_init)
../BSP\libhal_bsp.a(alt_exception_entry.o)
                              ../BSP\libhal_bsp.a(alt_irq_entry.o) (alt_exception)
../BSP\libhal_bsp.a(alt_find_dev.o)
                              ../BSP\libhal_bsp.a(alt_open.o) (alt_find_dev)
../BSP\libhal_bsp.a(alt_find_file.o)
                              ../BSP\libhal_bsp.a(alt_open.o) (alt_find_file)
../BSP\libhal_bsp.a(alt_get_fd.o)
                              ../BSP\libhal_bsp.a(alt_open.o) (alt_get_fd)
../BSP\libhal_bsp.a(alt_instruction_exception_entry.o)
                              ../BSP\libhal_bsp.a(alt_exception_entry.o) (alt_instruction_exception_entry)
c:/intelfpga_lite/18.1/nios2eds/bin/gnu/h-x86_64-mingw32/bin/../lib/gcc/nios2-elf/5.3.0/../../../../../H-x86_64-mingw32/nios2-elf/lib/mno-hw-mul\libc.a(lib_a-atexit.o)
[...]
Memory Configuration

Name             Origin             Length             Attributes
reset            0x0000000000010000 0x0000000000000020
onchip_memory2_0 0x0000000000010020 0x0000000000009c20
*default*        0x0000000000000000 0xffffffffffffffff

Linker script and memory map

LOAD ../BSP/obj/HAL/src/crt0.o
LOAD obj/default/compteur_timer.o
LOAD c:/intelfpga_lite/18.1/nios2eds/bin/gnu/h-x86_64-mingw32/bin/../lib/gcc/nios2-elf/5.3.0/../../../../../H-x86_64-mingw32/nios2-elf/lib/mno-hw-mul\libstdc++.a
LOAD c:/intelfpga_lite/18.1/nios2eds/bin/gnu/h-x86_64-mingw32/bin/../lib/gcc/nios2-elf/5.3.0/../../../../../H-x86_64-mingw32/nios2-elf/lib/mno-hw-mul\libm.a
LOAD c:/intelfpga_lite/18.1/nios2eds/bin/gnu/h-x86_64-mingw32/bin/../lib/gcc/nios2-elf/5.3.0/mno-hw-mul\libgcc.a
START GROUP
LOAD c:/intelfpga_lite/18.1/nios2eds/bin/gnu/h-x86_64-mingw32/bin/../lib/gcc/nios2-elf/5.3.0/../../../../../H-x86_64-mingw32/nios2-elf/lib/mno-hw-mul\libc.a
LOAD c:/intelfpga_lite/18.1/nios2eds/bin/gnu/h-x86_64-mingw32/bin/../lib/gcc/nios2-elf/5.3.0/mno-hw-mul\libgcc.a
LOAD ../BSP\libhal_bsp.a
LOAD c:/intelfpga_lite/18.1/nios2eds/bin/gnu/h-x86_64-mingw32/bin/../lib/gcc/nios2-elf/5.3.0/../../../../../H-x86_64-mingw32/nios2-elf/lib/mno-hw-mul\libm.a
END GROUP
LOAD c:/intelfpga_lite/18.1/nios2eds/bin/gnu/h-x86_64-mingw32/bin/../lib/gcc/nios2-elf/5.3.0/mno-hw-mul\libgcc.a
                0x0000000000010000                __alt_mem_onchip_memory2_0 = 0x10000

.entry          0x0000000000010000       0x20
 *(.entry)
 .entry         0x0000000000010000       0x20 ../BSP/obj/HAL/src/crt0.o
                0x0000000000010000                __reset

.exceptions     0x0000000000010020      0x210
                0x0000000000010020                PROVIDE (__ram_exceptions_start, ABSOLUTE (.))
                0x0000000000010020                . = ALIGN (0x20)
 *(.irq)
 *(.exceptions.entry.label)
 .exceptions.entry.label
                0x0000000000010020        0x0 ../BSP\libhal_bsp.a(alt_irq_entry.o)
                0x0000000000010020                alt_irq_entry
 .exceptions.entry.label
                0x0000000000010020        0x0 ../BSP\libhal_bsp.a(alt_exception_entry.o)
                0x0000000000010020                alt_exception
 *(.exceptions.entry.user)
 *(.exceptions.entry.ecc_fatal)
 *(.exceptions.entry)
 .exceptions.entry
                0x0000000000010020       0x54 ../BSP\libhal_bsp.a(alt_exception_entry.o)
 *(.exceptions.irqtest.user)
 *(.exceptions.irqtest)
 .exceptions.irqtest
                0x0000000000010074       0x10 ../BSP\libhal_bsp.a(alt_irq_entry.o)
 *(.exceptions.irqhandler.user)
 *(.exceptions.irqhandler)
 .exceptions.irqhandler
                0x0000000000010084        0x4 ../BSP\libhal_bsp.a(alt_irq_entry.o)
 *(.exceptions.irqreturn.user)
 *(.exceptions.irqreturn)
 .exceptions.irqreturn
                0x0000000000010088        0x4 ../BSP\libhal_bsp.a(alt_irq_entry.o)
 *(.exceptions.notirq.label)
 .exceptions.notirq.label
                0x000000000001008c        0x0 ../BSP\libhal_bsp.a(alt_irq_entry.o)
 *(.exceptions.notirq.user)
 *(.exceptions.notirq)
 .exceptions.notirq
                0x000000000001008c        0x8 ../BSP\libhal_bsp.a(alt_exception_entry.o)
 *(.exceptions.soft.user)
 *(.exceptions.soft)
 *(.exceptions.unknown.user)
 *(.exceptions.unknown)
 .exceptions.unknown
                0x0000000000010094       0x14 ../BSP\libhal_bsp.a(alt_exception_entry.o)
 *(.exceptions.exit.label)
 .exceptions.exit.label
                0x00000000000100a8        0x0 ../BSP\libhal_bsp.a(alt_irq_entry.o)
 .exceptions.exit.label
                0x00000000000100a8        0x0 ../BSP\libhal_bsp.a(alt_exception_entry.o)
 *(.exceptions.exit.user)
 *(.exceptions.exit)
 .exceptions.exit
                0x00000000000100a8       0x54 ../BSP\libhal_bsp.a(alt_exception_entry.o)
 *(.exceptions)
 .exceptions    0x00000000000100fc       0xd4 ../BSP\libhal_bsp.a(alt_irq_handler.o)
                0x00000000000100fc                alt_irq_handler
 .exceptions    0x00000000000101d0       0x60 ../BSP\libhal_bsp.a(alt_instruction_exception_entry.o)
                0x00000000000101d0                alt_instruction_exception_entry
                0x0000000000010230                PROVIDE (__ram_exceptions_end, ABSOLUTE (.))
                0x0000000000010020                PROVIDE (__flash_exceptions_start, LOADADDR (.exceptions))

.text           0x0000000000010230     0x507c
                [!provide]                        PROVIDE (stext, ABSOLUTE (.))
 *(.interp)
 *(.hash)
 *(.dynsym)
 *(.dynstr)
 *(.gnu.version)
 *(.gnu.version_d)
 *(.gnu.version_r)
 *(.rel.init)
 *(.rela.init)
 *(.rel.text .rel.text.* .rel.gnu.linkonce.t.*)
 *(.rela.text .rela.text.* .rela.gnu.linkonce.t.*)
 *(.rel.fini)
 *(.rela.fini)
 *(.rel.rodata .rel.rodata.* .rel.gnu.linkonce.r.*)
 *(.rela.rodata .rela.rodata.* .rela.gnu.linkonce.r.*)
 *(.rel.data .rel.data.* .rel.gnu.linkonce.d.*)
 *(.rela.data .rela.data.* .rela.gnu.linkonce.d.*)
 *(.rel.tdata .rel.tdata.* .rel.gnu.linkonce.td.*)
 *(.rela.tdata .rela.tdata.* .rela.gnu.linkonce.td.*)
 *(.rel.tbss .rel.tbss.* .rel.gnu.linkonce.tb.*)
 *(.rela.tbss .rela.tbss.* .rela.gnu.linkonce.tb.*)
 *(.rel.ctors)
 *(.rela.ctors)
 *(.rel.dtors)
 *(.rela.dtors)
 *(.rel.got)
 *(.rela.got)
 *(.rel.sdata .rel.sdata.* .rel.gnu.linkonce.s.*)
 *(.rela.sdata .rela.sdata.* .rela.gnu.linkonce.s.*)
 *(.rel.sbss .rel.sbss.* .rel.gnu.linkonce.sb.*)
 *(.rela.sbss .rela.sbss.* .rela.gnu.linkonce.sb.*)
 *(.rel.sdata2 .rel.sdata2.* .rel.gnu.linkonce.s2.*)
 *(.rela.sdata2 .rela.sdata2.* .rela.gnu.linkonce.s2.*)
 *(.rel.sbss2 .rel.sbss2.* .rel.gnu.linkonce.sb2.*)
 *(.rela.sbss2 .rela.sbss2.* .rela.gnu.linkonce.sb2.*)
 *(.rel.bss .rel.bss.* .rel.gnu.linkonce.b.*)
 *(.rela.bss .rela.bss.* .rela.gnu.linkonce.b.*)
 *(.rel.plt)
 *(.rela.plt)
 *(.rel.dyn)
 *(.init)
 *(.plt)
 *(.text .stub .text.* .gnu.linkonce.t.*)
 .text          0x0000000000010230       0x3c ../BSP/obj/HAL/src/crt0.o
                0x0000000000010230                _start
 .text          0x000000000001026c      0x12c obj/default/compteur_timer.o
                0x0000000000010360                main
 .text          0x0000000000010398      0x1b4 c:/intelfpga_lite/18.1/nios2eds/bin/gnu/h-x86_64-mingw32/bin/../lib/gcc/nios2-elf/5.3.0/mno-hw-mul\libgcc.a(lib2-divmod.o)
                0x0000000000010398                __divsi3
                0x000000000001041c                __modsi3
                0x0000000000010490                __udivsi3
                0x00000000000104f4                __umodsi3
 .text          0x000000000001054c      0x180 ../BSP\libhal_bsp.a(alt_irq_register.o)
                0x000000000001054c                alt_irq_register
 .text          0x00000000000106cc        0x0 ../BSP\libhal_bsp.a(alt_irq_vars.o)
 .text          0x00000000000106cc       0xec ../BSP\libhal_bsp.a(alt_load.o)
                0x0000000000010734                alt_load
 .text          0x00000000000107b8       0x7c ../BSP\libhal_bsp.a(alt_main.o)
                0x00000000000107b8                alt_main
 .text          0x0000000000010834      0x22c ../BSP\libhal_bsp.a(alt_printf.o)
                0x0000000000010834                alt_printf
 .text          0x0000000000010a60       0x3c ../BSP\libhal_bsp.a(alt_putchar.o)
                0x0000000000010a60                alt_putchar
 .text          0x0000000000010a9c       0xcc ../BSP\libhal_bsp.a(alt_sys_init.o)
                0x0000000000010ad0                alt_irq_init
                0x0000000000010b08                alt_sys_init
 .text          0x0000000000010b68      0x164 ../BSP\libhal_bsp.a(altera_avalon_jtag_uart_fd.o)
                0x0000000000010b68                altera_avalon_jtag_uart_read_fd
                0x0000000000010bc8                altera_avalon_jtag_uart_write_fd
                0x0000000000010c28                altera_avalon_jtag_uart_close_fd
                0x0000000000010c78                altera_avalon_jtag_uart_ioctl_fd
 .text          0x0000000000010ccc      0x3d4 ../BSP\libhal_bsp.a(altera_avalon_jtag_uart_init.o)
                0x0000000000010ccc                altera_avalon_jtag_uart_init
                0x0000000000011038                altera_avalon_jtag_uart_close
 .text          0x00000000000110a0       0xf0 ../BSP\libhal_bsp.a(altera_avalon_jtag_uart_ioctl.o)
                0x00000000000110a0                altera_avalon_jtag_uart_ioctl
 .text          0x0000000000011190      0x21c ../BSP\libhal_bsp.a(altera_avalon_jtag_uart_read.o)
                0x0000000000011190                altera_avalon_jtag_uart_read
 .text          0x00000000000113ac      0x224 ../BSP\libhal_bsp.a(altera_avalon_jtag_uart_write.o)
                0x00000000000113ac                altera_avalon_jtag_uart_write
 .text          0x00000000000115d0       0xf4 ../BSP\libhal_bsp.a(altera_avalon_timer_sc.o)
                0x0000000000011648                alt_avalon_timer_sc_init
 .text          0x00000000000116c4      0x12c ../BSP\libhal_bsp.a(alt_alarm_start.o)
                0x00000000000116c4                alt_alarm_start
 .text          0x00000000000117f0      0x114 ../BSP\libhal_bsp.a(alt_close.o)
                0x000000000001182c                close
 .text          0x0000000000011904       0x20 ../BSP\libhal_bsp.a(alt_dcache_flush_all.o)
                0x0000000000011904                alt_dcache_flush_all
 .text          0x0000000000011924       0x2c ../BSP\libhal_bsp.a(alt_dev.o)
 .text          0x0000000000011950       0xe0 ../BSP\libhal_bsp.a(alt_dev_llist_insert.o)
                0x000000000001198c                alt_dev_llist_insert
 .text          0x0000000000011a30       0x60 ../BSP\libhal_bsp.a(alt_do_ctors.o)
                0x0000000000011a30                _do_ctors
 .text          0x0000000000011a90       0x60 ../BSP\libhal_bsp.a(alt_do_dtors.o)
                0x0000000000011a90                _do_dtors
 .text          0x0000000000011af0        0x0 ../BSP\libhal_bsp.a(alt_errno.o)
 .text          0x0000000000011af0       0x20 ../BSP\libhal_bsp.a(alt_icache_flush_all.o)
                0x0000000000011af0                alt_icache_flush_all
 .text          0x0000000000011b10      0x1b0 ../BSP\libhal_bsp.a(alt_iic.o)
                0x0000000000011b10                alt_ic_isr_register
                0x0000000000011b60                alt_ic_irq_enable
                0x0000000000011be8                alt_ic_irq_disable
                0x0000000000011c74                alt_ic_irq_enabled
 .text          0x0000000000011cc0       0xf0 ../BSP\libhal_bsp.a(alt_iic_isr_register.o)
                0x0000000000011cc0                alt_iic_isr_register
 .text          0x0000000000011db0      0x160 ../BSP\libhal_bsp.a(alt_io_redirect.o)
                0x0000000000011e94                alt_io_redirect
 .text          0x0000000000011f10        0x0 ../BSP\libhal_bsp.a(alt_irq_entry.o)
 .text          0x0000000000011f10        0x0 ../BSP\libhal_bsp.a(alt_irq_handler.o)
 .text          0x0000000000011f10      0x284 ../BSP\libhal_bsp.a(alt_open.o)
                0x0000000000012038                open
 .text          0x0000000000012194       0x84 ../BSP\libhal_bsp.a(alt_release_fd.o)
                0x0000000000012194                alt_release_fd
 .text          0x0000000000012218      0x1a4 ../BSP\libhal_bsp.a(alt_tick.o)
                0x0000000000012218                alt_alarm_stop
                0x00000000000122b4                alt_tick
 .text          0x00000000000123bc       0x24 ../BSP\libhal_bsp.a(altera_nios2_gen2_irq.o)
                0x00000000000123bc                altera_nios2_gen2_irq_init
 .text          0x00000000000123e0        0x0 ../BSP\libhal_bsp.a(alt_exception_entry.o)
 .text          0x00000000000123e0       0x90 ../BSP\libhal_bsp.a(alt_find_dev.o)
                0x00000000000123e0                alt_find_dev
 .text          0x0000000000012470      0x108 ../BSP\libhal_bsp.a(alt_find_file.o)
                0x0000000000012470                alt_find_file
 .text          0x0000000000012578       0xc4 ../BSP\libhal_bsp.a(alt_get_fd.o)
                0x0000000000012578                alt_get_fd
 .text          0x000000000001263c       0x9c ../BSP\libhal_bsp.a(alt_instruction_exception_entry.o)
                0x000000000001263c                alt_exception_cause_generated_bad_addr
 .text          0x00000000000126d8        0x0 c:/intelfpga_lite/18.1/nios2eds/bin/gnu/h-x86_64-mingw32/bin/../lib/gcc/nios2-elf/5.3.0/../../../../../H-x86_64-mingw32/nios2-elf/lib/mno-hw-mul\libc.a(lib_a-atexit.o)
 .text.atexit   0x00000000000126d8       0x14 c:/intelfpga_lite/18.1/nios2eds/bin/gnu/h-x86_64-mingw32/bin/../lib/gcc/nios2-elf/5.3.0/../../../../../H-x86_64-mingw32/nios2-elf/lib/mno-hw-mul\libc.a(lib_a-atexit.o)
                0x00000000000126d8                atexit
 .text          0x00000000000126ec        0x0 c:/intelfpga_lite/18.1/nios2eds/bin/gnu/h-x86_64-mingw32/bin/../lib/gcc/nios2-elf/5.3.0/../../../../../H-x86_64-mingw32/nios2-elf/lib/mno-hw-mul\libc.a(lib_a-exit.o)
 .text.exit     0x00000000000126ec       0x38 c:/intelfpga_lite/18.1/nios2eds/bin/gnu/h-x86_64-mingw32/bin/../lib/gcc/nios2-elf/5.3.0/../../../../../H-x86_64-mingw32/nios2-elf/lib/mno-hw-mul\libc.a(lib_a-exit.o)
                0x00000000000126ec                exit
 .text          0x0000000000012724        0x0 c:/intelfpga_lite/18.1/nios2eds/bin/gnu/h-x86_64-mingw32/bin/../lib/gcc/nios2-elf/5.3.0/../../../../../H-x86_64-mingw32/nios2-elf/lib/mno-hw-mul\libc.a(lib_a-impure.o)
 .text          0x0000000000012724        0x0 c:/intelfpga_lite/18.1/nios2eds/bin/gnu/h-x86_64-mingw32/bin/../lib/gcc/nios2-elf/5.3.0/../../../../../H-x86_64-mingw32/nios2-elf/lib/mno-hw-mul\libc.a(lib_a-int_errno.o)
 .text          0x0000000000012724        0x0 c:/intelfpga_lite/18.1/nios2eds/bin/gnu/h-x86_64-mingw32/bin/../lib/gcc/nios2-elf/5.3.0/../../../../../H-x86_64-mingw32/nios2-elf/lib/mno-hw-mul\libc.a(lib_a-memcmp.o)
 .text.memcmp   0x0000000000012724       0x7c c:/intelfpga_lite/18.1/nios2eds/bin/gnu/h-x86_64-mingw32/bin/../lib/gcc/nios2-elf/5.3.0/../../../../../H-x86_64-mingw32/nios2-elf/lib/mno-hw-mul\libc.a(lib_a-memcmp.o)
                0x0000000000012724                memcmp
 .text          0x00000000000127a0        0x0 c:/intelfpga_lite/18.1/nios2eds/bin/gnu/h-x86_64-mingw32/bin/../lib/gcc/nios2-elf/5.3.0/../../../../../H-x86_64-mingw32/nios2-elf/lib/mno-hw-mul\libc.a(lib_a-memcpy.o)
 .text.memcpy   0x00000000000127a0      0x148 c:/intelfpga_lite/18.1/nios2eds/bin/gnu/h-x86_64-mingw32/bin/../lib/gcc/nios2-elf/5.3.0/../../../../../H-x86_64-mingw32/nios2-elf/lib/mno-hw-mul\libc.a(lib_a-memcpy.o)
                0x00000000000127a0                memcpy
 .text          0x00000000000128e8        0x0 c:/intelfpga_lite/18.1/nios2eds/bin/gnu/h-x86_64-mingw32/bin/../lib/gcc/nios2-elf/5.3.0/../../../../../H-x86_64-mingw32/nios2-elf/lib/mno-hw-mul\libc.a(lib_a-putc.o)
 .text._putc_r  0x00000000000128e8       0xa0 c:/intelfpga_lite/18.1/nios2eds/bin/gnu/h-x86_64-mingw32/bin/../lib/gcc/nios2-elf/5.3.0/../../../../../H-x86_64-mingw32/nios2-elf/lib/mno-hw-mul\libc.a(lib_a-putc.o)
                0x00000000000128e8                _putc_r
 .text.putc     0x0000000000012988       0xc8 c:/intelfpga_lite/18.1/nios2eds/bin/gnu/h-x86_64-mingw32/bin/../lib/gcc/nios2-elf/5.3.0/../../../../../H-x86_64-mingw32/nios2-elf/lib/mno-hw-mul\libc.a(lib_a-putc.o)
                0x0000000000012988                putc
 .text          0x0000000000012a50        0x0 c:/intelfpga_lite/18.1/nios2eds/bin/gnu/h-x86_64-mingw32/bin/../lib/gcc/nios2-elf/5.3.0/../../../../../H-x86_64-mingw32/nios2-elf/lib/mno-hw-mul\libc.a(lib_a-strlen.o)
 .text.strlen   0x0000000000012a50       0x98 c:/intelfpga_lite/18.1/nios2eds/bin/gnu/h-x86_64-mingw32/bin/../lib/gcc/nios2-elf/5.3.0/../../../../../H-x86_64-mingw32/nios2-elf/lib/mno-hw-mul\libc.a(lib_a-strlen.o)
                0x0000000000012a50                strlen
 .text          0x0000000000012ae8        0x0 c:/intelfpga_lite/18.1/nios2eds/bin/gnu/h-x86_64-mingw32/bin/../lib/gcc/nios2-elf/5.3.0/../../../../../H-x86_64-mingw32/nios2-elf/lib/mno-hw-mul\libc.a(lib_a-wbuf.o)
 .text.__swbuf_r
                0x0000000000012ae8      0x140 c:/intelfpga_lite/18.1/nios2eds/bin/gnu/h-x86_64-mingw32/bin/../lib/gcc/nios2-elf/5.3.0/../../../../../H-x86_64-mingw32/nios2-elf/lib/mno-hw-mul\libc.a(lib_a-wbuf.o)
                0x0000000000012ae8                __swbuf_r
 .text.__swbuf  0x0000000000012c28       0x18 c:/intelfpga_lite/18.1/nios2eds/bin/gnu/h-x86_64-mingw32/bin/../lib/gcc/nios2-elf/5.3.0/../../../../../H-x86_64-mingw32/nios2-elf/lib/mno-hw-mul\libc.a(lib_a-wbuf.o)
                0x0000000000012c28                __swbuf
 .text          0x0000000000012c40        0x0 c:/intelfpga_lite/18.1/nios2eds/bin/gnu/h-x86_64-mingw32/bin/../lib/gcc/nios2-elf/5.3.0/../../../../../H-x86_64-mingw32/nios2-elf/lib/mno-hw-mul\libc.a(lib_a-wsetup.o)
 .text.__swsetup_r
                0x0000000000012c40      0x154 c:/intelfpga_lite/18.1/nios2eds/bin/gnu/h-x86_64-mingw32/bin/../lib/gcc/nios2-elf/5.3.0/../../../../../H-x86_64-mingw32/nios2-elf/lib/mno-hw-mul\libc.a(lib_a-wsetup.o)
                0x0000000000012c40                __swsetup_r
 .text          0x0000000000012d94        0x0 c:/intelfpga_lite/18.1/nios2eds/bin/gnu/h-x86_64-mingw32/bin/../lib/gcc/nios2-elf/5.3.0/../../../../../H-x86_64-mingw32/nios2-elf/lib/mno-hw-mul\libc.a(lib_a-__atexit.o)
 .text.__register_exitproc
                0x0000000000012d94      0x118 c:/intelfpga_lite/18.1/nios2eds/bin/gnu/h-x86_64-mingw32/bin/../lib/gcc/nios2-elf/5.3.0/../../../../../H-x86_64-mingw32/nios2-elf/lib/mno-hw-mul\libc.a(lib_a-__atexit.o)
                0x0000000000012d94                __register_exitproc
 .text          0x0000000000012eac        0x0 c:/intelfpga_lite/18.1/nios2eds/bin/gnu/h-x86_64-mingw32/bin/../lib/gcc/nios2-elf/5.3.0/../../../../../H-x86_64-mingw32/nios2-elf/lib/mno-hw-mul\libc.a(lib_a-__call_atexit.o)
 .text.__call_exitprocs
                0x0000000000012eac      0x180 c:/intelfpga_lite/18.1/nios2eds/bin/gnu/h-x86_64-mingw32/bin/../lib/gcc/nios2-elf/5.3.0/../../../../../H-x86_64-mingw32/nios2-elf/lib/mno-hw-mul\libc.a(lib_a-__call_atexit.o)
                0x0000000000012eac                __call_exitprocs
 .text          0x000000000001302c        0x0 c:/intelfpga_lite/18.1/nios2eds/bin/gnu/h-x86_64-mingw32/bin/../lib/gcc/nios2-elf/5.3.0/../../../../../H-x86_64-mingw32/nios2-elf/lib/mno-hw-mul\libc.a(lib_a-fflush.o)
 .text.__sflush_r
                0x000000000001302c      0x21c c:/intelfpga_lite/18.1/nios2eds/bin/gnu/h-x86_64-mingw32/bin/../lib/gcc/nios2-elf/5.3.0/../../../../../H-x86_64-mingw32/nios2-elf/lib/mno-hw-mul\libc.a(lib_a-fflush.o)
                0x000000000001302c                __sflush_r
 .text._fflush_r
                0x0000000000013248       0x5c c:/intelfpga_lite/18.1/nios2eds/bin/gnu/h-x86_64-mingw32/bin/../lib/gcc/nios2-elf/5.3.0/../../../../../H-x86_64-mingw32/nios2-elf/lib/mno-hw-mul\libc.a(lib_a-fflush.o)
                0x0000000000013248                _fflush_r
 .text.fflush   0x00000000000132a4       0x30 c:/intelfpga_lite/18.1/nios2eds/bin/gnu/h-x86_64-mingw32/bin/../lib/gcc/nios2-elf/5.3.0/../../../../../H-x86_64-mingw32/nios2-elf/lib/mno-hw-mul\libc.a(lib_a-fflush.o)
                0x00000000000132a4                fflush
 .text          0x00000000000132d4        0x0 c:/intelfpga_lite/18.1/nios2eds/bin/gnu/h-x86_64-mingw32/bin/../lib/gcc/nios2-elf/5.3.0/../../../../../H-x86_64-mingw32/nios2-elf/lib/mno-hw-mul\libc.a(lib_a-findfp.o)
 .text.__fp_unlock
                0x00000000000132d4        0x8 c:/intelfpga_lite/18.1/nios2eds/bin/gnu/h-x86_64-mingw32/bin/../lib/gcc/nios2-elf/5.3.0/../../../../../H-x86_64-mingw32/nios2-elf/lib/mno-hw-mul\libc.a(lib_a-findfp.o)
 .text._cleanup_r
                0x00000000000132dc        0xc c:/intelfpga_lite/18.1/nios2eds/bin/gnu/h-x86_64-mingw32/bin/../lib/gcc/nios2-elf/5.3.0/../../../../../H-x86_64-mingw32/nios2-elf/lib/mno-hw-mul\libc.a(lib_a-findfp.o)
                0x00000000000132dc                _cleanup_r
 .text.__sinit.part.1
                0x00000000000132e8      0x19c c:/intelfpga_lite/18.1/nios2eds/bin/gnu/h-x86_64-mingw32/bin/../lib/gcc/nios2-elf/5.3.0/../../../../../H-x86_64-mingw32/nios2-elf/lib/mno-hw-mul\libc.a(lib_a-findfp.o)
 .text.__fp_lock
                0x0000000000013484        0x8 c:/intelfpga_lite/18.1/nios2eds/bin/gnu/h-x86_64-mingw32/bin/../lib/gcc/nios2-elf/5.3.0/../../../../../H-x86_64-mingw32/nios2-elf/lib/mno-hw-mul\libc.a(lib_a-findfp.o)
 .text.__sfmoreglue
                0x000000000001348c       0x78 c:/intelfpga_lite/18.1/nios2eds/bin/gnu/h-x86_64-mingw32/bin/../lib/gcc/nios2-elf/5.3.0/../../../../../H-x86_64-mingw32/nios2-elf/lib/mno-hw-mul\libc.a(lib_a-findfp.o)
                0x000000000001348c                __sfmoreglue
 .text.__sfp    0x0000000000013504      0x118 c:/intelfpga_lite/18.1/nios2eds/bin/gnu/h-x86_64-mingw32/bin/../lib/gcc/nios2-elf/5.3.0/../../../../../H-x86_64-mingw32/nios2-elf/lib/mno-hw-mul\libc.a(lib_a-findfp.o)
                0x0000000000013504                __sfp
 .text._cleanup
                0x000000000001361c       0x18 c:/intelfpga_lite/18.1/nios2eds/bin/gnu/h-x86_64-mingw32/bin/../lib/gcc/nios2-elf/5.3.0/../../../../../H-x86_64-mingw32/nios2-elf/lib/mno-hw-mul\libc.a(lib_a-findfp.o)
                0x000000000001361c                _cleanup
 .text.__sinit  0x0000000000013634       0x10 c:/intelfpga_lite/18.1/nios2eds/bin/gnu/h-x86_64-mingw32/bin/../lib/gcc/nios2-elf/5.3.0/../../../../../H-x86_64-mingw32/nios2-elf/lib/mno-hw-mul\libc.a(lib_a-findfp.o)
                0x0000000000013634                __sinit
 .text.__sfp_lock_acquire
                0x0000000000013644        0x4 c:/intelfpga_lite/18.1/nios2eds/bin/gnu/h-x86_64-mingw32/bin/../lib/gcc/nios2-elf/5.3.0/../../../../../H-x86_64-mingw32/nios2-elf/lib/mno-hw-mul\libc.a(lib_a-findfp.o)
                0x0000000000013644                __sfp_lock_acquire
 .text.__sfp_lock_release
                0x0000000000013648        0x4 c:/intelfpga_lite/18.1/nios2eds/bin/gnu/h-x86_64-mingw32/bin/../lib/gcc/nios2-elf/5.3.0/../../../../../H-x86_64-mingw32/nios2-elf/lib/mno-hw-mul\libc.a(lib_a-findfp.o)
                0x0000000000013648                __sfp_lock_release
 .text.__sinit_lock_acquire
                0x000000000001364c        0x4 c:/intelfpga_lite/18.1/nios2eds/bin/gnu/h-x86_64-mingw32/bin/../lib/gcc/nios2-elf/5.3.0/../../../../../H-x86_64-mingw32/nios2-elf/lib/mno-hw-mul\libc.a(lib_a-findfp.o)
                0x000000000001364c                __sinit_lock_acquire
 .text.__sinit_lock_release
                0x0000000000013650        0x4 c:/intelfpga_lite/18.1/nios2eds/bin/gnu/h-x86_64-mingw32/bin/../lib/gcc/nios2-elf/5.3.0/../../../../../H-x86_64-mingw32/nios2-elf/lib/mno-hw-mul\libc.a(lib_a-findfp.o)
                0x0000000000013650                __sinit_lock_release
 .text.__fp_lock_all
                0x0000000000013654       0x18 c:/intelfpga_lite/18.1/nios2eds/bin/gnu/h-x86_64-mingw32/bin/../lib/gcc/nios2-elf/5.3.0/../../../../../H-x86_64-mingw32/nios2-elf/lib/mno-hw-mul\libc.a(lib_a-findfp.o)
                0x0000000000013654                __fp_lock_all
 .text.__fp_unlock_all
                0x000000000001366c       0x18 c:/intelfpga_lite/18.1/nios2eds/bin/gnu/h-x86_64-mingw32/bin/../lib/gcc/nios2-elf/5.3.0/../../../../../H-x86_64-mingw32/nios2-elf/lib/mno-hw-mul\libc.a(lib_a-findfp.o)
                0x000000000001366c                __fp_unlock_all
 .text          0x0000000000013684        0x0 c:/intelfpga_lite/18.1/nios2eds/bin/gnu/h-x86_64-mingw32/bin/../lib/gcc/nios2-elf/5.3.0/../../../../../H-x86_64-mingw32/nios2-elf/lib/mno-hw-mul\libc.a(lib_a-freer.o)
 .text._malloc_trim_r
                0x0000000000013684      0x124 c:/intelfpga_lite/18.1/nios2eds/bin/gnu/h-x86_64-mingw32/bin/../lib/gcc/nios2-elf/5.3.0/../../../../../H-x86_64-mingw32/nios2-elf/lib/mno-hw-mul\libc.a(lib_a-freer.o)
                0x0000000000013684                _malloc_trim_r
 .text._free_r  0x00000000000137a8      0x310 c:/intelfpga_lite/18.1/nios2eds/bin/gnu/h-x86_64-mingw32/bin/../lib/gcc/nios2-elf/5.3.0/../../../../../H-x86_64-mingw32/nios2-elf/lib/mno-hw-mul\libc.a(lib_a-freer.o)
                0x00000000000137a8                _free_r
 .text          0x0000000000013ab8        0x0 c:/intelfpga_lite/18.1/nios2eds/bin/gnu/h-x86_64-mingw32/bin/../lib/gcc/nios2-elf/5.3.0/../../../../../H-x86_64-mingw32/nios2-elf/lib/mno-hw-mul\libc.a(lib_a-fwalk.o)
 .text._fwalk   0x0000000000013ab8       0xc4 c:/intelfpga_lite/18.1/nios2eds/bin/gnu/h-x86_64-mingw32/bin/../lib/gcc/nios2-elf/5.3.0/../../../../../H-x86_64-mingw32/nios2-elf/lib/mno-hw-mul\libc.a(lib_a-fwalk.o)
                0x0000000000013ab8                _fwalk
 .text._fwalk_reent
                0x0000000000013b7c       0xc4 c:/intelfpga_lite/18.1/nios2eds/bin/gnu/h-x86_64-mingw32/bin/../lib/gcc/nios2-elf/5.3.0/../../../../../H-x86_64-mingw32/nios2-elf/lib/mno-hw-mul\libc.a(lib_a-fwalk.o)
                0x0000000000013b7c                _fwalk_reent
 .text          0x0000000000013c40        0x0 c:/intelfpga_lite/18.1/nios2eds/bin/gnu/h-x86_64-mingw32/bin/../lib/gcc/nios2-elf/5.3.0/../../../../../H-x86_64-mingw32/nios2-elf/lib/mno-hw-mul\libc.a(lib_a-makebuf.o)
 .text.__smakebuf_r
                0x0000000000013c40      0x1bc c:/intelfpga_lite/18.1/nios2eds/bin/gnu/h-x86_64-mingw32/bin/../lib/gcc/nios2-elf/5.3.0/../../../../../H-x86_64-mingw32/nios2-elf/lib/mno-hw-mul\libc.a(lib_a-makebuf.o)
                0x0000000000013c40                __smakebuf_r
 .text          0x0000000000013dfc        0x0 c:/intelfpga_lite/18.1/nios2eds/bin/gnu/h-x86_64-mingw32/bin/../lib/gcc/nios2-elf/5.3.0/../../../../../H-x86_64-mingw32/nios2-elf/lib/mno-hw-mul\libc.a(lib_a-mallocr.o)
 .text._malloc_r
                0x0000000000013dfc      0x80c c:/intelfpga_lite/18.1/nios2eds/bin/gnu/h-x86_64-mingw32/bin/../lib/gcc/nios2-elf/5.3.0/../../../../../H-x86_64-mingw32/nios2-elf/lib/mno-hw-mul\libc.a(lib_a-mallocr.o)
                0x0000000000013dfc                _malloc_r
 .text          0x0000000000014608        0x0 c:/intelfpga_lite/18.1/nios2eds/bin/gnu/h-x86_64-mingw32/bin/../lib/gcc/nios2-elf/5.3.0/../../../../../H-x86_64-mingw32/nios2-elf/lib/mno-hw-mul\libc.a(lib_a-memset.o)
 .text.memset   0x0000000000014608      0x128 c:/intelfpga_lite/18.1/nios2eds/bin/gnu/h-x86_64-mingw32/bin/../lib/gcc/nios2-elf/5.3.0/../../../../../H-x86_64-mingw32/nios2-elf/lib/mno-hw-mul\libc.a(lib_a-memset.o)
                0x0000000000014608                memset
 .text          0x0000000000014730        0x0 c:/intelfpga_lite/18.1/nios2eds/bin/gnu/h-x86_64-mingw32/bin/../lib/gcc/nios2-elf/5.3.0/../../../../../H-x86_64-mingw32/nios2-elf/lib/mno-hw-mul\libc.a(lib_a-sbrkr.o)
 .text._sbrk_r  0x0000000000014730       0x54 c:/intelfpga_lite/18.1/nios2eds/bin/gnu/h-x86_64-mingw32/bin/../lib/gcc/nios2-elf/5.3.0/../../../../../H-x86_64-mingw32/nios2-elf/lib/mno-hw-mul\libc.a(lib_a-sbrkr.o)
                0x0000000000014730                _sbrk_r
 .text          0x0000000000014784        0x0 c:/intelfpga_lite/18.1/nios2eds/bin/gnu/h-x86_64-mingw32/bin/../lib/gcc/nios2-elf/5.3.0/../../../../../H-x86_64-mingw32/nios2-elf/lib/mno-hw-mul\libc.a(lib_a-stdio.o)
 .text.__sread  0x0000000000014784       0x54 c:/intelfpga_lite/18.1/nios2eds/bin/gnu/h-x86_64-mingw32/bin/../lib/gcc/nios2-elf/5.3.0/../../../../../H-x86_64-mingw32/nios2-elf/lib/mno-hw-mul\libc.a(lib_a-stdio.o)
                0x0000000000014784                __sread
 .text.__seofread
                0x00000000000147d8        0x8 c:/intelfpga_lite/18.1/nios2eds/bin/gnu/h-x86_64-mingw32/bin/../lib/gcc/nios2-elf/5.3.0/../../../../../H-x86_64-mingw32/nios2-elf/lib/mno-hw-mul\libc.a(lib_a-stdio.o)
                0x00000000000147d8                __seofread
 .text.__swrite
                0x00000000000147e0       0x7c c:/intelfpga_lite/18.1/nios2eds/bin/gnu/h-x86_64-mingw32/bin/../lib/gcc/nios2-elf/5.3.0/../../../../../H-x86_64-mingw32/nios2-elf/lib/mno-hw-mul\libc.a(lib_a-stdio.o)
                0x00000000000147e0                __swrite
 .text.__sseek  0x000000000001485c       0x5c c:/intelfpga_lite/18.1/nios2eds/bin/gnu/h-x86_64-mingw32/bin/../lib/gcc/nios2-elf/5.3.0/../../../../../H-x86_64-mingw32/nios2-elf/lib/mno-hw-mul\libc.a(lib_a-stdio.o)
                0x000000000001485c                __sseek
 .text.__sclose
                0x00000000000148b8        0x8 c:/intelfpga_lite/18.1/nios2eds/bin/gnu/h-x86_64-mingw32/bin/../lib/gcc/nios2-elf/5.3.0/../../../../../H-x86_64-mingw32/nios2-elf/lib/mno-hw-mul\libc.a(lib_a-stdio.o)
                0x00000000000148b8                __sclose
 .text          0x00000000000148c0        0x0 c:/intelfpga_lite/18.1/nios2eds/bin/gnu/h-x86_64-mingw32/bin/../lib/gcc/nios2-elf/5.3.0/../../../../../H-x86_64-mingw32/nios2-elf/lib/mno-hw-mul\libc.a(lib_a-writer.o)
 .text._write_r
                0x00000000000148c0       0x60 c:/intelfpga_lite/18.1/nios2eds/bin/gnu/h-x86_64-mingw32/bin/../lib/gcc/nios2-elf/5.3.0/../../../../../H-x86_64-mingw32/nios2-elf/lib/mno-hw-mul\libc.a(lib_a-writer.o)
                0x00000000000148c0                _write_r
 .text          0x0000000000014920        0x0 c:/intelfpga_lite/18.1/nios2eds/bin/gnu/h-x86_64-mingw32/bin/../lib/gcc/nios2-elf/5.3.0/../../../../../H-x86_64-mingw32/nios2-elf/lib/mno-hw-mul\libc.a(closer.o)
 .text._close_r
                0x0000000000014920       0x54 c:/intelfpga_lite/18.1/nios2eds/bin/gnu/h-x86_64-mingw32/bin/../lib/gcc/nios2-elf/5.3.0/../../../../../H-x86_64-mingw32/nios2-elf/lib/mno-hw-mul\libc.a(closer.o)
                0x0000000000014920                _close_r
 .text          0x0000000000014974        0x0 c:/intelfpga_lite/18.1/nios2eds/bin/gnu/h-x86_64-mingw32/bin/../lib/gcc/nios2-elf/5.3.0/../../../../../H-x86_64-mingw32/nios2-elf/lib/mno-hw-mul\libc.a(lib_a-fclose.o)
 .text._fclose_r
                0x0000000000014974       0xf0 c:/intelfpga_lite/18.1/nios2eds/bin/gnu/h-x86_64-mingw32/bin/../lib/gcc/nios2-elf/5.3.0/../../../../../H-x86_64-mingw32/nios2-elf/lib/mno-hw-mul\libc.a(lib_a-fclose.o)
                0x0000000000014974                _fclose_r
 .text.fclose   0x0000000000014a64       0x14 c:/intelfpga_lite/18.1/nios2eds/bin/gnu/h-x86_64-mingw32/bin/../lib/gcc/nios2-elf/5.3.0/../../../../../H-x86_64-mingw32/nios2-elf/lib/mno-hw-mul\libc.a(lib_a-fclose.o)
                0x0000000000014a64                fclose
 .text          0x0000000000014a78        0x0 c:/intelfpga_lite/18.1/nios2eds/bin/gnu/h-x86_64-mingw32/bin/../lib/gcc/nios2-elf/5.3.0/../../../../../H-x86_64-mingw32/nios2-elf/lib/mno-hw-mul\libc.a(lib_a-fstatr.o)
 .text._fstat_r
                0x0000000000014a78       0x5c c:/intelfpga_lite/18.1/nios2eds/bin/gnu/h-x86_64-mingw32/bin/../lib/gcc/nios2-elf/5.3.0/../../../../../H-x86_64-mingw32/nios2-elf/lib/mno-hw-mul\libc.a(lib_a-fstatr.o)
                0x0000000000014a78                _fstat_r
 .text          0x0000000000014ad4        0x0 c:/intelfpga_lite/18.1/nios2eds/bin/gnu/h-x86_64-mingw32/bin/../lib/gcc/nios2-elf/5.3.0/../../../../../H-x86_64-mingw32/nios2-elf/lib/mno-hw-mul\libc.a(lib_a-isattyr.o)
 .text._isatty_r
                0x0000000000014ad4       0x54 c:/intelfpga_lite/18.1/nios2eds/bin/gnu/h-x86_64-mingw32/bin/../lib/gcc/nios2-elf/5.3.0/../../../../../H-x86_64-mingw32/nios2-elf/lib/mno-hw-mul\libc.a(lib_a-isattyr.o)
                0x0000000000014ad4                _isatty_r
 .text          0x0000000000014b28        0x0 c:/intelfpga_lite/18.1/nios2eds/bin/gnu/h-x86_64-mingw32/bin/../lib/gcc/nios2-elf/5.3.0/../../../../../H-x86_64-mingw32/nios2-elf/lib/mno-hw-mul\libc.a(lib_a-lseekr.o)
 .text._lseek_r
                0x0000000000014b28       0x60 c:/intelfpga_lite/18.1/nios2eds/bin/gnu/h-x86_64-mingw32/bin/../lib/gcc/nios2-elf/5.3.0/../../../../../H-x86_64-mingw32/nios2-elf/lib/mno-hw-mul\libc.a(lib_a-lseekr.o)
                0x0000000000014b28                _lseek_r
 .text          0x0000000000014b88        0x0 c:/intelfpga_lite/18.1/nios2eds/bin/gnu/h-x86_64-mingw32/bin/../lib/gcc/nios2-elf/5.3.0/../../../../../H-x86_64-mingw32/nios2-elf/lib/mno-hw-mul\libc.a(lib_a-readr.o)
 .text._read_r  0x0000000000014b88       0x60 c:/intelfpga_lite/18.1/nios2eds/bin/gnu/h-x86_64-mingw32/bin/../lib/gcc/nios2-elf/5.3.0/../../../../../H-x86_64-mingw32/nios2-elf/lib/mno-hw-mul\libc.a(lib_a-readr.o)
                0x0000000000014b88                _read_r
 .text          0x0000000000014be8       0x28 c:/intelfpga_lite/18.1/nios2eds/bin/gnu/h-x86_64-mingw32/bin/../lib/gcc/nios2-elf/5.3.0/mno-hw-mul\libgcc.a(lib2-mul.o)
                0x0000000000014be8                __mulsi3
 .text          0x0000000000014c10       0x34 ../BSP\libhal_bsp.a(alt_exit.o)
                0x0000000000014c10                _exit
 .text          0x0000000000014c44       0xf4 ../BSP\libhal_bsp.a(alt_fstat.o)
                0x0000000000014c80                fstat
 .text          0x0000000000014d38       0xe8 ../BSP\libhal_bsp.a(alt_isatty.o)
                0x0000000000014d74                isatty
 .text          0x0000000000014e20      0x118 ../BSP\libhal_bsp.a(alt_lseek.o)
                0x0000000000014e5c                lseek
 .text          0x0000000000014f38       0x48 ../BSP\libhal_bsp.a(alt_malloc_lock.o)
                0x0000000000014f38                __malloc_lock
                0x0000000000014f5c                __malloc_unlock
 .text          0x0000000000014f80      0x140 ../BSP\libhal_bsp.a(alt_read.o)
                0x0000000000014fbc                read
 .text          0x00000000000150c0       0xb0 ../BSP\libhal_bsp.a(alt_sbrk.o)
                0x00000000000150c0                sbrk
 .text          0x0000000000015170      0x13c ../BSP\libhal_bsp.a(alt_write.o)
                0x00000000000151ac                write
 *(.gnu.warning.*)
 *(.fini)
                [!provide]                        PROVIDE (__etext, ABSOLUTE (.))
                [!provide]                        PROVIDE (_etext, ABSOLUTE (.))
                [!provide]                        PROVIDE (etext, ABSOLUTE (.))
 *(.eh_frame_hdr)
                0x00000000000152ac                . = ALIGN (0x4)
                [!provide]                        PROVIDE (__preinit_array_start, ABSOLUTE (.))
 *(.preinit_array)
                [!provide]                        PROVIDE (__preinit_array_end, ABSOLUTE (.))
                [!provide]                        PROVIDE (__init_array_start, ABSOLUTE (.))
 *(.init_array)
                [!provide]                        PROVIDE (__init_array_end, ABSOLUTE (.))
                [!provide]                        PROVIDE (__fini_array_start, ABSOLUTE (.))
 *(.fini_array)
                [!provide]                        PROVIDE (__fini_array_end, ABSOLUTE (.))
 *(.eh_frame)
 *(.gcc_except_table .gcc_except_table.*)
 *(.dynamic)
                0x00000000000152ac                PROVIDE (__CTOR_LIST__, ABSOLUTE (.))
 *(.ctors)
 *(SORT(.ctors.*))
                0x00000000000152ac                PROVIDE (__CTOR_END__, ABSOLUTE (.))
                0x00000000000152ac                PROVIDE (__DTOR_LIST__, ABSOLUTE (.))
 *(.dtors)
 *(SORT(.dtors.*))
                0x00000000000152ac                PROVIDE (__DTOR_END__, ABSOLUTE (.))
 *(.jcr)
                0x00000000000152ac                . = ALIGN (0x4)

.rodata         0x00000000000152ac       0x48
                0x00000000000152ac                PROVIDE (__ram_rodata_start, ABSOLUTE (.))
                0x00000000000152ac                . = ALIGN (0x4)
 *(.rodata .rodata.* .gnu.linkonce.r.*)
 .rodata        0x00000000000152ac       0x10 obj/default/compteur_timer.o
 .rodata        0x00000000000152bc       0x11 ../BSP\libhal_bsp.a(alt_main.o)
 *fill*         0x00000000000152cd        0x3 
 .rodata        0x00000000000152d0       0x11 ../BSP\libhal_bsp.a(alt_sys_init.o)
 *fill*         0x00000000000152e1        0x3 
 .rodata        0x00000000000152e4        0xa ../BSP\libhal_bsp.a(alt_dev.o)
 *fill*         0x00000000000152ee        0x2 
 .rodata.str1.4
                0x00000000000152f0        0x4 c:/intelfpga_lite/18.1/nios2eds/bin/gnu/h-x86_64-mingw32/bin/../lib/gcc/nios2-elf/5.3.0/../../../../../H-x86_64-mingw32/nios2-elf/lib/mno-hw-mul\libc.a(lib_a-impure.o)
                                          0x2 (size before relaxing)
 *(.rodata1)
                0x00000000000152f4                . = ALIGN (0x4)
                0x00000000000152f4                PROVIDE (__ram_rodata_end, ABSOLUTE (.))
                0x00000000000152ac                PROVIDE (__flash_rodata_start, LOADADDR (.rodata))

.rwdata         0x00000000000152f4     0x1a6c load address 0x0000000000016d60
                0x00000000000152f4                PROVIDE (__ram_rwdata_start, ABSOLUTE (.))
                0x00000000000152f4                . = ALIGN (0x4)
 *(.got.plt)
 *(.got)
 *(.data1)
 *(.data .data.* .gnu.linkonce.d.*)
 .data          0x00000000000152f4        0x0 ../BSP/obj/HAL/src/crt0.o
 .data          0x00000000000152f4        0x0 obj/default/compteur_timer.o
 .data          0x00000000000152f4        0x0 c:/intelfpga_lite/18.1/nios2eds/bin/gnu/h-x86_64-mingw32/bin/../lib/gcc/nios2-elf/5.3.0/mno-hw-mul\libgcc.a(lib2-divmod.o)
 .data          0x00000000000152f4        0x0 ../BSP\libhal_bsp.a(alt_irq_register.o)
 .data          0x00000000000152f4        0x0 ../BSP\libhal_bsp.a(alt_irq_vars.o)
 .data          0x00000000000152f4        0x0 ../BSP\libhal_bsp.a(alt_load.o)
 .data          0x00000000000152f4        0x0 ../BSP\libhal_bsp.a(alt_main.o)
 .data          0x00000000000152f4        0x0 ../BSP\libhal_bsp.a(alt_printf.o)
 .data          0x00000000000152f4        0x0 ../BSP\libhal_bsp.a(alt_putchar.o)
 .data          0x00000000000152f4     0x1060 ../BSP\libhal_bsp.a(alt_sys_init.o)
 .data          0x0000000000016354        0x0 ../BSP\libhal_bsp.a(altera_avalon_jtag_uart_fd.o)
 .data          0x0000000000016354        0x0 ../BSP\libhal_bsp.a(altera_avalon_jtag_uart_init.o)
 .data          0x0000000000016354        0x0 ../BSP\libhal_bsp.a(altera_avalon_jtag_uart_ioctl.o)
 .data          0x0000000000016354        0x0 ../BSP\libhal_bsp.a(altera_avalon_jtag_uart_read.o)
 .data          0x0000000000016354        0x0 ../BSP\libhal_bsp.a(altera_avalon_jtag_uart_write.o)
 .data          0x0000000000016354        0x0 ../BSP\libhal_bsp.a(altera_avalon_timer_sc.o)
 .data          0x0000000000016354        0x0 ../BSP\libhal_bsp.a(alt_alarm_start.o)
 .data          0x0000000000016354        0x0 ../BSP\libhal_bsp.a(alt_close.o)
 .data          0x0000000000016354        0x0 ../BSP\libhal_bsp.a(alt_dcache_flush_all.o)
 .data          0x0000000000016354      0x1a8 ../BSP\libhal_bsp.a(alt_dev.o)
                0x0000000000016354                alt_dev_null
                0x000000000001637c                alt_fd_list
 .data          0x00000000000164fc        0x0 ../BSP\libhal_bsp.a(alt_dev_llist_insert.o)
 .data          0x00000000000164fc        0x0 ../BSP\libhal_bsp.a(alt_do_ctors.o)
 .data          0x00000000000164fc        0x0 ../BSP\libhal_bsp.a(alt_do_dtors.o)
 .data          0x00000000000164fc        0x0 ../BSP\libhal_bsp.a(alt_errno.o)
 .data          0x00000000000164fc        0x0 ../BSP\libhal_bsp.a(alt_icache_flush_all.o)
 .data          0x00000000000164fc        0x0 ../BSP\libhal_bsp.a(alt_iic.o)
 .data          0x00000000000164fc        0x0 ../BSP\libhal_bsp.a(alt_iic_isr_register.o)
 .data          0x00000000000164fc        0x0 ../BSP\libhal_bsp.a(alt_io_redirect.o)
 .data          0x00000000000164fc        0x0 ../BSP\libhal_bsp.a(alt_irq_entry.o)
 .data          0x00000000000164fc        0x0 ../BSP\libhal_bsp.a(alt_irq_handler.o)
 .data          0x00000000000164fc        0x0 ../BSP\libhal_bsp.a(alt_open.o)
 .data          0x00000000000164fc        0x0 ../BSP\libhal_bsp.a(alt_release_fd.o)
 .data          0x00000000000164fc        0x0 ../BSP\libhal_bsp.a(alt_tick.o)
 .data          0x00000000000164fc        0x0 ../BSP\libhal_bsp.a(altera_nios2_gen2_irq.o)
 .data          0x00000000000164fc        0x0 ../BSP\libhal_bsp.a(alt_exception_entry.o)
 .data          0x00000000000164fc        0x0 ../BSP\libhal_bsp.a(alt_find_dev.o)
 .data          0x00000000000164fc        0x0 ../BSP\libhal_bsp.a(alt_find_file.o)
 .data          0x00000000000164fc        0x0 ../BSP\libhal_bsp.a(alt_get_fd.o)
 .data          0x00000000000164fc        0x0 ../BSP\libhal_bsp.a(alt_instruction_exception_entry.o)
 .data          0x00000000000164fc        0x0 c:/intelfpga_lite/18.1/nios2eds/bin/gnu/h-x86_64-mingw32/bin/../lib/gcc/nios2-elf/5.3.0/../../../../../H-x86_64-mingw32/nios2-elf/lib/mno-hw-mul\libc.a(lib_a-atexit.o)
 .data          0x00000000000164fc        0x0 c:/intelfpga_lite/18.1/nios2eds/bin/gnu/h-x86_64-mingw32/bin/../lib/gcc/nios2-elf/5.3.0/../../../../../H-x86_64-mingw32/nios2-elf/lib/mno-hw-mul\libc.a(lib_a-exit.o)
 .data          0x00000000000164fc        0x0 c:/intelfpga_lite/18.1/nios2eds/bin/gnu/h-x86_64-mingw32/bin/../lib/gcc/nios2-elf/5.3.0/../../../../../H-x86_64-mingw32/nios2-elf/lib/mno-hw-mul\libc.a(lib_a-impure.o)
 .data.impure_data
                0x00000000000164fc      0x424 c:/intelfpga_lite/18.1/nios2eds/bin/gnu/h-x86_64-mingw32/bin/../lib/gcc/nios2-elf/5.3.0/../../../../../H-x86_64-mingw32/nios2-elf/lib/mno-hw-mul\libc.a(lib_a-impure.o)
 .data          0x0000000000016920        0x0 c:/intelfpga_lite/18.1/nios2eds/bin/gnu/h-x86_64-mingw32/bin/../lib/gcc/nios2-elf/5.3.0/../../../../../H-x86_64-mingw32/nios2-elf/lib/mno-hw-mul\libc.a(lib_a-int_errno.o)
 .data          0x0000000000016920        0x0 c:/intelfpga_lite/18.1/nios2eds/bin/gnu/h-x86_64-mingw32/bin/../lib/gcc/nios2-elf/5.3.0/../../../../../H-x86_64-mingw32/nios2-elf/lib/mno-hw-mul\libc.a(lib_a-memcmp.o)
 .data          0x0000000000016920        0x0 c:/intelfpga_lite/18.1/nios2eds/bin/gnu/h-x86_64-mingw32/bin/../lib/gcc/nios2-elf/5.3.0/../../../../../H-x86_64-mingw32/nios2-elf/lib/mno-hw-mul\libc.a(lib_a-memcpy.o)
 .data          0x0000000000016920        0x0 c:/intelfpga_lite/18.1/nios2eds/bin/gnu/h-x86_64-mingw32/bin/../lib/gcc/nios2-elf/5.3.0/../../../../../H-x86_64-mingw32/nios2-elf/lib/mno-hw-mul\libc.a(lib_a-putc.o)
 .data          0x0000000000016920        0x0 c:/intelfpga_lite/18.1/nios2eds/bin/gnu/h-x86_64-mingw32/bin/../lib/gcc/nios2-elf/5.3.0/../../../../../H-x86_64-mingw32/nios2-elf/lib/mno-hw-mul\libc.a(lib_a-strlen.o)
 .data          0x0000000000016920        0x0 c:/intelfpga_lite/18.1/nios2eds/bin/gnu/h-x86_64-mingw32/bin/../lib/gcc/nios2-elf/5.3.0/../../../../../H-x86_64-mingw32/nios2-elf/lib/mno-hw-mul\libc.a(lib_a-wbuf.o)
 .data          0x0000000000016920        0x0 c:/intelfpga_lite/18.1/nios2eds/bin/gnu/h-x86_64-mingw32/bin/../lib/gcc/nios2-elf/5.3.0/../../../../../H-x86_64-mingw32/nios2-elf/lib/mno-hw-mul\libc.a(lib_a-wsetup.o)
 .data          0x0000000000016920        0x0 c:/intelfpga_lite/18.1/nios2eds/bin/gnu/h-x86_64-mingw32/bin/../lib/gcc/nios2-elf/5.3.0/../../../../../H-x86_64-mingw32/nios2-elf/lib/mno-hw-mul\libc.a(lib_a-__atexit.o)
 .data          0x0000000000016920        0x0 c:/intelfpga_lite/18.1/nios2eds/bin/gnu/h-x86_64-mingw32/bin/../lib/gcc/nios2-elf/5.3.0/../../../../../H-x86_64-mingw32/nios2-elf/lib/mno-hw-mul\libc.a(lib_a-__call_atexit.o)
 .data          0x0000000000016920        0x0 c:/intelfpga_lite/18.1/nios2eds/bin/gnu/h-x86_64-mingw32/bin/../lib/gcc/nios2-elf/5.3.0/../../../../../H-x86_64-mingw32/nios2-elf/lib/mno-hw-mul\libc.a(lib_a-fflush.o)
 .data          0x0000000000016920        0x0 c:/intelfpga_lite/18.1/nios2eds/bin/gnu/h-x86_64-mingw32/bin/../lib/gcc/nios2-elf/5.3.0/../../../../../H-x86_64-mingw32/nios2-elf/lib/mno-hw-mul\libc.a(lib_a-findfp.o)
 .data          0x0000000000016920        0x0 c:/intelfpga_lite/18.1/nios2eds/bin/gnu/h-x86_64-mingw32/bin/../lib/gcc/nios2-elf/5.3.0/../../../../../H-x86_64-mingw32/nios2-elf/lib/mno-hw-mul\libc.a(lib_a-freer.o)
 .data          0x0000000000016920        0x0 c:/intelfpga_lite/18.1/nios2eds/bin/gnu/h-x86_64-mingw32/bin/../lib/gcc/nios2-elf/5.3.0/../../../../../H-x86_64-mingw32/nios2-elf/lib/mno-hw-mul\libc.a(lib_a-fwalk.o)
 .data          0x0000000000016920        0x0 c:/intelfpga_lite/18.1/nios2eds/bin/gnu/h-x86_64-mingw32/bin/../lib/gcc/nios2-elf/5.3.0/../../../../../H-x86_64-mingw32/nios2-elf/lib/mno-hw-mul\libc.a(lib_a-makebuf.o)
 .data          0x0000000000016920        0x0 c:/intelfpga_lite/18.1/nios2eds/bin/gnu/h-x86_64-mingw32/bin/../lib/gcc/nios2-elf/5.3.0/../../../../../H-x86_64-mingw32/nios2-elf/lib/mno-hw-mul\libc.a(lib_a-mallocr.o)
 .data.__malloc_av_
                0x0000000000016920      0x408 c:/intelfpga_lite/18.1/nios2eds/bin/gnu/h-x86_64-mingw32/bin/../lib/gcc/nios2-elf/5.3.0/../../../../../H-x86_64-mingw32/nios2-elf/lib/mno-hw-mul\libc.a(lib_a-mallocr.o)
                0x0000000000016920                __malloc_av_
 .data          0x0000000000016d28        0x0 c:/intelfpga_lite/18.1/nios2eds/bin/gnu/h-x86_64-mingw32/bin/../lib/gcc/nios2-elf/5.3.0/../../../../../H-x86_64-mingw32/nios2-elf/lib/mno-hw-mul\libc.a(lib_a-memset.o)
 .data          0x0000000000016d28        0x0 c:/intelfpga_lite/18.1/nios2eds/bin/gnu/h-x86_64-mingw32/bin/../lib/gcc/nios2-elf/5.3.0/../../../../../H-x86_64-mingw32/nios2-elf/lib/mno-hw-mul\libc.a(lib_a-sbrkr.o)
 .data          0x0000000000016d28        0x0 c:/intelfpga_lite/18.1/nios2eds/bin/gnu/h-x86_64-mingw32/bin/../lib/gcc/nios2-elf/5.3.0/../../../../../H-x86_64-mingw32/nios2-elf/lib/mno-hw-mul\libc.a(lib_a-stdio.o)
 .data          0x0000000000016d28        0x0 c:/intelfpga_lite/18.1/nios2eds/bin/gnu/h-x86_64-mingw32/bin/../lib/gcc/nios2-elf/5.3.0/../../../../../H-x86_64-mingw32/nios2-elf/lib/mno-hw-mul\libc.a(lib_a-writer.o)
 .data          0x0000000000016d28        0x0 c:/intelfpga_lite/18.1/nios2eds/bin/gnu/h-x86_64-mingw32/bin/../lib/gcc/nios2-elf/5.3.0/../../../../../H-x86_64-mingw32/nios2-elf/lib/mno-hw-mul\libc.a(closer.o)
 .data          0x0000000000016d28        0x0 c:/intelfpga_lite/18.1/nios2eds/bin/gnu/h-x86_64-mingw32/bin/../lib/gcc/nios2-elf/5.3.0/../../../../../H-x86_64-mingw32/nios2-elf/lib/mno-hw-mul\libc.a(lib_a-fclose.o)
 .data          0x0000000000016d28        0x0 c:/intelfpga_lite/18.1/nios2eds/bin/gnu/h-x86_64-mingw32/bin/../lib/gcc/nios2-elf/5.3.0/../../../../../H-x86_64-mingw32/nios2-elf/lib/mno-hw-mul\libc.a(lib_a-fstatr.o)
 .data          0x0000000000016d28        0x0 c:/intelfpga_lite/18.1/nios2eds/bin/gnu/h-x86_64-mingw32/bin/../lib/gcc/nios2-elf/5.3.0/../../../../../H-x86_64-mingw32/nios2-elf/lib/mno-hw-mul\libc.a(lib_a-isattyr.o)
 .data          0x0000000000016d28        0x0 c:/intelfpga_lite/18.1/nios2eds/bin/gnu/h-x86_64-mingw32/bin/../lib/gcc/nios2-elf/5.3.0/../../../../../H-x86_64-mingw32/nios2-elf/lib/mno-hw-mul\libc.a(lib_a-lseekr.o)
 .data          0x0000000000016d28        0x0 c:/intelfpga_lite/18.1/nios2eds/bin/gnu/h-x86_64-mingw32/bin/../lib/gcc/nios2-elf/5.3.0/../../../../../H-x86_64-mingw32/nios2-elf/lib/mno-hw-mul\libc.a(lib_a-readr.o)
 .data          0x0000000000016d28        0x0 c:/intelfpga_lite/18.1/nios2eds/bin/gnu/h-x86_64-mingw32/bin/../lib/gcc/nios2-elf/5.3.0/mno-hw-mul\libgcc.a(lib2-mul.o)
 .data          0x0000000000016d28        0x0 ../BSP\libhal_bsp.a(alt_exit.o)
 .data          0x0000000000016d28        0x0 ../BSP\libhal_bsp.a(alt_fstat.o)
 .data          0x0000000000016d28        0x0 ../BSP\libhal_bsp.a(alt_isatty.o)
 .data          0x0000000000016d28        0x0 ../BSP\libhal_bsp.a(alt_lseek.o)
 .data          0x0000000000016d28        0x0 ../BSP\libhal_bsp.a(alt_malloc_lock.o)
 .data          0x0000000000016d28        0x0 ../BSP\libhal_bsp.a(alt_read.o)
 .data          0x0000000000016d28        0x0 ../BSP\libhal_bsp.a(alt_sbrk.o)
 .data          0x0000000000016d28        0x0 ../BSP\libhal_bsp.a(alt_write.o)
                0x000000000001ed28                _gp = ABSOLUTE ((. + 0x8000))
                [!provide]                        PROVIDE (gp, _gp)
 *(.rwdata .rwdata.*)
 *(.sdata .sdata.* .gnu.linkonce.s.*)
 .sdata         0x0000000000016d28        0x4 ../BSP\libhal_bsp.a(alt_irq_vars.o)
                0x0000000000016d28                alt_priority_mask
 .sdata         0x0000000000016d2c       0x14 ../BSP\libhal_bsp.a(alt_dev.o)
                0x0000000000016d2c                alt_fs_list
                0x0000000000016d34                alt_dev_list
                0x0000000000016d3c                alt_max_fd
 .sdata         0x0000000000016d40        0x4 ../BSP\libhal_bsp.a(alt_errno.o)
                0x0000000000016d40                alt_errno
 .sdata         0x0000000000016d44        0x8 ../BSP\libhal_bsp.a(alt_tick.o)
                0x0000000000016d44                alt_alarm_list
 .sdata._global_impure_ptr
                0x0000000000016d4c        0x4 c:/intelfpga_lite/18.1/nios2eds/bin/gnu/h-x86_64-mingw32/bin/../lib/gcc/nios2-elf/5.3.0/../../../../../H-x86_64-mingw32/nios2-elf/lib/mno-hw-mul\libc.a(lib_a-impure.o)
                0x0000000000016d4c                _global_impure_ptr
 .sdata._impure_ptr
                0x0000000000016d50        0x4 c:/intelfpga_lite/18.1/nios2eds/bin/gnu/h-x86_64-mingw32/bin/../lib/gcc/nios2-elf/5.3.0/../../../../../H-x86_64-mingw32/nios2-elf/lib/mno-hw-mul\libc.a(lib_a-impure.o)
                0x0000000000016d50                _impure_ptr
 .sdata.__malloc_sbrk_base
                0x0000000000016d54        0x4 c:/intelfpga_lite/18.1/nios2eds/bin/gnu/h-x86_64-mingw32/bin/../lib/gcc/nios2-elf/5.3.0/../../../../../H-x86_64-mingw32/nios2-elf/lib/mno-hw-mul\libc.a(lib_a-mallocr.o)
                0x0000000000016d54                __malloc_sbrk_base
 .sdata.__malloc_trim_threshold
                0x0000000000016d58        0x4 c:/intelfpga_lite/18.1/nios2eds/bin/gnu/h-x86_64-mingw32/bin/../lib/gcc/nios2-elf/5.3.0/../../../../../H-x86_64-mingw32/nios2-elf/lib/mno-hw-mul\libc.a(lib_a-mallocr.o)
                0x0000000000016d58                __malloc_trim_threshold
 .sdata         0x0000000000016d5c        0x4 ../BSP\libhal_bsp.a(alt_sbrk.o)
 *(.sdata2 .sdata2.* .gnu.linkonce.s2.*)
                0x0000000000016d60                . = ALIGN (0x4)
                0x0000000000016d60                _edata = ABSOLUTE (.)
                [!provide]                        PROVIDE (edata, ABSOLUTE (.))
                0x0000000000016d60                PROVIDE (__ram_rwdata_end, ABSOLUTE (.))
                0x0000000000016d60                PROVIDE (__flash_rwdata_start, LOADADDR (.rwdata))

.bss            0x00000000000187cc      0x158
                0x00000000000187cc                __bss_start = ABSOLUTE (.)
                [!provide]                        PROVIDE (__sbss_start, ABSOLUTE (.))
                [!provide]                        PROVIDE (___sbss_start, ABSOLUTE (.))
 *(.dynsbss)
 *(.sbss .sbss.* .gnu.linkonce.sb.*)
 .sbss          0x00000000000187cc        0x4 obj/default/compteur_timer.o
                0x00000000000187cc                dizaine
                0x00000000000187cd                centaine
                0x00000000000187ce                val
                0x00000000000187cf                unite
 .sbss          0x00000000000187d0        0x4 ../BSP\libhal_bsp.a(alt_irq_vars.o)
                0x00000000000187d0                alt_irq_active
 .sbss          0x00000000000187d4        0xc ../BSP\libhal_bsp.a(alt_main.o)
                0x00000000000187d4                alt_argc
                0x00000000000187d8                alt_argv
                0x00000000000187dc                alt_envp
 .sbss          0x00000000000187e0        0x8 ../BSP\libhal_bsp.a(alt_tick.o)
                0x00000000000187e0                _alt_tick_rate
                0x00000000000187e4                _alt_nticks
 .sbss          0x00000000000187e8        0x4 ../BSP\libhal_bsp.a(alt_instruction_exception_entry.o)
                0x00000000000187e8                alt_instruction_exception_handler
 .sbss          0x00000000000187ec        0x4 c:/intelfpga_lite/18.1/nios2eds/bin/gnu/h-x86_64-mingw32/bin/../lib/gcc/nios2-elf/5.3.0/../../../../../H-x86_64-mingw32/nios2-elf/lib/mno-hw-mul\libc.a(lib_a-int_errno.o)
                0x00000000000187ec                errno
 .sbss.__malloc_max_total_mem
                0x00000000000187f0        0x4 c:/intelfpga_lite/18.1/nios2eds/bin/gnu/h-x86_64-mingw32/bin/../lib/gcc/nios2-elf/5.3.0/../../../../../H-x86_64-mingw32/nios2-elf/lib/mno-hw-mul\libc.a(lib_a-mallocr.o)
                0x00000000000187f0                __malloc_max_total_mem
 .sbss.__malloc_max_sbrked_mem
                0x00000000000187f4        0x4 c:/intelfpga_lite/18.1/nios2eds/bin/gnu/h-x86_64-mingw32/bin/../lib/gcc/nios2-elf/5.3.0/../../../../../H-x86_64-mingw32/nios2-elf/lib/mno-hw-mul\libc.a(lib_a-mallocr.o)
                0x00000000000187f4                __malloc_max_sbrked_mem
 .sbss.__malloc_top_pad
                0x00000000000187f8        0x4 c:/intelfpga_lite/18.1/nios2eds/bin/gnu/h-x86_64-mingw32/bin/../lib/gcc/nios2-elf/5.3.0/../../../../../H-x86_64-mingw32/nios2-elf/lib/mno-hw-mul\libc.a(lib_a-mallocr.o)
                0x00000000000187f8                __malloc_top_pad
 *(.sbss2 .sbss2.* .gnu.linkonce.sb2.*)
 *(.scommon)
                [!provide]                        PROVIDE (__sbss_end, ABSOLUTE (.))
                [!provide]                        PROVIDE (___sbss_end, ABSOLUTE (.))
 *(.dynbss)
 *(.bss .bss.* .gnu.linkonce.b.*)
 .bss           0x00000000000187fc        0x0 ../BSP/obj/HAL/src/crt0.o
 .bss           0x00000000000187fc        0x0 obj/default/compteur_timer.o
 .bss           0x00000000000187fc        0x0 c:/intelfpga_lite/18.1/nios2eds/bin/gnu/h-x86_64-mingw32/bin/../lib/gcc/nios2-elf/5.3.0/mno-hw-mul\libgcc.a(lib2-divmod.o)
 .bss           0x00000000000187fc        0x0 ../BSP\libhal_bsp.a(alt_irq_register.o)
 .bss           0x00000000000187fc        0x0 ../BSP\libhal_bsp.a(alt_irq_vars.o)
 .bss           0x00000000000187fc        0x0 ../BSP\libhal_bsp.a(alt_load.o)
 .bss           0x00000000000187fc        0x0 ../BSP\libhal_bsp.a(alt_main.o)
 .bss           0x00000000000187fc        0x0 ../BSP\libhal_bsp.a(alt_printf.o)
 .bss           0x00000000000187fc        0x0 ../BSP\libhal_bsp.a(alt_putchar.o)
 .bss           0x00000000000187fc        0x0 ../BSP\libhal_bsp.a(alt_sys_init.o)
 .bss           0x00000000000187fc        0x0 ../BSP\libhal_bsp.a(altera_avalon_jtag_uart_fd.o)
 .bss           0x00000000000187fc        0x0 ../BSP\libhal_bsp.a(altera_avalon_jtag_uart_init.o)
 .bss           0x00000000000187fc        0x0 ../BSP\libhal_bsp.a(altera_avalon_jtag_uart_ioctl.o)
 .bss           0x00000000000187fc        0x0 ../BSP\libhal_bsp.a(altera_avalon_jtag_uart_read.o)
 .bss           0x00000000000187fc        0x0 ../BSP\libhal_bsp.a(altera_avalon_jtag_uart_write.o)
 .bss           0x00000000000187fc        0x0 ../BSP\libhal_bsp.a(altera_avalon_timer_sc.o)
 .bss           0x00000000000187fc        0x0 ../BSP\libhal_bsp.a(alt_alarm_start.o)
 .bss           0x00000000000187fc        0x0 ../BSP\libhal_bsp.a(alt_close.o)
 .bss           0x00000000000187fc        0x0 ../BSP\libhal_bsp.a(alt_dcache_flush_all.o)
 .bss           0x00000000000187fc        0x0 ../BSP\libhal_bsp.a(alt_dev.o)
 .bss           0x00000000000187fc        0x0 ../BSP\libhal_bsp.a(alt_dev_llist_insert.o)
 .bss           0x00000000000187fc        0x0 ../BSP\libhal_bsp.a(alt_do_ctors.o)
 .bss           0x00000000000187fc        0x0 ../BSP\libhal_bsp.a(alt_do_dtors.o)
 .bss           0x00000000000187fc        0x0 ../BSP\libhal_bsp.a(alt_errno.o)
 .bss           0x00000000000187fc        0x0 ../BSP\libhal_bsp.a(alt_icache_flush_all.o)
 .bss           0x00000000000187fc        0x0 ../BSP\libhal_bsp.a(alt_iic.o)
 .bss           0x00000000000187fc        0x0 ../BSP\libhal_bsp.a(alt_iic_isr_register.o)
 .bss           0x00000000000187fc        0x0 ../BSP\libhal_bsp.a(alt_io_redirect.o)
 .bss           0x00000000000187fc        0x0 ../BSP\libhal_bsp.a(alt_irq_entry.o)
 .bss           0x00000000000187fc        0x0 ../BSP\libhal_bsp.a(alt_irq_handler.o)
 .bss           0x00000000000187fc        0x0 ../BSP\libhal_bsp.a(alt_open.o)
 .bss           0x00000000000187fc        0x0 ../BSP\libhal_bsp.a(alt_release_fd.o)
 .bss           0x00000000000187fc        0x0 ../BSP\libhal_bsp.a(alt_tick.o)
 .bss           0x00000000000187fc        0x0 ../BSP\libhal_bsp.a(altera_nios2_gen2_irq.o)
 .bss           0x00000000000187fc        0x0 ../BSP\libhal_bsp.a(alt_exception_entry.o)
 .bss           0x00000000000187fc        0x0 ../BSP\libhal_bsp.a(alt_find_dev.o)
 .bss           0x00000000000187fc        0x0 ../BSP\libhal_bsp.a(alt_find_file.o)
 .bss           0x00000000000187fc        0x0 ../BSP\libhal_bsp.a(alt_get_fd.o)
 .bss           0x00000000000187fc        0x0 ../BSP\libhal_bsp.a(alt_instruction_exception_entry.o)
 .bss           0x00000000000187fc        0x0 c:/intelfpga_lite/18.1/nios2eds/bin/gnu/h-x86_64-mingw32/bin/../lib/gcc/nios2-elf/5.3.0/../../../../../H-x86_64-mingw32/nios2-elf/lib/mno-hw-mul\libc.a(lib_a-atexit.o)
 .bss           0x00000000000187fc        0x0 c:/intelfpga_lite/18.1/nios2eds/bin/gnu/h-x86_64-mingw32/bin/../lib/gcc/nios2-elf/5.3.0/../../../../../H-x86_64-mingw32/nios2-elf/lib/mno-hw-mul\libc.a(lib_a-exit.o)
 .bss           0x00000000000187fc        0x0 c:/intelfpga_lite/18.1/nios2eds/bin/gnu/h-x86_64-mingw32/bin/../lib/gcc/nios2-elf/5.3.0/../../../../../H-x86_64-mingw32/nios2-elf/lib/mno-hw-mul\libc.a(lib_a-impure.o)
 .bss           0x00000000000187fc        0x0 c:/intelfpga_lite/18.1/nios2eds/bin/gnu/h-x86_64-mingw32/bin/../lib/gcc/nios2-elf/5.3.0/../../../../../H-x86_64-mingw32/nios2-elf/lib/mno-hw-mul\libc.a(lib_a-int_errno.o)
 .bss           0x00000000000187fc        0x0 c:/intelfpga_lite/18.1/nios2eds/bin/gnu/h-x86_64-mingw32/bin/../lib/gcc/nios2-elf/5.3.0/../../../../../H-x86_64-mingw32/nios2-elf/lib/mno-hw-mul\libc.a(lib_a-memcmp.o)
 .bss           0x00000000000187fc        0x0 c:/intelfpga_lite/18.1/nios2eds/bin/gnu/h-x86_64-mingw32/bin/../lib/gcc/nios2-elf/5.3.0/../../../../../H-x86_64-mingw32/nios2-elf/lib/mno-hw-mul\libc.a(lib_a-memcpy.o)
 .bss           0x00000000000187fc        0x0 c:/intelfpga_lite/18.1/nios2eds/bin/gnu/h-x86_64-mingw32/bin/../lib/gcc/nios2-elf/5.3.0/../../../../../H-x86_64-mingw32/nios2-elf/lib/mno-hw-mul\libc.a(lib_a-putc.o)
 .bss           0x00000000000187fc        0x0 c:/intelfpga_lite/18.1/nios2eds/bin/gnu/h-x86_64-mingw32/bin/../lib/gcc/nios2-elf/5.3.0/../../../../../H-x86_64-mingw32/nios2-elf/lib/mno-hw-mul\libc.a(lib_a-strlen.o)
 .bss           0x00000000000187fc        0x0 c:/intelfpga_lite/18.1/nios2eds/bin/gnu/h-x86_64-mingw32/bin/../lib/gcc/nios2-elf/5.3.0/../../../../../H-x86_64-mingw32/nios2-elf/lib/mno-hw-mul\libc.a(lib_a-wbuf.o)
 .bss           0x00000000000187fc        0x0 c:/intelfpga_lite/18.1/nios2eds/bin/gnu/h-x86_64-mingw32/bin/../lib/gcc/nios2-elf/5.3.0/../../../../../H-x86_64-mingw32/nios2-elf/lib/mno-hw-mul\libc.a(lib_a-wsetup.o)
 .bss           0x00000000000187fc        0x0 c:/intelfpga_lite/18.1/nios2eds/bin/gnu/h-x86_64-mingw32/bin/../lib/gcc/nios2-elf/5.3.0/../../../../../H-x86_64-mingw32/nios2-elf/lib/mno-hw-mul\libc.a(lib_a-__atexit.o)
 .bss           0x00000000000187fc        0x0 c:/intelfpga_lite/18.1/nios2eds/bin/gnu/h-x86_64-mingw32/bin/../lib/gcc/nios2-elf/5.3.0/../../../../../H-x86_64-mingw32/nios2-elf/lib/mno-hw-mul\libc.a(lib_a-__call_atexit.o)
 .bss           0x00000000000187fc        0x0 c:/intelfpga_lite/18.1/nios2eds/bin/gnu/h-x86_64-mingw32/bin/../lib/gcc/nios2-elf/5.3.0/../../../../../H-x86_64-mingw32/nios2-elf/lib/mno-hw-mul\libc.a(lib_a-fflush.o)
 .bss           0x00000000000187fc        0x0 c:/intelfpga_lite/18.1/nios2eds/bin/gnu/h-x86_64-mingw32/bin/../lib/gcc/nios2-elf/5.3.0/../../../../../H-x86_64-mingw32/nios2-elf/lib/mno-hw-mul\libc.a(lib_a-findfp.o)
 .bss           0x00000000000187fc        0x0 c:/intelfpga_lite/18.1/nios2eds/bin/gnu/h-x86_64-mingw32/bin/../lib/gcc/nios2-elf/5.3.0/../../../../../H-x86_64-mingw32/nios2-elf/lib/mno-hw-mul\libc.a(lib_a-freer.o)
 .bss           0x00000000000187fc        0x0 c:/intelfpga_lite/18.1/nios2eds/bin/gnu/h-x86_64-mingw32/bin/../lib/gcc/nios2-elf/5.3.0/../../../../../H-x86_64-mingw32/nios2-elf/lib/mno-hw-mul\libc.a(lib_a-fwalk.o)
 .bss           0x00000000000187fc        0x0 c:/intelfpga_lite/18.1/nios2eds/bin/gnu/h-x86_64-mingw32/bin/../lib/gcc/nios2-elf/5.3.0/../../../../../H-x86_64-mingw32/nios2-elf/lib/mno-hw-mul\libc.a(lib_a-makebuf.o)
 .bss           0x00000000000187fc        0x0 c:/intelfpga_lite/18.1/nios2eds/bin/gnu/h-x86_64-mingw32/bin/../lib/gcc/nios2-elf/5.3.0/../../../../../H-x86_64-mingw32/nios2-elf/lib/mno-hw-mul\libc.a(lib_a-mallocr.o)
 .bss.__malloc_current_mallinfo
                0x00000000000187fc       0x28 c:/intelfpga_lite/18.1/nios2eds/bin/gnu/h-x86_64-mingw32/bin/../lib/gcc/nios2-elf/5.3.0/../../../../../H-x86_64-mingw32/nios2-elf/lib/mno-hw-mul\libc.a(lib_a-mallocr.o)
                0x00000000000187fc                __malloc_current_mallinfo
 .bss           0x0000000000018824        0x0 c:/intelfpga_lite/18.1/nios2eds/bin/gnu/h-x86_64-mingw32/bin/../lib/gcc/nios2-elf/5.3.0/../../../../../H-x86_64-mingw32/nios2-elf/lib/mno-hw-mul\libc.a(lib_a-memset.o)
 .bss           0x0000000000018824        0x0 c:/intelfpga_lite/18.1/nios2eds/bin/gnu/h-x86_64-mingw32/bin/../lib/gcc/nios2-elf/5.3.0/../../../../../H-x86_64-mingw32/nios2-elf/lib/mno-hw-mul\libc.a(lib_a-sbrkr.o)
 .bss           0x0000000000018824        0x0 c:/intelfpga_lite/18.1/nios2eds/bin/gnu/h-x86_64-mingw32/bin/../lib/gcc/nios2-elf/5.3.0/../../../../../H-x86_64-mingw32/nios2-elf/lib/mno-hw-mul\libc.a(lib_a-stdio.o)
 .bss           0x0000000000018824        0x0 c:/intelfpga_lite/18.1/nios2eds/bin/gnu/h-x86_64-mingw32/bin/../lib/gcc/nios2-elf/5.3.0/../../../../../H-x86_64-mingw32/nios2-elf/lib/mno-hw-mul\libc.a(lib_a-writer.o)
 .bss           0x0000000000018824        0x0 c:/intelfpga_lite/18.1/nios2eds/bin/gnu/h-x86_64-mingw32/bin/../lib/gcc/nios2-elf/5.3.0/../../../../../H-x86_64-mingw32/nios2-elf/lib/mno-hw-mul\libc.a(closer.o)
 .bss           0x0000000000018824        0x0 c:/intelfpga_lite/18.1/nios2eds/bin/gnu/h-x86_64-mingw32/bin/../lib/gcc/nios2-elf/5.3.0/../../../../../H-x86_64-mingw32/nios2-elf/lib/mno-hw-mul\libc.a(lib_a-fclose.o)
 .bss           0x0000000000018824        0x0 c:/intelfpga_lite/18.1/nios2eds/bin/gnu/h-x86_64-mingw32/bin/../lib/gcc/nios2-elf/5.3.0/../../../../../H-x86_64-mingw32/nios2-elf/lib/mno-hw-mul\libc.a(lib_a-fstatr.o)
 .bss           0x0000000000018824        0x0 c:/intelfpga_lite/18.1/nios2eds/bin/gnu/h-x86_64-mingw32/bin/../lib/gcc/nios2-elf/5.3.0/../../../../../H-x86_64-mingw32/nios2-elf/lib/mno-hw-mul\libc.a(lib_a-isattyr.o)
 .bss           0x0000000000018824        0x0 c:/intelfpga_lite/18.1/nios2eds/bin/gnu/h-x86_64-mingw32/bin/../lib/gcc/nios2-elf/5.3.0/../../../../../H-x86_64-mingw32/nios2-elf/lib/mno-hw-mul\libc.a(lib_a-lseekr.o)
 .bss           0x0000000000018824        0x0 c:/intelfpga_lite/18.1/nios2eds/bin/gnu/h-x86_64-mingw32/bin/../lib/gcc/nios2-elf/5.3.0/../../../../../H-x86_64-mingw32/nios2-elf/lib/mno-hw-mul\libc.a(lib_a-readr.o)
 .bss           0x0000000000018824        0x0 c:/intelfpga_lite/18.1/nios2eds/bin/gnu/h-x86_64-mingw32/bin/../lib/gcc/nios2-elf/5.3.0/mno-hw-mul\libgcc.a(lib2-mul.o)
 .bss           0x0000000000018824        0x0 ../BSP\libhal_bsp.a(alt_exit.o)
 .bss           0x0000000000018824        0x0 ../BSP\libhal_bsp.a(alt_fstat.o)
 .bss           0x0000000000018824        0x0 ../BSP\libhal_bsp.a(alt_isatty.o)
 .bss           0x0000000000018824        0x0 ../BSP\libhal_bsp.a(alt_lseek.o)
 .bss           0x0000000000018824        0x0 ../BSP\libhal_bsp.a(alt_malloc_lock.o)
 .bss           0x0000000000018824        0x0 ../BSP\libhal_bsp.a(alt_read.o)
 .bss           0x0000000000018824        0x0 ../BSP\libhal_bsp.a(alt_sbrk.o)
 .bss           0x0000000000018824        0x0 ../BSP\libhal_bsp.a(alt_write.o)
 *(COMMON)
 COMMON         0x0000000000018824      0x100 ../BSP\libhal_bsp.a(alt_irq_handler.o)
                0x0000000000018824                alt_irq
                0x0000000000018924                . = ALIGN (0x4)
                0x0000000000018924                __bss_end = ABSOLUTE (.)

.onchip_memory2_0
                0x0000000000018924        0x0
                [!provide]                        PROVIDE (_alt_partition_onchip_memory2_0_start, ABSOLUTE (.))
 *(.onchip_memory2_0 .onchip_memory2_0. onchip_memory2_0.*)
                0x0000000000018924                . = ALIGN (0x4)
                [!provide]                        PROVIDE (_alt_partition_onchip_memory2_0_end, ABSOLUTE (.))
                0x0000000000018924                _end = ABSOLUTE (.)
                0x0000000000018924                end = ABSOLUTE (.)
                0x0000000000018924                __alt_stack_base = ABSOLUTE (.)
                [!provide]                        PROVIDE (_alt_partition_onchip_memory2_0_load_addr, LOADADDR (.onchip_memory2_0))

.stab
 *(.stab)

.stabstr
 *(.stabstr)

.stab.excl
 *(.stab.excl)

.stab.exclstr
 *(.stab.exclstr)

.stab.index
 *(.stab.index)

.stab.indexstr
 *(.stab.indexstr)

.comment        0x0000000000000000       0x23
 *(.comment)
 .comment       0x0000000000000000       0x23 obj/default/compteur_timer.o
                                         0x24 (size before relaxing)
 .comment       0x0000000000000023       0x24 c:/intelfpga_lite/18.1/nios2eds/bin/gnu/h-x86_64-mingw32/bin/../lib/gcc/nios2-elf/5.3.0/mno-hw-mul\libgcc.a(lib2-divmod.o)
 .comment       0x0000000000000023       0x24 ../BSP\libhal_bsp.a(alt_irq_register.o)
 .comment       0x0000000000000023       0x24 ../BSP\libhal_bsp.a(alt_irq_vars.o)
 .comment       0x0000000000000023       0x24 ../BSP\libhal_bsp.a(alt_load.o)
 .comment       0x0000000000000023       0x24 ../BSP\libhal_bsp.a(alt_main.o)
 .comment       0x0000000000000023       0x24 ../BSP\libhal_bsp.a(alt_printf.o)
 .comment       0x0000000000000023       0x24 ../BSP\libhal_bsp.a(alt_putchar.o)
 .comment       0x0000000000000023       0x24 ../BSP\libhal_bsp.a(alt_sys_init.o)
 .comment       0x0000000000000023       0x24 ../BSP\libhal_bsp.a(altera_avalon_jtag_uart_fd.o)
 .comment       0x0000000000000023       0x24 ../BSP\libhal_bsp.a(altera_avalon_jtag_uart_init.o)
 .comment       0x0000000000000023       0x24 ../BSP\libhal_bsp.a(altera_avalon_jtag_uart_ioctl.o)
 .comment       0x0000000000000023       0x24 ../BSP\libhal_bsp.a(altera_avalon_jtag_uart_read.o)
 .comment       0x0000000000000023       0x24 ../BSP\libhal_bsp.a(altera_avalon_jtag_uart_write.o)
 .comment       0x0000000000000023       0x24 ../BSP\libhal_bsp.a(altera_avalon_timer_sc.o)
 .comment       0x0000000000000023       0x24 ../BSP\libhal_bsp.a(alt_alarm_start.o)
 .comment       0x0000000000000023       0x24 ../BSP\libhal_bsp.a(alt_close.o)
 .comment       0x0000000000000023       0x24 ../BSP\libhal_bsp.a(alt_dcache_flush_all.o)
 .comment       0x0000000000000023       0x24 ../BSP\libhal_bsp.a(alt_dev.o)
 .comment       0x0000000000000023       0x24 ../BSP\libhal_bsp.a(alt_dev_llist_insert.o)
 .comment       0x0000000000000023       0x24 ../BSP\libhal_bsp.a(alt_do_ctors.o)
 .comment       0x0000000000000023       0x24 ../BSP\libhal_bsp.a(alt_do_dtors.o)
 .comment       0x0000000000000023       0x24 ../BSP\libhal_bsp.a(alt_errno.o)
 .comment       0x0000000000000023       0x24 ../BSP\libhal_bsp.a(alt_icache_flush_all.o)
 .comment       0x0000000000000023       0x24 ../BSP\libhal_bsp.a(alt_iic.o)
 .comment       0x0000000000000023       0x24 ../BSP\libhal_bsp.a(alt_iic_isr_register.o)
 .comment       0x0000000000000023       0x24 ../BSP\libhal_bsp.a(alt_io_redirect.o)
 .comment       0x0000000000000023       0x24 ../BSP\libhal_bsp.a(alt_irq_handler.o)
 .comment       0x0000000000000023       0x24 ../BSP\libhal_bsp.a(alt_open.o)
 .comment       0x0000000000000023       0x24 ../BSP\libhal_bsp.a(alt_release_fd.o)
 .comment       0x0000000000000023       0x24 ../BSP\libhal_bsp.a(alt_tick.o)
 .comment       0x0000000000000023       0x24 ../BSP\libhal_bsp.a(altera_nios2_gen2_irq.o)
 .comment       0x0000000000000023       0x24 ../BSP\libhal_bsp.a(alt_find_dev.o)
 .comment       0x0000000000000023       0x24 ../BSP\libhal_bsp.a(alt_find_file.o)
 .comment       0x0000000000000023       0x24 ../BSP\libhal_bsp.a(alt_get_fd.o)
 .comment       0x0000000000000023       0x24 ../BSP\libhal_bsp.a(alt_instruction_exception_entry.o)
 .comment       0x0000000000000023       0x24 c:/intelfpga_lite/18.1/nios2eds/bin/gnu/h-x86_64-mingw32/bin/../lib/gcc/nios2-elf/5.3.0/../../../../../H-x86_64-mingw32/nios2-elf/lib/mno-hw-mul\libc.a(lib_a-atexit.o)
 .comment       0x0000000000000023       0x24 c:/intelfpga_lite/18.1/nios2eds/bin/gnu/h-x86_64-mingw32/bin/../lib/gcc/nios2-elf/5.3.0/../../../../../H-x86_64-mingw32/nios2-elf/lib/mno-hw-mul\libc.a(lib_a-exit.o)
 .comment       0x0000000000000023       0x24 c:/intelfpga_lite/18.1/nios2eds/bin/gnu/h-x86_64-mingw32/bin/../lib/gcc/nios2-elf/5.3.0/../../../../../H-x86_64-mingw32/nios2-elf/lib/mno-hw-mul\libc.a(lib_a-impure.o)
 .comment       0x0000000000000023       0x24 c:/intelfpga_lite/18.1/nios2eds/bin/gnu/h-x86_64-mingw32/bin/../lib/gcc/nios2-elf/5.3.0/../../../../../H-x86_64-mingw32/nios2-elf/lib/mno-hw-mul\libc.a(lib_a-int_errno.o)
 .comment       0x0000000000000023       0x24 c:/intelfpga_lite/18.1/nios2eds/bin/gnu/h-x86_64-mingw32/bin/../lib/gcc/nios2-elf/5.3.0/../../../../../H-x86_64-mingw32/nios2-elf/lib/mno-hw-mul\libc.a(lib_a-memcmp.o)
 .comment       0x0000000000000023       0x24 c:/intelfpga_lite/18.1/nios2eds/bin/gnu/h-x86_64-mingw32/bin/../lib/gcc/nios2-elf/5.3.0/../../../../../H-x86_64-mingw32/nios2-elf/lib/mno-hw-mul\libc.a(lib_a-memcpy.o)
 .comment       0x0000000000000023       0x24 c:/intelfpga_lite/18.1/nios2eds/bin/gnu/h-x86_64-mingw32/bin/../lib/gcc/nios2-elf/5.3.0/../../../../../H-x86_64-mingw32/nios2-elf/lib/mno-hw-mul\libc.a(lib_a-putc.o)
 .comment       0x0000000000000023       0x24 c:/intelfpga_lite/18.1/nios2eds/bin/gnu/h-x86_64-mingw32/bin/../lib/gcc/nios2-elf/5.3.0/../../../../../H-x86_64-mingw32/nios2-elf/lib/mno-hw-mul\libc.a(lib_a-strlen.o)
 .comment       0x0000000000000023       0x24 c:/intelfpga_lite/18.1/nios2eds/bin/gnu/h-x86_64-mingw32/bin/../lib/gcc/nios2-elf/5.3.0/../../../../../H-x86_64-mingw32/nios2-elf/lib/mno-hw-mul\libc.a(lib_a-wbuf.o)
 .comment       0x0000000000000023       0x24 c:/intelfpga_lite/18.1/nios2eds/bin/gnu/h-x86_64-mingw32/bin/../lib/gcc/nios2-elf/5.3.0/../../../../../H-x86_64-mingw32/nios2-elf/lib/mno-hw-mul\libc.a(lib_a-wsetup.o)
 .comment       0x0000000000000023       0x24 c:/intelfpga_lite/18.1/nios2eds/bin/gnu/h-x86_64-mingw32/bin/../lib/gcc/nios2-elf/5.3.0/../../../../../H-x86_64-mingw32/nios2-elf/lib/mno-hw-mul\libc.a(lib_a-__atexit.o)
 .comment       0x0000000000000023       0x24 c:/intelfpga_lite/18.1/nios2eds/bin/gnu/h-x86_64-mingw32/bin/../lib/gcc/nios2-elf/5.3.0/../../../../../H-x86_64-mingw32/nios2-elf/lib/mno-hw-mul\libc.a(lib_a-__call_atexit.o)
 .comment       0x0000000000000023       0x24 c:/intelfpga_lite/18.1/nios2eds/bin/gnu/h-x86_64-mingw32/bin/../lib/gcc/nios2-elf/5.3.0/../../../../../H-x86_64-mingw32/nios2-elf/lib/mno-hw-mul\libc.a(lib_a-fflush.o)
 .comment       0x0000000000000023       0x24 c:/intelfpga_lite/18.1/nios2eds/bin/gnu/h-x86_64-mingw32/bin/../lib/gcc/nios2-elf/5.3.0/../../../../../H-x86_64-mingw32/nios2-elf/lib/mno-hw-mul\libc.a(lib_a-findfp.o)
 .comment       0x0000000000000023       0x24 c:/intelfpga_lite/18.1/nios2eds/bin/gnu/h-x86_64-mingw32/bin/../lib/gcc/nios2-elf/5.3.0/../../../../../H-x86_64-mingw32/nios2-elf/lib/mno-hw-mul\libc.a(lib_a-freer.o)
 .comment       0x0000000000000023       0x24 c:/intelfpga_lite/18.1/nios2eds/bin/gnu/h-x86_64-mingw32/bin/../lib/gcc/nios2-elf/5.3.0/../../../../../H-x86_64-mingw32/nios2-elf/lib/mno-hw-mul\libc.a(lib_a-fwalk.o)
 .comment       0x0000000000000023       0x24 c:/intelfpga_lite/18.1/nios2eds/bin/gnu/h-x86_64-mingw32/bin/../lib/gcc/nios2-elf/5.3.0/../../../../../H-x86_64-mingw32/nios2-elf/lib/mno-hw-mul\libc.a(lib_a-makebuf.o)
 .comment       0x0000000000000023       0x24 c:/intelfpga_lite/18.1/nios2eds/bin/gnu/h-x86_64-mingw32/bin/../lib/gcc/nios2-elf/5.3.0/../../../../../H-x86_64-mingw32/nios2-elf/lib/mno-hw-mul\libc.a(lib_a-mallocr.o)
 .comment       0x0000000000000023       0x24 c:/intelfpga_lite/18.1/nios2eds/bin/gnu/h-x86_64-mingw32/bin/../lib/gcc/nios2-elf/5.3.0/../../../../../H-x86_64-mingw32/nios2-elf/lib/mno-hw-mul\libc.a(lib_a-memset.o)
 .comment       0x0000000000000023       0x24 c:/intelfpga_lite/18.1/nios2eds/bin/gnu/h-x86_64-mingw32/bin/../lib/gcc/nios2-elf/5.3.0/../../../../../H-x86_64-mingw32/nios2-elf/lib/mno-hw-mul\libc.a(lib_a-sbrkr.o)
 .comment       0x0000000000000023       0x24 c:/intelfpga_lite/18.1/nios2eds/bin/gnu/h-x86_64-mingw32/bin/../lib/gcc/nios2-elf/5.3.0/../../../../../H-x86_64-mingw32/nios2-elf/lib/mno-hw-mul\libc.a(lib_a-stdio.o)
 .comment       0x0000000000000023       0x24 c:/intelfpga_lite/18.1/nios2eds/bin/gnu/h-x86_64-mingw32/bin/../lib/gcc/nios2-elf/5.3.0/../../../../../H-x86_64-mingw32/nios2-elf/lib/mno-hw-mul\libc.a(lib_a-writer.o)
 .comment       0x0000000000000023       0x24 c:/intelfpga_lite/18.1/nios2eds/bin/gnu/h-x86_64-mingw32/bin/../lib/gcc/nios2-elf/5.3.0/../../../../../H-x86_64-mingw32/nios2-elf/lib/mno-hw-mul\libc.a(closer.o)
 .comment       0x0000000000000023       0x24 c:/intelfpga_lite/18.1/nios2eds/bin/gnu/h-x86_64-mingw32/bin/../lib/gcc/nios2-elf/5.3.0/../../../../../H-x86_64-mingw32/nios2-elf/lib/mno-hw-mul\libc.a(lib_a-fclose.o)
 .comment       0x0000000000000023       0x24 c:/intelfpga_lite/18.1/nios2eds/bin/gnu/h-x86_64-mingw32/bin/../lib/gcc/nios2-elf/5.3.0/../../../../../H-x86_64-mingw32/nios2-elf/lib/mno-hw-mul\libc.a(lib_a-fstatr.o)
 .comment       0x0000000000000023       0x24 c:/intelfpga_lite/18.1/nios2eds/bin/gnu/h-x86_64-mingw32/bin/../lib/gcc/nios2-elf/5.3.0/../../../../../H-x86_64-mingw32/nios2-elf/lib/mno-hw-mul\libc.a(lib_a-isattyr.o)
 .comment       0x0000000000000023       0x24 c:/intelfpga_lite/18.1/nios2eds/bin/gnu/h-x86_64-mingw32/bin/../lib/gcc/nios2-elf/5.3.0/../../../../../H-x86_64-mingw32/nios2-elf/lib/mno-hw-mul\libc.a(lib_a-lseekr.o)
 .comment       0x0000000000000023       0x24 c:/intelfpga_lite/18.1/nios2eds/bin/gnu/h-x86_64-mingw32/bin/../lib/gcc/nios2-elf/5.3.0/../../../../../H-x86_64-mingw32/nios2-elf/lib/mno-hw-mul\libc.a(lib_a-readr.o)
 .comment       0x0000000000000023       0x24 c:/intelfpga_lite/18.1/nios2eds/bin/gnu/h-x86_64-mingw32/bin/../lib/gcc/nios2-elf/5.3.0/mno-hw-mul\libgcc.a(lib2-mul.o)
 .comment       0x0000000000000023       0x24 ../BSP\libhal_bsp.a(alt_exit.o)
 .comment       0x0000000000000023       0x24 ../BSP\libhal_bsp.a(alt_fstat.o)
 .comment       0x0000000000000023       0x24 ../BSP\libhal_bsp.a(alt_isatty.o)
 .comment       0x0000000000000023       0x24 ../BSP\libhal_bsp.a(alt_lseek.o)
 .comment       0x0000000000000023       0x24 ../BSP\libhal_bsp.a(alt_malloc_lock.o)
 .comment       0x0000000000000023       0x24 ../BSP\libhal_bsp.a(alt_read.o)
 .comment       0x0000000000000023       0x24 ../BSP\libhal_bsp.a(alt_sbrk.o)
 .comment       0x0000000000000023       0x24 ../BSP\libhal_bsp.a(alt_write.o)

.debug
 *(.debug)

.line
 *(.line)

.debug_srcinfo
 *(.debug_srcinfo)

.debug_sfnames
 *(.debug_sfnames)

.debug_aranges  0x0000000000000000      0xa38
 *(.debug_aranges)
 .debug_aranges
                0x0000000000000000       0x28 ../BSP/obj/HAL/src/crt0.o
 .debug_aranges
                0x0000000000000028       0x20 obj/default/compteur_timer.o
 .debug_aranges
                0x0000000000000048       0x20 c:/intelfpga_lite/18.1/nios2eds/bin/gnu/h-x86_64-mingw32/bin/../lib/gcc/nios2-elf/5.3.0/mno-hw-mul\libgcc.a(lib2-divmod.o)
 .debug_aranges
                0x0000000000000068       0x20 ../BSP\libhal_bsp.a(alt_irq_register.o)
 .debug_aranges
                0x0000000000000088       0x18 ../BSP\libhal_bsp.a(alt_irq_vars.o)
 .debug_aranges
                0x00000000000000a0       0x20 ../BSP\libhal_bsp.a(alt_load.o)
 .debug_aranges
                0x00000000000000c0       0x20 ../BSP\libhal_bsp.a(alt_main.o)
 .debug_aranges
                0x00000000000000e0       0x20 ../BSP\libhal_bsp.a(alt_printf.o)
 .debug_aranges
                0x0000000000000100       0x20 ../BSP\libhal_bsp.a(alt_putchar.o)
 .debug_aranges
                0x0000000000000120       0x20 ../BSP\libhal_bsp.a(alt_sys_init.o)
 .debug_aranges
                0x0000000000000140       0x20 ../BSP\libhal_bsp.a(altera_avalon_jtag_uart_fd.o)
 .debug_aranges
                0x0000000000000160       0x20 ../BSP\libhal_bsp.a(altera_avalon_jtag_uart_init.o)
 .debug_aranges
                0x0000000000000180       0x20 ../BSP\libhal_bsp.a(altera_avalon_jtag_uart_ioctl.o)
 .debug_aranges
                0x00000000000001a0       0x20 ../BSP\libhal_bsp.a(altera_avalon_jtag_uart_read.o)
 .debug_aranges
                0x00000000000001c0       0x20 ../BSP\libhal_bsp.a(altera_avalon_jtag_uart_write.o)
 .debug_aranges
                0x00000000000001e0       0x20 ../BSP\libhal_bsp.a(altera_avalon_timer_sc.o)
 .debug_aranges
                0x0000000000000200       0x20 ../BSP\libhal_bsp.a(alt_alarm_start.o)
 .debug_aranges
                0x0000000000000220       0x20 ../BSP\libhal_bsp.a(alt_close.o)
 .debug_aranges
                0x0000000000000240       0x20 ../BSP\libhal_bsp.a(alt_dcache_flush_all.o)
 .debug_aranges
                0x0000000000000260       0x20 ../BSP\libhal_bsp.a(alt_dev.o)
 .debug_aranges
                0x0000000000000280       0x20 ../BSP\libhal_bsp.a(alt_dev_llist_insert.o)
 .debug_aranges
                0x00000000000002a0       0x20 ../BSP\libhal_bsp.a(alt_do_ctors.o)
 .debug_aranges
                0x00000000000002c0       0x20 ../BSP\libhal_bsp.a(alt_do_dtors.o)
 .debug_aranges
                0x00000000000002e0       0x18 ../BSP\libhal_bsp.a(alt_errno.o)
 .debug_aranges
                0x00000000000002f8       0x20 ../BSP\libhal_bsp.a(alt_icache_flush_all.o)
 .debug_aranges
                0x0000000000000318       0x20 ../BSP\libhal_bsp.a(alt_iic.o)
 .debug_aranges
                0x0000000000000338       0x20 ../BSP\libhal_bsp.a(alt_iic_isr_register.o)
 .debug_aranges
                0x0000000000000358       0x20 ../BSP\libhal_bsp.a(alt_io_redirect.o)
 .debug_aranges
                0x0000000000000378       0x30 ../BSP\libhal_bsp.a(alt_irq_entry.o)
 .debug_aranges
                0x00000000000003a8       0x20 ../BSP\libhal_bsp.a(alt_irq_handler.o)
 .debug_aranges
                0x00000000000003c8       0x20 ../BSP\libhal_bsp.a(alt_open.o)
 .debug_aranges
                0x00000000000003e8       0x20 ../BSP\libhal_bsp.a(alt_release_fd.o)
 .debug_aranges
                0x0000000000000408       0x20 ../BSP\libhal_bsp.a(alt_tick.o)
 .debug_aranges
                0x0000000000000428       0x20 ../BSP\libhal_bsp.a(altera_nios2_gen2_irq.o)
 .debug_aranges
                0x0000000000000448       0x38 ../BSP\libhal_bsp.a(alt_exception_entry.o)
 .debug_aranges
                0x0000000000000480       0x20 ../BSP\libhal_bsp.a(alt_find_dev.o)
 .debug_aranges
                0x00000000000004a0       0x20 ../BSP\libhal_bsp.a(alt_find_file.o)
 .debug_aranges
                0x00000000000004c0       0x20 ../BSP\libhal_bsp.a(alt_get_fd.o)
 .debug_aranges
                0x00000000000004e0       0x28 ../BSP\libhal_bsp.a(alt_instruction_exception_entry.o)
 .debug_aranges
                0x0000000000000508       0x20 c:/intelfpga_lite/18.1/nios2eds/bin/gnu/h-x86_64-mingw32/bin/../lib/gcc/nios2-elf/5.3.0/../../../../../H-x86_64-mingw32/nios2-elf/lib/mno-hw-mul\libc.a(lib_a-atexit.o)
 .debug_aranges
                0x0000000000000528       0x20 c:/intelfpga_lite/18.1/nios2eds/bin/gnu/h-x86_64-mingw32/bin/../lib/gcc/nios2-elf/5.3.0/../../../../../H-x86_64-mingw32/nios2-elf/lib/mno-hw-mul\libc.a(lib_a-exit.o)
 .debug_aranges
                0x0000000000000548       0x18 c:/intelfpga_lite/18.1/nios2eds/bin/gnu/h-x86_64-mingw32/bin/../lib/gcc/nios2-elf/5.3.0/../../../../../H-x86_64-mingw32/nios2-elf/lib/mno-hw-mul\libc.a(lib_a-impure.o)
 .debug_aranges
                0x0000000000000560       0x18 c:/intelfpga_lite/18.1/nios2eds/bin/gnu/h-x86_64-mingw32/bin/../lib/gcc/nios2-elf/5.3.0/../../../../../H-x86_64-mingw32/nios2-elf/lib/mno-hw-mul\libc.a(lib_a-int_errno.o)
 .debug_aranges
                0x0000000000000578       0x20 c:/intelfpga_lite/18.1/nios2eds/bin/gnu/h-x86_64-mingw32/bin/../lib/gcc/nios2-elf/5.3.0/../../../../../H-x86_64-mingw32/nios2-elf/lib/mno-hw-mul\libc.a(lib_a-memcmp.o)
 .debug_aranges
                0x0000000000000598       0x20 c:/intelfpga_lite/18.1/nios2eds/bin/gnu/h-x86_64-mingw32/bin/../lib/gcc/nios2-elf/5.3.0/../../../../../H-x86_64-mingw32/nios2-elf/lib/mno-hw-mul\libc.a(lib_a-memcpy.o)
 .debug_aranges
                0x00000000000005b8       0x28 c:/intelfpga_lite/18.1/nios2eds/bin/gnu/h-x86_64-mingw32/bin/../lib/gcc/nios2-elf/5.3.0/../../../../../H-x86_64-mingw32/nios2-elf/lib/mno-hw-mul\libc.a(lib_a-putc.o)
 .debug_aranges
                0x00000000000005e0       0x20 c:/intelfpga_lite/18.1/nios2eds/bin/gnu/h-x86_64-mingw32/bin/../lib/gcc/nios2-elf/5.3.0/../../../../../H-x86_64-mingw32/nios2-elf/lib/mno-hw-mul\libc.a(lib_a-strlen.o)
 .debug_aranges
                0x0000000000000600       0x28 c:/intelfpga_lite/18.1/nios2eds/bin/gnu/h-x86_64-mingw32/bin/../lib/gcc/nios2-elf/5.3.0/../../../../../H-x86_64-mingw32/nios2-elf/lib/mno-hw-mul\libc.a(lib_a-wbuf.o)
 .debug_aranges
                0x0000000000000628       0x20 c:/intelfpga_lite/18.1/nios2eds/bin/gnu/h-x86_64-mingw32/bin/../lib/gcc/nios2-elf/5.3.0/../../../../../H-x86_64-mingw32/nios2-elf/lib/mno-hw-mul\libc.a(lib_a-wsetup.o)
 .debug_aranges
                0x0000000000000648       0x20 c:/intelfpga_lite/18.1/nios2eds/bin/gnu/h-x86_64-mingw32/bin/../lib/gcc/nios2-elf/5.3.0/../../../../../H-x86_64-mingw32/nios2-elf/lib/mno-hw-mul\libc.a(lib_a-__atexit.o)
 .debug_aranges
                0x0000000000000668       0x20 c:/intelfpga_lite/18.1/nios2eds/bin/gnu/h-x86_64-mingw32/bin/../lib/gcc/nios2-elf/5.3.0/../../../../../H-x86_64-mingw32/nios2-elf/lib/mno-hw-mul\libc.a(lib_a-__call_atexit.o)
 .debug_aranges
                0x0000000000000688       0x30 c:/intelfpga_lite/18.1/nios2eds/bin/gnu/h-x86_64-mingw32/bin/../lib/gcc/nios2-elf/5.3.0/../../../../../H-x86_64-mingw32/nios2-elf/lib/mno-hw-mul\libc.a(lib_a-fflush.o)
 .debug_aranges
                0x00000000000006b8       0x68 c:/intelfpga_lite/18.1/nios2eds/bin/gnu/h-x86_64-mingw32/bin/../lib/gcc/nios2-elf/5.3.0/../../../../../H-x86_64-mingw32/nios2-elf/lib/mno-hw-mul\libc.a(lib_a-findfp.o)
 .debug_aranges
                0x0000000000000720       0x28 c:/intelfpga_lite/18.1/nios2eds/bin/gnu/h-x86_64-mingw32/bin/../lib/gcc/nios2-elf/5.3.0/../../../../../H-x86_64-mingw32/nios2-elf/lib/mno-hw-mul\libc.a(lib_a-freer.o)
 .debug_aranges
                0x0000000000000748       0x28 c:/intelfpga_lite/18.1/nios2eds/bin/gnu/h-x86_64-mingw32/bin/../lib/gcc/nios2-elf/5.3.0/../../../../../H-x86_64-mingw32/nios2-elf/lib/mno-hw-mul\libc.a(lib_a-fwalk.o)
 .debug_aranges
                0x0000000000000770       0x20 c:/intelfpga_lite/18.1/nios2eds/bin/gnu/h-x86_64-mingw32/bin/../lib/gcc/nios2-elf/5.3.0/../../../../../H-x86_64-mingw32/nios2-elf/lib/mno-hw-mul\libc.a(lib_a-makebuf.o)
 .debug_aranges
                0x0000000000000790       0x20 c:/intelfpga_lite/18.1/nios2eds/bin/gnu/h-x86_64-mingw32/bin/../lib/gcc/nios2-elf/5.3.0/../../../../../H-x86_64-mingw32/nios2-elf/lib/mno-hw-mul\libc.a(lib_a-mallocr.o)
 .debug_aranges
                0x00000000000007b0       0x20 c:/intelfpga_lite/18.1/nios2eds/bin/gnu/h-x86_64-mingw32/bin/../lib/gcc/nios2-elf/5.3.0/../../../../../H-x86_64-mingw32/nios2-elf/lib/mno-hw-mul\libc.a(lib_a-memset.o)
 .debug_aranges
                0x00000000000007d0       0x20 c:/intelfpga_lite/18.1/nios2eds/bin/gnu/h-x86_64-mingw32/bin/../lib/gcc/nios2-elf/5.3.0/../../../../../H-x86_64-mingw32/nios2-elf/lib/mno-hw-mul\libc.a(lib_a-sbrkr.o)
 .debug_aranges
                0x00000000000007f0       0x40 c:/intelfpga_lite/18.1/nios2eds/bin/gnu/h-x86_64-mingw32/bin/../lib/gcc/nios2-elf/5.3.0/../../../../../H-x86_64-mingw32/nios2-elf/lib/mno-hw-mul\libc.a(lib_a-stdio.o)
 .debug_aranges
                0x0000000000000830       0x20 c:/intelfpga_lite/18.1/nios2eds/bin/gnu/h-x86_64-mingw32/bin/../lib/gcc/nios2-elf/5.3.0/../../../../../H-x86_64-mingw32/nios2-elf/lib/mno-hw-mul\libc.a(lib_a-writer.o)
 .debug_aranges
                0x0000000000000850       0x20 c:/intelfpga_lite/18.1/nios2eds/bin/gnu/h-x86_64-mingw32/bin/../lib/gcc/nios2-elf/5.3.0/../../../../../H-x86_64-mingw32/nios2-elf/lib/mno-hw-mul\libc.a(closer.o)
 .debug_aranges
                0x0000000000000870       0x28 c:/intelfpga_lite/18.1/nios2eds/bin/gnu/h-x86_64-mingw32/bin/../lib/gcc/nios2-elf/5.3.0/../../../../../H-x86_64-mingw32/nios2-elf/lib/mno-hw-mul\libc.a(lib_a-fclose.o)
 .debug_aranges
                0x0000000000000898       0x20 c:/intelfpga_lite/18.1/nios2eds/bin/gnu/h-x86_64-mingw32/bin/../lib/gcc/nios2-elf/5.3.0/../../../../../H-x86_64-mingw32/nios2-elf/lib/mno-hw-mul\libc.a(lib_a-fstatr.o)
 .debug_aranges
                0x00000000000008b8       0x20 c:/intelfpga_lite/18.1/nios2eds/bin/gnu/h-x86_64-mingw32/bin/../lib/gcc/nios2-elf/5.3.0/../../../../../H-x86_64-mingw32/nios2-elf/lib/mno-hw-mul\libc.a(lib_a-isattyr.o)
 .debug_aranges
                0x00000000000008d8       0x20 c:/intelfpga_lite/18.1/nios2eds/bin/gnu/h-x86_64-mingw32/bin/../lib/gcc/nios2-elf/5.3.0/../../../../../H-x86_64-mingw32/nios2-elf/lib/mno-hw-mul\libc.a(lib_a-lseekr.o)
 .debug_aranges
                0x00000000000008f8       0x20 c:/intelfpga_lite/18.1/nios2eds/bin/gnu/h-x86_64-mingw32/bin/../lib/gcc/nios2-elf/5.3.0/../../../../../H-x86_64-mingw32/nios2-elf/lib/mno-hw-mul\libc.a(lib_a-readr.o)
 .debug_aranges
                0x0000000000000918       0x20 c:/intelfpga_lite/18.1/nios2eds/bin/gnu/h-x86_64-mingw32/bin/../lib/gcc/nios2-elf/5.3.0/mno-hw-mul\libgcc.a(lib2-mul.o)
 .debug_aranges
                0x0000000000000938       0x20 ../BSP\libhal_bsp.a(alt_exit.o)
 .debug_aranges
                0x0000000000000958       0x20 ../BSP\libhal_bsp.a(alt_fstat.o)
 .debug_aranges
                0x0000000000000978       0x20 ../BSP\libhal_bsp.a(alt_isatty.o)
 .debug_aranges
                0x0000000000000998       0x20 ../BSP\libhal_bsp.a(alt_lseek.o)
 .debug_aranges
                0x00000000000009b8       0x20 ../BSP\libhal_bsp.a(alt_malloc_lock.o)
 .debug_aranges
                0x00000000000009d8       0x20 ../BSP\libhal_bsp.a(alt_read.o)
 .debug_aranges
                0x00000000000009f8       0x20 ../BSP\libhal_bsp.a(alt_sbrk.o)
 .debug_aranges
                0x0000000000000a18       0x20 ../BSP\libhal_bsp.a(alt_write.o)

.debug_pubnames
 *(.debug_pubnames)

.debug_info     0x0000000000000000    0x160e6
 *(.debug_info .gnu.linkonce.wi.*)
 .debug_info    0x0000000000000000       0x62 ../BSP/obj/HAL/src/crt0.o
 .debug_info    0x0000000000000062      0x186 obj/default/compteur_timer.o
 .debug_info    0x00000000000001e8      0x2c6 c:/intelfpga_lite/18.1/nios2eds/bin/gnu/h-x86_64-mingw32/bin/../lib/gcc/nios2-elf/5.3.0/mno-hw-mul\libgcc.a(lib2-divmod.o)
 .debug_info    0x00000000000004ae      0x324 ../BSP\libhal_bsp.a(alt_irq_register.o)
 .debug_info    0x00000000000007d2       0x88 ../BSP\libhal_bsp.a(alt_irq_vars.o)
 .debug_info    0x000000000000085a      0x145 ../BSP\libhal_bsp.a(alt_load.o)
 .debug_info    0x000000000000099f      0x131 ../BSP\libhal_bsp.a(alt_main.o)
 .debug_info    0x0000000000000ad0      0x119 ../BSP\libhal_bsp.a(alt_printf.o)
 .debug_info    0x0000000000000be9      0x8a6 ../BSP\libhal_bsp.a(alt_putchar.o)
 .debug_info    0x000000000000148f      0x4d9 ../BSP\libhal_bsp.a(alt_sys_init.o)
 .debug_info    0x0000000000001968      0x52e ../BSP\libhal_bsp.a(altera_avalon_jtag_uart_fd.o)
 .debug_info    0x0000000000001e96      0x3a0 ../BSP\libhal_bsp.a(altera_avalon_jtag_uart_init.o)
 .debug_info    0x0000000000002236      0x280 ../BSP\libhal_bsp.a(altera_avalon_jtag_uart_ioctl.o)
 .debug_info    0x00000000000024b6      0x345 ../BSP\libhal_bsp.a(altera_avalon_jtag_uart_read.o)
 .debug_info    0x00000000000027fb      0x340 ../BSP\libhal_bsp.a(altera_avalon_jtag_uart_write.o)
 .debug_info    0x0000000000002b3b      0x226 ../BSP\libhal_bsp.a(altera_avalon_timer_sc.o)
 .debug_info    0x0000000000002d61      0x2cc ../BSP\libhal_bsp.a(alt_alarm_start.o)
 .debug_info    0x000000000000302d      0x321 ../BSP\libhal_bsp.a(alt_close.o)
 .debug_info    0x000000000000334e       0x92 ../BSP\libhal_bsp.a(alt_dcache_flush_all.o)
 .debug_info    0x00000000000033e0      0x49c ../BSP\libhal_bsp.a(alt_dev.o)
 .debug_info    0x000000000000387c      0x1a9 ../BSP\libhal_bsp.a(alt_dev_llist_insert.o)
 .debug_info    0x0000000000003a25       0x83 ../BSP\libhal_bsp.a(alt_do_ctors.o)
 .debug_info    0x0000000000003aa8       0x83 ../BSP\libhal_bsp.a(alt_do_dtors.o)
 .debug_info    0x0000000000003b2b       0xa6 ../BSP\libhal_bsp.a(alt_errno.o)
 .debug_info    0x0000000000003bd1       0x92 ../BSP\libhal_bsp.a(alt_icache_flush_all.o)
 .debug_info    0x0000000000003c63      0x350 ../BSP\libhal_bsp.a(alt_iic.o)
 .debug_info    0x0000000000003fb3      0x1ef ../BSP\libhal_bsp.a(alt_iic_isr_register.o)
 .debug_info    0x00000000000041a2      0x4a5 ../BSP\libhal_bsp.a(alt_io_redirect.o)
 .debug_info    0x0000000000004647       0x6b ../BSP\libhal_bsp.a(alt_irq_entry.o)
 .debug_info    0x00000000000046b2      0x187 ../BSP\libhal_bsp.a(alt_irq_handler.o)
 .debug_info    0x0000000000004839      0x3bb ../BSP\libhal_bsp.a(alt_open.o)
 .debug_info    0x0000000000004bf4      0x2b0 ../BSP\libhal_bsp.a(alt_release_fd.o)
 .debug_info    0x0000000000004ea4      0x299 ../BSP\libhal_bsp.a(alt_tick.o)
 .debug_info    0x000000000000513d       0x92 ../BSP\libhal_bsp.a(altera_nios2_gen2_irq.o)
 .debug_info    0x00000000000051cf       0x71 ../BSP\libhal_bsp.a(alt_exception_entry.o)
 .debug_info    0x0000000000005240      0x2e9 ../BSP\libhal_bsp.a(alt_find_dev.o)
 .debug_info    0x0000000000005529      0x2e6 ../BSP\libhal_bsp.a(alt_find_file.o)
 .debug_info    0x000000000000580f      0x310 ../BSP\libhal_bsp.a(alt_get_fd.o)
 .debug_info    0x0000000000005b1f      0x1e7 ../BSP\libhal_bsp.a(alt_instruction_exception_entry.o)
 .debug_info    0x0000000000005d06       0xfe c:/intelfpga_lite/18.1/nios2eds/bin/gnu/h-x86_64-mingw32/bin/../lib/gcc/nios2-elf/5.3.0/../../../../../H-x86_64-mingw32/nios2-elf/lib/mno-hw-mul\libc.a(lib_a-atexit.o)
 .debug_info    0x0000000000005e04      0x8e4 c:/intelfpga_lite/18.1/nios2eds/bin/gnu/h-x86_64-mingw32/bin/../lib/gcc/nios2-elf/5.3.0/../../../../../H-x86_64-mingw32/nios2-elf/lib/mno-hw-mul\libc.a(lib_a-exit.o)
 .debug_info    0x00000000000066e8      0x8a1 c:/intelfpga_lite/18.1/nios2eds/bin/gnu/h-x86_64-mingw32/bin/../lib/gcc/nios2-elf/5.3.0/../../../../../H-x86_64-mingw32/nios2-elf/lib/mno-hw-mul\libc.a(lib_a-impure.o)
 .debug_info    0x0000000000006f89       0x8a c:/intelfpga_lite/18.1/nios2eds/bin/gnu/h-x86_64-mingw32/bin/../lib/gcc/nios2-elf/5.3.0/../../../../../H-x86_64-mingw32/nios2-elf/lib/mno-hw-mul\libc.a(lib_a-int_errno.o)
 .debug_info    0x0000000000007013      0x11a c:/intelfpga_lite/18.1/nios2eds/bin/gnu/h-x86_64-mingw32/bin/../lib/gcc/nios2-elf/5.3.0/../../../../../H-x86_64-mingw32/nios2-elf/lib/mno-hw-mul\libc.a(lib_a-memcmp.o)
 .debug_info    0x000000000000712d      0x144 c:/intelfpga_lite/18.1/nios2eds/bin/gnu/h-x86_64-mingw32/bin/../lib/gcc/nios2-elf/5.3.0/../../../../../H-x86_64-mingw32/nios2-elf/lib/mno-hw-mul\libc.a(lib_a-memcpy.o)
 .debug_info    0x0000000000007271      0x9b4 c:/intelfpga_lite/18.1/nios2eds/bin/gnu/h-x86_64-mingw32/bin/../lib/gcc/nios2-elf/5.3.0/../../../../../H-x86_64-mingw32/nios2-elf/lib/mno-hw-mul\libc.a(lib_a-putc.o)
 .debug_info    0x0000000000007c25       0xe2 c:/intelfpga_lite/18.1/nios2eds/bin/gnu/h-x86_64-mingw32/bin/../lib/gcc/nios2-elf/5.3.0/../../../../../H-x86_64-mingw32/nios2-elf/lib/mno-hw-mul\libc.a(lib_a-strlen.o)
 .debug_info    0x0000000000007d07      0x9be c:/intelfpga_lite/18.1/nios2eds/bin/gnu/h-x86_64-mingw32/bin/../lib/gcc/nios2-elf/5.3.0/../../../../../H-x86_64-mingw32/nios2-elf/lib/mno-hw-mul\libc.a(lib_a-wbuf.o)
 .debug_info    0x00000000000086c5      0x936 c:/intelfpga_lite/18.1/nios2eds/bin/gnu/h-x86_64-mingw32/bin/../lib/gcc/nios2-elf/5.3.0/../../../../../H-x86_64-mingw32/nios2-elf/lib/mno-hw-mul\libc.a(lib_a-wsetup.o)
 .debug_info    0x0000000000008ffb      0x934 c:/intelfpga_lite/18.1/nios2eds/bin/gnu/h-x86_64-mingw32/bin/../lib/gcc/nios2-elf/5.3.0/../../../../../H-x86_64-mingw32/nios2-elf/lib/mno-hw-mul\libc.a(lib_a-__atexit.o)
 .debug_info    0x000000000000992f      0x965 c:/intelfpga_lite/18.1/nios2eds/bin/gnu/h-x86_64-mingw32/bin/../lib/gcc/nios2-elf/5.3.0/../../../../../H-x86_64-mingw32/nios2-elf/lib/mno-hw-mul\libc.a(lib_a-__call_atexit.o)
 .debug_info    0x000000000000a294      0xa93 c:/intelfpga_lite/18.1/nios2eds/bin/gnu/h-x86_64-mingw32/bin/../lib/gcc/nios2-elf/5.3.0/../../../../../H-x86_64-mingw32/nios2-elf/lib/mno-hw-mul\libc.a(lib_a-fflush.o)
 .debug_info    0x000000000000ad27      0xd36 c:/intelfpga_lite/18.1/nios2eds/bin/gnu/h-x86_64-mingw32/bin/../lib/gcc/nios2-elf/5.3.0/../../../../../H-x86_64-mingw32/nios2-elf/lib/mno-hw-mul\libc.a(lib_a-findfp.o)
 .debug_info    0x000000000000ba5d      0xbf7 c:/intelfpga_lite/18.1/nios2eds/bin/gnu/h-x86_64-mingw32/bin/../lib/gcc/nios2-elf/5.3.0/../../../../../H-x86_64-mingw32/nios2-elf/lib/mno-hw-mul\libc.a(lib_a-freer.o)
 .debug_info    0x000000000000c654      0x9b0 c:/intelfpga_lite/18.1/nios2eds/bin/gnu/h-x86_64-mingw32/bin/../lib/gcc/nios2-elf/5.3.0/../../../../../H-x86_64-mingw32/nios2-elf/lib/mno-hw-mul\libc.a(lib_a-fwalk.o)
 .debug_info    0x000000000000d004      0xad8 c:/intelfpga_lite/18.1/nios2eds/bin/gnu/h-x86_64-mingw32/bin/../lib/gcc/nios2-elf/5.3.0/../../../../../H-x86_64-mingw32/nios2-elf/lib/mno-hw-mul\libc.a(lib_a-makebuf.o)
 .debug_info    0x000000000000dadc      0xd57 c:/intelfpga_lite/18.1/nios2eds/bin/gnu/h-x86_64-mingw32/bin/../lib/gcc/nios2-elf/5.3.0/../../../../../H-x86_64-mingw32/nios2-elf/lib/mno-hw-mul\libc.a(lib_a-mallocr.o)
 .debug_info    0x000000000000e833      0x121 c:/intelfpga_lite/18.1/nios2eds/bin/gnu/h-x86_64-mingw32/bin/../lib/gcc/nios2-elf/5.3.0/../../../../../H-x86_64-mingw32/nios2-elf/lib/mno-hw-mul\libc.a(lib_a-memset.o)
 .debug_info    0x000000000000e954      0x900 c:/intelfpga_lite/18.1/nios2eds/bin/gnu/h-x86_64-mingw32/bin/../lib/gcc/nios2-elf/5.3.0/../../../../../H-x86_64-mingw32/nios2-elf/lib/mno-hw-mul\libc.a(lib_a-sbrkr.o)
 .debug_info    0x000000000000f254      0xb32 c:/intelfpga_lite/18.1/nios2eds/bin/gnu/h-x86_64-mingw32/bin/../lib/gcc/nios2-elf/5.3.0/../../../../../H-x86_64-mingw32/nios2-elf/lib/mno-hw-mul\libc.a(lib_a-stdio.o)